******************************************************************************
                  TI ARM Linker PC v5.2.6                      
******************************************************************************
>> Linked Tue Nov 03 00:59:19 2015

OUTPUT FILE NAME:   <tcpEchoCC3100_EK_TM4C1294XL_TI_TivaTM4C1294NCPDT.out>
ENTRY POINT SYMBOL: "_c_int00"  address: 00005899


MEMORY CONFIGURATION

         name            origin    length      used     unused   attr    fill
----------------------  --------  ---------  --------  --------  ----  --------
  FLASH                 00000000   00100000  00008c0d  000f73f3  R  X
  SRAM                  20000000   00040000  00003630  0003c9d0  RW X


SEGMENT ALLOCATION MAP

run origin  load origin   length   init length attrs members
----------  ----------- ---------- ----------- ----- -------
00000000    00000000    00008c18   00008c18    r-x
  00000000    00000000    0000003c   0000003c    r-- .resetVecs
  00000040    00000040    00007eca   00007eca    r-x .text
  00007f0c    00007f0c    0000099f   0000099f    r-- .const
  000088b0    000088b0    00000368   00000368    r-- .cinit
20000000    20000000    00000360   00000000    rw-
  20000000    20000000    00000360   00000000    rw- .vecs
20000400    20000400    000032d0   00000000    rw-
  20000400    20000400    00002a48   00000000    rw- .bss
  20002e48    20002e48    00000488   00000000    rw- .data
  200032d0    200032d0    00000400   00000000    rw- .stack


SECTION ALLOCATION MAP

 output                                  attributes/
section   page    origin      length       input sections
--------  ----  ----------  ----------   ----------------
.resetVecs 
*          0    00000000    0000003c     
                  00000000    0000003c     tcpEchoCC3100_pem4f.oem4f (.resetVecs)

.text      0    00000040    00007eca     
                  00000040    00000430     sysbios.aem4f : BIOS.obj (.text:ti_sysbios_family_arm_m3_Hwi_excDumpRegs__I)
                  00000470    000003f4     wifi_cc3100_tivaware.aem4f : driver.oem4f (.text:_SlDrvMsgRead)
                  00000864    00000370                                : driver.oem4f (.text:_SlAsyncEventGenericHandler)
                  00000bd4    0000034c     ti.targets.arm.rtsarm.aem4f : System.oem4f (.text:xdc_runtime_System_doPrint__I)
                  00000f20    000002d4     rtsv7M4_T_le_v4SPD16_eabi.lib : trgdrv.obj (.text)
                  000011f4    00000204     Boot.aem4f : Boot_sysctl.oem4f (.text:ti_catalog_arm_cortexm4_tiva_ce_Boot_sysCtlClockFreqSetI__I)
                  000013f8    000001fc     sysbios.aem4f : BIOS.obj (.text:ti_sysbios_family_arm_m3_Hwi_excHandlerMax__I)
                  000015f4    0000017f     tcpEchoCC3100.obj (.text:echoFxn)
                  00001773    00000001     --HOLE-- [fill = 0]
                  00001774    00000174     wifi_cc3100_tivaware.aem4f : driver.oem4f (.text:_SlDrvDataReadOp)
                  000018e8    00000174     sysbios.aem4f : BIOS.obj (.text:ti_sysbios_family_arm_m3_Hwi_excBusFault__I)
                  00001a5c    00000004     driverlib.lib : ssi.obj (.text:SSIIntClear)
                  00001a60    00000164     sysbios.aem4f : BIOS.obj (.text:ti_sysbios_family_arm_m3_Hwi_excUsageFault__I)
                  00001bc4    00000004     wifi_cc3100_tivaware.aem4f : osi_tirtos.oem4f (.text:mem_Malloc)
                  00001bc8    00000158     sysbios.aem4f : BIOS.obj (.text:ti_sysbios_knl_Semaphore_pend__E)
                  00001d20    00000148     drivers_tivaware.aem4f : GPIOTiva.oem4f (.text:GPIO_setConfig)
                  00001e68    00000148     sysbios.aem4f : BIOS.obj (.text:ti_sysbios_family_arm_m3_Hwi_excMemFault__I)
                  00001fb0    00000140     wifi_cc3100_tivaware.aem4f : driver.oem4f (.text:_SlDrvRxHdrRead)
                  000020f0    0000013c                                : driver.oem4f (.text:_SlDrvDataWriteOp)
                  0000222c    00000130     driverlib.lib : gpio.obj (.text:GPIOPadConfigSet)
                  0000235c    00000120     wifi_cc3100_tivaware.aem4f : driver.oem4f (.text:_SlDrvMsgWrite)
                  0000247c    00000120                                : driver.oem4f (.text:_SlDrvWaitForPoolObj)
                  0000259c    00000120                                : socket.oem4f (.text:sl_Accept)
                  000026bc    00000118     ti.targets.arm.rtsarm.aem4f : Error.oem4f (.text:xdc_runtime_Error_policyDefault__E)
                  000027d4    00000004     tcpEchoCC3100_pem4f.oem4f (.text:ti_sysbios_BIOS_RtsGateProxy_enter__E)
                  000027d8    00000108     sysbios.aem4f : BIOS.obj (.text:ti_sysbios_family_arm_lm4_Timer_start__E)
                  000028e0    00000100     ti.targets.arm.rtsarm.aem4f : Core-mem.oem4f (.text:xdc_runtime_Core_createObject__I)
                  000029e0    000000f8                                 : Startup.oem4f (.text:xdc_runtime_Startup_startMods__I)
                  00002ad8    000000f8     tcpEchoCC3100_pem4f.oem4f (.text:xdc_runtime_System_printfExtend__I)
                  00002bd0    000000f4     sysbios.aem4f : m3_Hwi_asm.obj (.text:ti_sysbios_family_arm_m3_Hwi_dispatch__I)
                  00002cc4    000000ec     wifi_cc3100_tivaware.aem4f : driver.oem4f (.text:_SlDrvReleasePoolObj)
                  00002db0    000000e0     drivers_tivaware.aem4f : SPITivaDMA.oem4f (.text:SPITivaDMA_open)
                  00002e90    000000d4     wifi_cc3100_tivaware.aem4f : WiFiCC3100.oem4f (.text:WiFiCC3100_open)
                  00002f64    00000004     tcpEchoCC3100_pem4f.oem4f (.text:ti_sysbios_BIOS_RtsGateProxy_leave__E)
                  00002f68    000000d4     sysbios.aem4f : BIOS.obj (.text:ti_sysbios_knl_Mailbox_Instance_init__E)
                  0000303c    000000d0     sockets.obj (.text:socketsStartUp)
                  0000310c    000000cc     wifi_cc3100_tivaware.aem4f : device.oem4f (.text:sl_Stop)
                  000031d8    000000cc     sysbios.aem4f : BIOS.obj (.text:ti_sysbios_heaps_HeapMem_alloc__E)
                  000032a4    00000004                   : BIOS.obj (.text:ti_sysbios_family_arm_lm4_Timer_masterEnable__I)
                  000032a8    000000cc                   : BIOS.obj (.text:ti_sysbios_knl_Task_Instance_init__E)
                  00003374    000000cc     ti.targets.arm.rtsarm.aem4f : Core-smem.oem4f (.text:xdc_runtime_Core_constructObject__I)
                  00003440    000000c4     wifi_cc3100_tivaware.aem4f : device.oem4f (.text:sl_Start)
                  00003504    000000c0     drivers_tivaware.aem4f : SPITivaDMA.oem4f (.text:SPITivaDMA_configDMA)
                  000035c4    00000004     tcpEchoCC3100_pem4f.oem4f (.text:ti_sysbios_family_arm_m3_Hwi_destruct)
                  000035c8    000000bc     sysbios.aem4f : BIOS.obj (.text:ti_sysbios_family_arm_m3_Hwi_excDebugMon__I)
                  00003684    00000004     tcpEchoCC3100_pem4f.oem4f (.text:ti_sysbios_family_arm_m3_TaskSupport_Module__startupDone__S)
                  00003688    000000bc     sysbios.aem4f : BIOS.obj (.text:ti_sysbios_family_arm_m3_Hwi_excHardFault__I)
                  00003744    00000004     tcpEchoCC3100_pem4f.oem4f (.text:ti_sysbios_heaps_HeapMem_Module_GateProxy_enter__E)
                  00003748    000000bc     sysbios.aem4f : BIOS.obj (.text:ti_sysbios_knl_Task_Instance_finalize__E)
                  00003804    000000b8     EK_TM4C1294XL.obj (.text:EK_TM4C1294XL_initGeneral)
                  000038bc    000000b8     wifi_cc3100_tivaware.aem4f : driver.oem4f (.text:_SlDrvMsgReadCmdCtx)
                  00003974    000000b8     tcpEchoCC3100.obj (.text:main)
                  00003a2c    00000004     tcpEchoCC3100_pem4f.oem4f (.text:ti_sysbios_heaps_HeapMem_Module_GateProxy_leave__E)
                  00003a30    000000b4     sysbios.aem4f : BIOS.obj (.text:ti_sysbios_knl_Task_checkStacks__E)
                  00003ae4    000000b0     wifi_cc3100_tivaware.aem4f : socket.oem4f (.text:sl_Send)
                  00003b94    00000004     tcpEchoCC3100_pem4f.oem4f (.text:ti_sysbios_knl_Clock_TimerProxy_getMaxTicks__E)
                  00003b98    000000ac     sysbios.aem4f : BIOS.obj (.text:ti_sysbios_family_arm_lm4_Timer_enableTiva__I)
                  00003c44    000000a4     drivers_tivaware.aem4f : SPITivaDMA.oem4f (.text:SPITivaDMA_initHw)
                  00003ce8    000000a0     auto_init.aem4f : auto_init.oem4f (.text)
                  00003d88    000000a0     ti.targets.arm.rtsarm.aem4f : Text.oem4f (.text:xdc_runtime_Text_putMod__E)
                  00003e28    0000009c     rtsv7M4_T_le_v4SPD16_eabi.lib : memcpy_t2.obj (.text)
                  00003ec4    00000004     tcpEchoCC3100_pem4f.oem4f (.text:ti_sysbios_knl_Mailbox_delete)
                  00003ec8    0000009c     sysbios.aem4f : BIOS.obj (.text:ti_sysbios_knl_Task_postInit__I)
                  00003f64    0000009a     ti.targets.arm.rtsarm.aem4f : Text.oem4f (.text:xdc_runtime_Text_putSite__E)
                  00003ffe    00000002     drivers_tivaware.aem4f : SPITivaDMA.oem4f (.text:SPITivaDMA_serviceISR)
                  00004000    00000098                            : GPIOTiva.oem4f (.text:GPIO_init)
                  00004098    00000098     wifi_cc3100_tivaware.aem4f : driver.oem4f (.text:_SlDrvMsgReadSpawnCtx)
                  00004130    00000098     Boot.aem4f : Boot.oem4f (.text:ti_catalog_arm_cortexm4_tiva_ce_Boot_sysCtlClockFreqSet__E)
                  000041c8    00000094     EK_TM4C1294XL.obj (.text:EK_TM4C1294XL_initWiFi)
                  0000425c    00000094     wifi_cc3100_tivaware.aem4f : driver.oem4f (.text:_SlFindAndSetActiveObj)
                  000042f0    00000094     sysbios.aem4f : BIOS.obj (.text:ti_sysbios_family_arm_m3_Hwi_Instance_init__E)
                  00004384    00000004     tcpEchoCC3100_pem4f.oem4f (.text:ti_sysbios_knl_Queue_destruct)
                  00004388    00000094     sysbios.aem4f : BIOS.obj (.text:ti_sysbios_family_arm_m3_Hwi_initNVIC__E)
                  0000441c    00000090     wifi_cc3100_tivaware.aem4f : driver.oem4f (.text:_SlDrvClassifyRxMsg)
                  000044ac    00000090                                : driver.oem4f (.text:_SlDrvDriverCBInit)
                  0000453c    0000008c     sysbios.aem4f : m3_TaskSupport_asm.obj (.text:ti_sysbios_family_arm_m3_TaskSupport_buildTaskStack)
                  000045c8    00000088     EK_TM4C1294XL.obj (.text:EK_TM4C1294XL_initDMA)
                  00004650    00000088     sysbios.aem4f : BIOS.obj (.text:ti_sysbios_knl_Mailbox_post__E)
                  000046d8    00000084     wifi_cc3100_tivaware.aem4f : driver.oem4f (.text:_SlDrvCmdOp)
                  0000475c    00000084     driverlib.lib : udma.obj (.text:uDMAChannelTransferSet)
                  000047e0    00000080     wifi_cc3100_tivaware.aem4f : netapp.oem4f (.text:_sl_HandleAsync_DnsGetHostByName)
                  00004860    00000080                                : netapp.oem4f (.text:_sl_HandleAsync_PingResponse)
                  000048e0    00000080                                : WiFiCC3100.oem4f (.text:spi_Read)
                  00004960    00000080                                : WiFiCC3100.oem4f (.text:spi_Write)
                  000049e0    0000007c     sysbios.aem4f : BIOS.obj (.text:ti_sysbios_heaps_HeapMem_free__E)
                  00004a5c    0000007a     rtsv7M4_T_le_v4SPD16_eabi.lib : memset_t2.obj (.text)
                  00004ad6    00000002                                   : i_div0.obj (.text)
                  00004ad8    00000078     wifi_cc3100_tivaware.aem4f : device.oem4f (.text:_sl_HandleAsync_InitComplete)
                  00004b50    00000074     sysbios.aem4f : BIOS.obj (.text:ti_sysbios_family_arm_m3_Hwi_postInit__I)
                  00004bc4    00000004     tcpEchoCC3100_pem4f.oem4f (.text:ti_sysbios_knl_Semaphore_delete)
                  00004bc8    00000074     sysbios.aem4f : BIOS.obj (.text:ti_sysbios_knl_Mailbox_pend__E)
                  00004c3c    00000070     wifi_cc3100_tivaware.aem4f : osi_tirtos.oem4f (.text:VStartSimpleLinkSpawnTask)
                  00004cac    00000004     tcpEchoCC3100_pem4f.oem4f (.text:ti_sysbios_knl_Semaphore_destruct)
                  00004cb0    00000070     sysbios.aem4f : BIOS.obj (.text:ti_sysbios_knl_Mailbox_Instance_finalize__E)
                  00004d20    00000070                   : BIOS.obj (.text:ti_sysbios_knl_Semaphore_post__E)
                  00004d90    0000006c     wifi_cc3100_tivaware.aem4f : socket.oem4f (.text:_sl_HandleAsync_Connect)
                  00004dfc    0000006c                                : socket.oem4f (.text:_sl_TruncatePayloadByProtocol)
                  00004e68    0000006c     sysbios.aem4f : BIOS.obj (.text:ti_sysbios_knl_Clock_workFunc__E)
                  00004ed4    00000004     ti.targets.arm.rtsarm.aem4f : Error.oem4f (.text:xdc_runtime_Error_getSite__E)
                  00004ed8    0000006c     sysbios.aem4f : BIOS.obj (.text:ti_sysbios_knl_Task_exit__E)
                  00004f44    0000006c     ti.targets.arm.rtsarm.aem4f : Error.oem4f (.text:xdc_runtime_Error_print__E)
                  00004fb0    0000006c                                 : Memory.oem4f (.text:xdc_runtime_Memory_alloc__E)
                  0000501c    0000006a     rtsv7M4_T_le_v4SPD16_eabi.lib : copy_decompress_rle.obj (.text)
                  00005086    00000002     tcpEchoCC3100_pem4f.oem4f (.text:ti_sysbios_BIOS_nullFunc__I)
                  00005088    00000068     wifi_cc3100_tivaware.aem4f : socket.oem4f (.text:_sl_HandleAsync_Accept)
                  000050f0    00000068                                : netapp.oem4f (.text:_sl_HandleAsync_DnsGetHostByService)
                  00005158    00000068     rtsv7M4_T_le_v4SPD16_eabi.lib : trgmsg.obj (.text)
                  000051c0    00000066     ti.targets.arm.rtsarm.aem4f : Core-mem.oem4f (.text:xdc_runtime_Core_deleteObject__I)
                  00005226    00000002     tcpEchoCC3100_pem4f.oem4f (.text:xdc_runtime_Startup_reset__I)
                  00005228    00000064     drivers_tivaware.aem4f : GPIOTiva.oem4f (.text:GPIO_hwiIntFxn)
                  0000528c    00000064     wifi_cc3100_tivaware.aem4f : driver.oem4f (.text:_SlDrvDriverCBDeinit)
                  000052f0    00000064     sysbios.aem4f : BIOS.obj (.text:ti_sysbios_family_arm_lm4_Timer_Module_startup__E)
                  00005354    00000064     tcpEchoCC3100_pem4f.oem4f (.text:ti_sysbios_family_arm_m3_Hwi_create)
                  000053b8    00000064     sysbios.aem4f : BIOS.obj (.text:ti_sysbios_family_arm_m3_Hwi_dispatchC__I)
                  0000541c    00000064     tcpEchoCC3100_pem4f.oem4f (.text:ti_sysbios_knl_Mailbox_create)
                  00005480    00000064     ti.targets.arm.rtsarm.aem4f : System.oem4f (.text:xdc_runtime_System_formatNum__I)
                  000054e4    00000062     drivers_tivaware.aem4f : SPITivaDMA.oem4f (.text:SPITivaDMA_transfer)
                  00005546    00000002     --HOLE-- [fill = 0]
                  00005548    00000060     sysbios.aem4f : BIOS.obj (.text:ti_sysbios_knl_Task_schedule__I)
                  000055a8    0000005c     wifi_cc3100_tivaware.aem4f : socket.oem4f (.text:_sl_HandleAsync_Select)
                  00005604    00000004     tcpEchoCC3100_pem4f.oem4f (.text:xdc_runtime_System_Module_GateProxy_enter__E)
                  00005608    0000005c     sysbios.aem4f : BIOS.obj (.text:ti_sysbios_knl_Swi_restoreHwi__E)
                  00005664    00000004     tcpEchoCC3100_pem4f.oem4f (.text:xdc_runtime_System_Module_GateProxy_leave__E)
                  00005668    0000005c     sysbios.aem4f : BIOS.obj (.text:ti_sysbios_knl_Swi_run__I)
                  000056c4    00000004     ti.targets.arm.rtsarm.aem4f : System.oem4f (.text:xdc_runtime_System_aprintf_va__F)
                  000056c8    0000005c     sysbios.aem4f : BIOS.obj (.text:ti_sysbios_knl_Swi_schedule__I)
                  00005724    00000004     ti.targets.arm.rtsarm.aem4f : System.oem4f (.text:xdc_runtime_System_printf_va__F)
                  00005728    0000005c     sysbios.aem4f : BIOS.obj (.text:ti_sysbios_knl_Task_Module_startup__E)
                  00005784    0000005c     tcpEchoCC3100_pem4f.oem4f (.text:ti_sysbios_knl_Task_create)
                  000057e0    0000005c     sysbios.aem4f : BIOS.obj (.text:ti_sysbios_knl_Task_startCore__E)
                  0000583c    0000005b     ti.targets.arm.rtsarm.aem4f : Text.oem4f (.text:xdc_runtime_Text_putLab__E)
                  00005897    00000001     --HOLE-- [fill = 0]
                  00005898    00000058     boot.aem4f : boot.oem4f (.text)
                  000058f0    00000058     wifi_cc3100_tivaware.aem4f : device.oem4f (.text:_sl_HandleAsync_Stop)
                  00005948    00000058                                : socket.oem4f (.text:sl_Bind)
                  000059a0    00000058     tcpEchoCC3100_pem4f.oem4f (.text:ti_sysbios_family_arm_m3_Hwi_construct)
                  000059f8    00000058     sysbios.aem4f : m3_Hwi_asm_switch.obj (.text:ti_sysbios_family_arm_m3_Hwi_initStacks__E)
                  00005a50    00000056     driverlib.lib : gpio.obj (.text:GPIOIntTypeSet)
                  00005aa6    00000002     --HOLE-- [fill = 0]
                  00005aa8    00000054     sysbios.aem4f : BIOS.obj (.text:ti_sysbios_family_arm_lm4_Timer_initDevice__I)
                  00005afc    00000054     ti.targets.arm.rtsarm.aem4f : Assert.oem4f (.text:xdc_runtime_Assert_raise__I)
                  00005b50    00000050     drivers_tivaware.aem4f : GPIOTiva.oem4f (.text:GPIO_setCallback)
                  00005ba0    00000050                            : GPIOTiva.oem4f (.text:GPIO_write)
                  00005bf0    00000050     driverlib.lib : sysctl.obj (.text:SysCtlPeripheralReset)
                  00005c40    00000050     Boot.aem4f : Boot_sysctl.oem4f (.text:_SysCtlFrequencyGet)
                  00005c90    00000050     sysbios.aem4f : BIOS.obj (.text:ti_sysbios_family_arm_m3_Hwi_Module_startup__E)
                  00005ce0    00000050     ti.targets.arm.rtsarm.aem4f : Startup.oem4f (.text:xdc_runtime_Startup_exec__E)
                  00005d30    0000004c     rtsv7M4_T_le_v4SPD16_eabi.lib : cpy_tbl.obj (.text)
                  00005d7c    00000004     --HOLE-- [fill = 0]
                  00005d80    0000004c     sysbios.aem4f : BIOS.obj (.text:ti_sysbios_heaps_HeapMem_getStats__E)
                  00005dcc    00000004     --HOLE-- [fill = 0]
                  00005dd0    0000004c                   : BIOS.obj (.text:ti_sysbios_knl_Swi_runLoop__I)
                  00005e1c    00000004     --HOLE-- [fill = 0]
                  00005e20    0000004c                   : BIOS.obj (.text:ti_sysbios_knl_Task_allBlockedFunction__I)
                  00005e6c    0000004a     wifi_cc3100_tivaware.aem4f : device.oem4f (.text:_sl_GetStartResponseConvert)
                  00005eb6    00000002     --HOLE-- [fill = 0]
                  00005eb8    00000048     driverlib.lib : gpio.obj (.text:GPIOPinConfigure)
                  00005f00    00000048     wifi_cc3100_tivaware.aem4f : driver.oem4f (.text:_SlRemoveFromList)
                  00005f48    00000048     sysbios.aem4f : BIOS.obj (.text:ti_sysbios_family_arm_lm4_Timer_enableTimers__I)
                  00005f90    00000048                   : BIOS.obj (.text:ti_sysbios_family_arm_m3_Hwi_disableInterrupt__E)
                  00005fd8    00000048                   : BIOS.obj (.text:ti_sysbios_family_arm_m3_Hwi_enableInterrupt__E)
                  00006020    00000048                   : BIOS.obj (.text:ti_sysbios_family_arm_m3_Hwi_excReserved__I)
                  00006068    00000048                   : BIOS.obj (.text:ti_sysbios_knl_Mailbox_Module_startup__E)
                  000060b0    00000046     ti.targets.arm.rtsarm.aem4f : Core-params.oem4f (.text:xdc_runtime_Core_assignParams__I)
                  000060f6    00000044     drivers_tivaware.aem4f : SPITivaDMA.oem4f (.text:SPITivaDMA_hwiFxn)
                  0000613a    00000002     --HOLE-- [fill = 0]
                  0000613c    00000044     rtsv7M4_T_le_v4SPD16_eabi.lib : exit.obj (.text)
                  00006180    00000044     wifi_cc3100_tivaware.aem4f : WiFiCC3100.oem4f (.text:spi_Open)
                  000061c4    00000004     --HOLE-- [fill = 0]
                  000061c8    00000044     sysbios.aem4f : BIOS.obj (.text:ti_sysbios_family_arm_lm4_Timer_isrStub__E)
                  0000620c    00000004     --HOLE-- [fill = 0]
                  00006210    00000044                   : BIOS.obj (.text:ti_sysbios_family_arm_m3_Hwi_getStackInfo__E)
                  00006254    00000004     --HOLE-- [fill = 0]
                  00006258    00000044                   : BIOS.obj (.text:ti_sysbios_knl_Swi_post__E)
                  0000629c    00000044     ti.targets.arm.rtsarm.aem4f : Error.oem4f (.text:xdc_runtime_Error_setX__E)
                  000062e0    00000044                                 : SysMin.oem4f (.text:xdc_runtime_SysMin_flush__E)
                  00006324    00000044                                 : Text.oem4f (.text:xdc_runtime_Text_xprintf__I)
                  00006368    00000042     drivers_tivaware.aem4f : SPITivaDMA.oem4f (.text:SPITivaDMA_transferCancel)
                  000063aa    00000002     --HOLE-- [fill = 0]
                  000063ac    00000040     wifi_cc3100_tivaware.aem4f : WiFiCC3100.oem4f (.text:WiFiCC3100_spiCallbackFxn)
                  000063ec    00000040                                : osi_tirtos.oem4f (.text:osi_LockObjLock)
                  0000642c    00000040                                : osi_tirtos.oem4f (.text:osi_SyncObjCreate)
                  0000646c    00000040                                : osi_tirtos.oem4f (.text:osi_SyncObjWait)
                  000064ac    00000040     rtsv7M4_T_le_v4SPD16_eabi.lib : u_divt2.obj (.text)
                  000064ec    00000040     wifi_cc3100_tivaware.aem4f : socket.oem4f (.text:sl_Recv)
                  0000652c    00000004     --HOLE-- [fill = 0]
                  00006530    00000040     sysbios.aem4f : BIOS.obj (.text:ti_sysbios_family_arm_lm4_Timer_startup__E)
                  00006570    00000040                   : BIOS.obj (.text:ti_sysbios_heaps_HeapMem_Instance_init__E)
                  000065b0    0000003c     drivers_tivaware.aem4f : SPITivaDMA.oem4f (.text:SPITivaDMA_close)
                  000065ec    0000003c     driverlib.lib : ssi.obj (.text:SSIConfigSetExpClk)
                  00006628    0000003c     wifi_cc3100_tivaware.aem4f : driver.oem4f (.text:_SlDrvObjInit)
                  00006664    0000003c                                : driver.oem4f (.text:_SlDrvRxIrqHandler)
                  000066a0    0000003c     EK_TM4C1294XL.obj (.text:dmaErrorHwi)
                  000066dc    00000004     --HOLE-- [fill = 0]
                  000066e0    0000003c     sysbios.aem4f : BIOS.obj (.text:ti_sysbios_family_arm_m3_Hwi_excSvCall__I)
                  0000671c    00000004     --HOLE-- [fill = 0]
                  00006720    0000003c                   : BIOS.obj (.text:ti_sysbios_family_arm_m3_TaskSupport_start__E)
                  0000675c    00000004     --HOLE-- [fill = 0]
                  00006760    0000003c                   : BIOS.obj (.text:ti_sysbios_heaps_HeapMem_init__I)
                  0000679c    00000004     --HOLE-- [fill = 0]
                  000067a0    0000003c                   : BIOS.obj (.text:ti_sysbios_knl_Swi_restore__E)
                  000067dc    0000003a     wifi_cc3100_tivaware.aem4f : WiFiCC3100.oem4f (.text:WiFiCC3100_close)
                  00006816    0000003a                                : netapp.oem4f (.text:_SlDrvNetAppEventHandler)
                  00006850    00000038     drivers_tivaware.aem4f : SPI.oem4f (.text:SPI_init)
                  00006888    00000038     wifi_cc3100_tivaware.aem4f : WiFi.oem4f (.text:WiFi_init)
                  000068c0    00000038                                : osi_tirtos.oem4f (.text:osi_LockObjCreate)
                  000068f8    00000038                                : socket.oem4f (.text:sl_Htonl)
                  00006930    00000038     sysbios.aem4f : BIOS.obj (.text:ti_sysbios_family_arm_m3_Hwi_excNoIsr__I)
                  00006968    00000038                   : BIOS.obj (.text:ti_sysbios_knl_Task_processVitalTaskFlag__I)
                  000069a0    00000038     ti.targets.arm.rtsarm.aem4f : SysMin.oem4f (.text:xdc_runtime_SysMin_putch__E)
                  000069d8    00000038                                 : System.oem4f (.text:xdc_runtime_System_atexit__E)
                  00006a10    00000034     driverlib.lib : sysctl.obj (.text:SysCtlPeripheralEnable)
                  00006a44    00000034     wifi_cc3100_tivaware.aem4f : socket.oem4f (.text:sl_Htons)
                  00006a78    00000034     sysbios.aem4f : BIOS.obj (.text:ti_sysbios_family_arm_m3_Hwi_excNmi__I)
                  00006aac    00000004     --HOLE-- [fill = 0]
                  00006ab0    00000034                   : BIOS.obj (.text:ti_sysbios_hal_Hwi_checkStack)
                  00006ae4    00000034     tcpEchoCC3100_pem4f.oem4f (.text:ti_sysbios_knl_Semaphore_create)
                  00006b18    00000034     ti.targets.arm.rtsarm.aem4f : Core-label.oem4f (.text:xdc_runtime_Core_assignLabel__I)
                  00006b4c    00000033                                 : Text.oem4f (.text:xdc_runtime_Text_printVisFxn__I)
                  00006b7f    00000001     --HOLE-- [fill = 0]
                  00006b80    00000032     sysbios.aem4f : BIOS.obj (.text:ti_sysbios_hal_Hwi_initStack)
                  00006bb2    00000002     --HOLE-- [fill = 0]
                  00006bb4    00000030     sockets.obj (.text:SimpleLinkWlanEventHandler)
                  00006be4    00000030     wifi_cc3100_tivaware.aem4f : flowcont.oem4f (.text:_SlDrvFlowContDeinit)
                  00006c14    00000030                                : flowcont.oem4f (.text:_SlDrvFlowContInit)
                  00006c44    00000030                                : WiFiCC3100.oem4f (.text:osi_RegisterInterruptHandler)
                  00006c74    00000030                                : socket.oem4f (.text:sl_Socket)
                  00006ca4    00000030     tcpEchoCC3100_pem4f.oem4f (.text:ti_sysbios_BIOS_atExitFunc__I)
                  00006cd4    00000004     --HOLE-- [fill = 0]
                  00006cd8    00000030     sysbios.aem4f : BIOS.obj (.text:ti_sysbios_family_arm_lm4_Timer_stop__E)
                  00006d08    00000030     tcpEchoCC3100_pem4f.oem4f (.text:ti_sysbios_gates_GateHwi_Object__create__S)
                  00006d38    00000030     tcpEchoCC3100_pem4f.oem4f (.text:ti_sysbios_gates_GateMutex_Object__create__S)
                  00006d68    00000030     sysbios.aem4f : BIOS.obj (.text:ti_sysbios_gates_GateMutex_enter__E)
                  00006d98    00000030     tcpEchoCC3100_pem4f.oem4f (.text:ti_sysbios_heaps_HeapMem_Object__create__S)
                  00006dc8    00000030     sysbios.aem4f : BIOS.obj (.text:ti_sysbios_knl_Mailbox_postInit__I)
                  00006df8    00000030     tcpEchoCC3100_pem4f.oem4f (.text:ti_sysbios_knl_Semaphore_construct)
                  00006e28    00000030     sysbios.aem4f : BIOS.obj (.text:ti_sysbios_knl_Semaphore_pendTimeout__I)
                  00006e58    00000030                   : BIOS.obj (.text:ti_sysbios_knl_Task_unblockI__E)
                  00006e88    00000030     ti.targets.arm.rtsarm.aem4f : SysMin.oem4f (.text:xdc_runtime_SysMin_abort__E)
                  00006eb8    00000030                                 : System.oem4f (.text:xdc_runtime_System_processAtExit__E)
                  00006ee8    0000002e     tcpEchoCC3100_pem4f.oem4f (.text:malloc)
                  00006f16    00000002     --HOLE-- [fill = 0]
                  00006f18    0000002c     sysbios.aem4f : BIOS.obj (.text:ti_sysbios_family_arm_m3_Hwi_Instance_finalize__E)
                  00006f44    0000002c     tcpEchoCC3100_pem4f.oem4f (.text:ti_sysbios_knl_Clock_doTick__I)
                  00006f70    0000002c     tcpEchoCC3100_pem4f.oem4f (.text:ti_sysbios_knl_Queue_construct)
                  00006f9c    00000004     --HOLE-- [fill = 0]
                  00006fa0    0000002c     sysbios.aem4f : BIOS.obj (.text:ti_sysbios_knl_Task_restore__E)
                  00006fcc    0000002c     driverlib.lib : udma.obj (.text:uDMAChannelAssign)
                  00006ff8    0000002c     ti.targets.arm.rtsarm.aem4f : Text.oem4f (.text:xdc_runtime_Text_cordText__E)
                  00007024    0000002a     driverlib.lib : gpio.obj (.text:GPIODirModeSet)
                  0000704e    0000002a     wifi_cc3100_tivaware.aem4f : socket.oem4f (.text:_sl_BuildAddress)
                  00007078    0000002a     ti.targets.arm.rtsarm.aem4f : System.oem4f (.text:xdc_runtime_System_putchar__I)
                  000070a2    00000002     --HOLE-- [fill = 0]
                  000070a4    00000028     wifi_cc3100_tivaware.aem4f : socket.oem4f (.text:sl_Listen)
                  000070cc    00000004     --HOLE-- [fill = 0]
                  000070d0    00000028     sysbios.aem4f : BIOS.obj (.text:ti_sysbios_knl_Clock_addI__E)
                  000070f8    00000028                   : BIOS.obj (.text:ti_sysbios_knl_Swi_Module_startup__E)
                  00007120    00000026                   : m3_Hwi_asm.obj (.text:ti_sysbios_family_arm_m3_Hwi_pendSV__I)
                  00007146    00000026     ti.targets.arm.rtsarm.aem4f : System.oem4f (.text:xdc_runtime_System_avprintf__E)
                  0000716c    00000024     sockets.obj (.text:SimpleLinkNetAppEventHandler)
                  00007190    00000024     wifi_cc3100_tivaware.aem4f : osi_tirtos.oem4f (.text:osi_Spawn)
                  000071b4    00000024                                : socket.oem4f (.text:sl_Close)
                  000071d8    00000024     tcpEchoCC3100_pem4f.oem4f (.text:ti_sysbios_BIOS_registerRTSLock__I)
                  000071fc    00000024     tcpEchoCC3100_pem4f.oem4f (.text:ti_sysbios_BIOS_removeRTSLock__I)
                  00007220    00000024     tcpEchoCC3100_pem4f.oem4f (.text:ti_sysbios_BIOS_startFunc__I)
                  00007244    00000024     tcpEchoCC3100_pem4f.oem4f (.text:ti_sysbios_gates_GateMutex_Object__delete__S)
                  00007268    00000024     sysbios.aem4f : BIOS.obj (.text:ti_sysbios_knl_Clock_Module_startup__E)
                  0000728c    00000004     --HOLE-- [fill = 0]
                  00007290    00000024                   : BIOS.obj (.text:ti_sysbios_knl_Semaphore_Instance_init__E)
                  000072b4    00000024     tcpEchoCC3100_pem4f.oem4f (.text:ti_sysbios_knl_Semaphore_Object__delete__S)
                  000072d8    00000024     sysbios.aem4f : BIOS.obj (.text:ti_sysbios_knl_Task_restoreHwi__E)
                  000072fc    00000024     driverlib.lib : udma.obj (.text:uDMAChannelControlSet)
                  00007320    00000024     ti.targets.arm.rtsarm.aem4f : System.oem4f (.text:xdc_runtime_System_vprintf__E)
                  00007344    00000004     --HOLE-- [fill = 0]
                  00007348    00000022     sysbios.aem4f : BIOS.obj (.text:ti_sysbios_family_arm_lm4_Timer_write__I)
                  0000736a    00000022     tcpEchoCC3100_pem4f.oem4f (.text:xdc_runtime_SysMin_output__I)
                  0000738c    00000020     wifi_cc3100_tivaware.aem4f : WiFiCC3100.oem4f (.text:WiFiCC3100_hostIntHandler)
                  000073ac    00000020     Boot.aem4f : Boot_sysctl.oem4f (.text:_SysCtlMemTimingGet)
                  000073cc    00000020     tcpEchoCC3100_pem4f.oem4f (.text:ti_sysbios_BIOS_rtsLock__I)
                  000073ec    00000004     --HOLE-- [fill = 0]
                  000073f0    00000020     sysbios.aem4f : BIOS.obj (.text:ti_sysbios_family_arm_m3_Hwi_clearInterrupt__E)
                  00007410    00000020                   : m3_Hwi_asm.obj (.text:ti_sysbios_family_arm_m3_Hwi_excHandlerAsm__I)
                  00007430    00000020                   : BIOS.obj (.text:ti_sysbios_family_arm_m3_Hwi_excHandler__I)
                  00007450    00000020     tcpEchoCC3100_pem4f.oem4f (.text:ti_sysbios_gates_GateHwi_Object__delete__S)
                  00007470    00000020     tcpEchoCC3100_pem4f.oem4f (.text:ti_sysbios_heaps_HeapMem_Object__delete__S)
                  00007490    00000020     sysbios.aem4f : BIOS.obj (.text:ti_sysbios_knl_Idle_run__E)
                  000074b0    00000020     tcpEchoCC3100_pem4f.oem4f (.text:ti_sysbios_knl_Mailbox_Object__delete__S)
                  000074d0    00000020     tcpEchoCC3100_pem4f.oem4f (.text:ti_sysbios_knl_Semaphore_Object__destruct__S)
                  000074f0    00000020     ti.targets.arm.rtsarm.aem4f : Registry.oem4f (.text:xdc_runtime_Registry_findById__E)
                  00007510    00000020                                 : SysMin.oem4f (.text:xdc_runtime_SysMin_Module_startup__E)
                  00007530    0000001e     tcpEchoCC3100_pem4f.oem4f (.text:ti_sysbios_BIOS_errorRaiseHook__I)
                  0000754e    0000001e     sysbios.aem4f : m3_Hwi_asm_switch.obj (.text:ti_sysbios_family_xxx_Hwi_switchAndRunFunc)
                  0000756c    0000001c     wifi_cc3100_tivaware.aem4f : WiFiCC3100.oem4f (.text:WiFiCC3100_init)
                  00007588    0000001c                                : WiFi.oem4f (.text:WiFi_open)
                  000075a4    0000001c                                : driver.oem4f (.text:_SlDrvObjDeInit)
                  000075c0    0000001c     drivers_tivaware.aem4f : GPIOTiva.oem4f (.text:getGpioIntIndex)
                  000075dc    0000001c     wifi_cc3100_tivaware.aem4f : WiFiCC3100.oem4f (.text:spi_Close)
                  000075f8    0000001c     tcpEchoCC3100.obj (.text:tcpEchoTask)
                  00007614    0000001c     tcpEchoCC3100_pem4f.oem4f (.text:ti_sysbios_family_arm_m3_Hwi_Object__destruct__S)
                  00007630    0000001c     sysbios.aem4f : BIOS.obj (.text:ti_sysbios_gates_GateMutex_Instance_init__E)
                  0000764c    0000001c     tcpEchoCC3100_pem4f.oem4f (.text:ti_sysbios_knl_Queue_Object__destruct__S)
                  00007668    0000001c     sysbios.aem4f : BIOS.obj (.text:ti_sysbios_knl_Queue_get__E)
                  00007684    00000004     --HOLE-- [fill = 0]
                  00007688    0000001c                   : BIOS.obj (.text:ti_sysbios_knl_Queue_put__E)
                  000076a4    00000004     --HOLE-- [fill = 0]
                  000076a8    0000001c                   : BIOS.obj (.text:ti_sysbios_knl_Task_enter__I)
                  000076c4    0000001c     wifi_cc3100_tivaware.aem4f : osi_tirtos.oem4f (.text:vSimpleLinkSpawnTask)
                  000076e0    0000001c     ti.targets.arm.rtsarm.aem4f : Error.oem4f (.text:xdc_runtime_Error_raiseX__E)
                  000076fc    0000001c                                 : Memory.oem4f (.text:xdc_runtime_Memory_valloc__E)
                  00007718    0000001c                                 : SysMin.oem4f (.text:xdc_runtime_SysMin_exit__E)
                  00007734    0000001c                                 : System.oem4f (.text:xdc_runtime_System_abort__E)
                  00007750    0000001a     wifi_cc3100_tivaware.aem4f : netapp.oem4f (.text:CopyPingResultsToReport)
                  0000776a    0000001a                                : device.oem4f (.text:_SlDrvDeviceEventHandler)
                  00007784    0000001a     tcpEchoCC3100_pem4f.oem4f (.text:xdc_runtime_System_aprintf__E)
                  0000779e    0000001a     tcpEchoCC3100_pem4f.oem4f (.text:xdc_runtime_System_printf__E)
                  000077b8    00000018     driverlib.lib : gpio.obj (.text:GPIOPinTypeGPIOOutput)
                  000077d0    00000018     drivers_tivaware.aem4f : SPI.oem4f (.text:SPI_open)
                  000077e8    00000018     tcpEchoCC3100_pem4f.oem4f (.text:free)
                  00007800    00000018     rtsv7M4_T_le_v4SPD16_eabi.lib : args_main.obj (.text)
                  00007818    00000018     tcpEchoCC3100_pem4f.oem4f (.text:ti_sysbios_BIOS_rtsUnlock__I)
                  00007830    00000018     tcpEchoCC3100_pem4f.oem4f (.text:ti_sysbios_family_arm_lm4_Timer_Module__startupDone__F)
                  00007848    00000018     tcpEchoCC3100_pem4f.oem4f (.text:ti_sysbios_family_arm_m3_Hwi_Handle__label__S)
                  00007860    00000018     tcpEchoCC3100_pem4f.oem4f (.text:ti_sysbios_family_arm_m3_Hwi_Module__startupDone__F)
                  00007878    00000018     sysbios.aem4f : m3_TaskSupport_asm.obj (.text:ti_sysbios_family_arm_m3_TaskSupport_swap__E)
                  00007890    00000018     tcpEchoCC3100_pem4f.oem4f (.text:ti_sysbios_gates_GateHwi_Handle__label__S)
                  000078a8    00000018     tcpEchoCC3100_pem4f.oem4f (.text:ti_sysbios_gates_GateMutex_Handle__label__S)
                  000078c0    00000018     sysbios.aem4f : BIOS.obj (.text:ti_sysbios_gates_GateMutex_leave__E)
                  000078d8    00000018     tcpEchoCC3100_pem4f.oem4f (.text:ti_sysbios_heaps_HeapMem_Handle__label__S)
                  000078f0    00000018     tcpEchoCC3100_pem4f.oem4f (.text:ti_sysbios_knl_Swi_Handle__label__S)
                  00007908    00000018     tcpEchoCC3100_pem4f.oem4f (.text:ti_sysbios_knl_Task_Handle__label__S)
                  00007920    00000018     driverlib.lib : udma.obj (.text:uDMAChannelDisable)
                  00007938    00000018                   : udma.obj (.text:uDMAChannelEnable)
                  00007950    00000018                   : udma.obj (.text:uDMAChannelIsEnabled)
                  00007968    00000018     ti.targets.arm.rtsarm.aem4f : Error.oem4f (.text:xdc_runtime_Error_check__E)
                  00007980    00000018                                 : System.oem4f (.text:xdc_runtime_System_exit__E)
                  00007998    00000018                                 : Text.oem4f (.text:xdc_runtime_Text_ropeText__E)
                  000079b0    00000016     wifi_cc3100_tivaware.aem4f : driver.oem4f (.text:_SlDrvShiftDWord)
                  000079c6    00000016     tcpEchoCC3100_pem4f.oem4f (.text:ti_sysbios_BIOS_exitFunc__I)
                  000079dc    00000016     EK_TM4C1294XL.obj (.text:ti_sysbios_family_arm_m3_Hwi_Params_init)
                  000079f2    00000002     --HOLE-- [fill = 0]
                  000079f4    00000014     wifi_cc3100_tivaware.aem4f : WiFiCC3100.oem4f (.text:CC3100_disable)
                  00007a08    00000014                                : WiFiCC3100.oem4f (.text:CC3100_enable)
                  00007a1c    00000014     drivers_tivaware.aem4f : SPI.oem4f (.text:SPI_Params_init)
                  00007a30    00000014     wifi_cc3100_tivaware.aem4f : WiFiCC3100.oem4f (.text:WiFiCC3100_assertCS)
                  00007a44    00000014                                : WiFiCC3100.oem4f (.text:WiFiCC3100_deAssertCS)
                  00007a58    00000014                                : osi_tirtos.oem4f (.text:osi_SyncObjClear)
                  00007a6c    00000014     rtsv7M4_T_le_v4SPD16_eabi.lib : _lock.obj (.text)
                  00007a80    00000014                                   : strcpy.obj (.text)
                  00007a94    00000014                                   : strlen.obj (.text)
                  00007aa8    00000014     sockets.obj (.text:socketsShutDown)
                  00007abc    00000014     tcpEchoCC3100_pem4f.oem4f (.text:ti_sysbios_family_arm_m3_Hwi_Object__get__S)
                  00007ad0    00000014     sysbios.aem4f : BIOS.obj (.text:ti_sysbios_family_arm_m3_Hwi_switchFromBootStack__E)
                  00007ae4    00000014     tcpEchoCC3100_pem4f.oem4f (.text:ti_sysbios_heaps_HeapMem_Object__get__S)
                  00007af8    00000014     tcpEchoCC3100_pem4f.oem4f (.text:ti_sysbios_knl_Swi_Object__get__S)
                  00007b0c    00000012     driverlib.lib : gpio.obj (.text:GPIOPinTypeGPIOInput)
                  00007b1e    00000012                   : gpio.obj (.text:GPIOPinTypeSSI)
                  00007b30    00000012                   : ssi.obj (.text:SSIDataGetNonBlocking)
                  00007b42    00000006                   : gpio.obj (.text:GPIOIntClear)
                  00007b48    00000012     sysbios.aem4f : BIOS.obj (.text:ti_sysbios_hal_Hwi_Module_startup__E)
                  00007b5a    00000012     tcpEchoCC3100_pem4f.oem4f (.text:xdc_runtime_Startup_exec__I)
                  00007b6c    00000010     tcpEchoCC3100_pem4f.oem4f (.text:.bootCodeSection:ti_catalog_arm_cortexm4_tiva_ce_Boot_init__I)
                  00007b7c    00000010     wifi_cc3100_tivaware.aem4f : WiFi.oem4f (.text:WiFi_Params_init)
                  00007b8c    00000004     --HOLE-- [fill = 0]
                  00007b90    00000010     sysbios.aem4f : BIOS.obj (.text:ti_sysbios_BIOS_getCpuFreq__E)
                  00007ba0    00000010                   : BIOS.obj (.text:ti_sysbios_BIOS_setThreadType__E)
                  00007bb0    00000010                   : BIOS.obj (.text:ti_sysbios_BIOS_start__E)
                  00007bc0    00000010                   : m3_TaskSupport_asm.obj (.text:ti_sysbios_family_arm_m3_TaskSupport_glue)
                  00007bd0    00000010                   : BIOS.obj (.text:ti_sysbios_gates_GateMutex_Instance_finalize__E)
                  00007be0    00000010     tcpEchoCC3100_pem4f.oem4f (.text:ti_sysbios_knl_Mailbox_Object__get__S)
                  00007bf0    00000010     sysbios.aem4f : BIOS.obj (.text:ti_sysbios_knl_Semaphore_Instance_finalize__E)
                  00007c00    00000010                   : BIOS.obj (.text:ti_sysbios_knl_Swi_disable__E)
                  00007c10    00000010     tcpEchoCC3100_pem4f.oem4f (.text:ti_sysbios_knl_Task_Object__get__S)
                  00007c20    00000010     sysbios.aem4f : BIOS.obj (.text:ti_sysbios_knl_Task_disable__E)
                  00007c30    00000010     driverlib.lib : udma.obj (.text:uDMAEnable)
                  00007c40    00000010     ti.targets.arm.rtsarm.aem4f : Gate.oem4f (.text:xdc_runtime_Gate_leaveSystem__E)
                  00007c50    00000010                                 : Memory.oem4f (.text:xdc_runtime_Memory_free__E)
                  00007c60    00000010                                 : SysMin.oem4f (.text:xdc_runtime_SysMin_ready__E)
                  00007c70    00000010                                 : System.oem4f (.text:xdc_runtime_System_vsnprintf__E)
                  00007c80    0000000e     driverlib.lib : gpio.obj (.text:GPIOIntDisable)
                  00007c8e    0000000e                   : gpio.obj (.text:GPIOIntStatus)
                  00007c9c    0000000e     rtsv7M4_T_le_v4SPD16_eabi.lib : copy_decompress_none.obj (.text:decompress:none)
                  00007caa    00000006     driverlib.lib : gpio.obj (.text:GPIOPinWrite)
                  00007cb0    0000000e     sysbios.aem4f : BIOS.obj (.text:ti_sysbios_knl_Idle_loop__E)
                  00007cbe    00000002     --HOLE-- [fill = 0]
                  00007cc0    0000000e                   : BIOS.obj (.text:ti_sysbios_knl_Queue_empty__E)
                  00007cce    0000000c     driverlib.lib : gpio.obj (.text:GPIOIntEnable)
                  00007cda    0000000c     rtsv7M4_T_le_v4SPD16_eabi.lib : copy_zero_init.obj (.text:decompress:ZI)
                  00007ce6    0000000c     wifi_cc3100_tivaware.aem4f : osi_tirtos.oem4f (.text:osi_LockObjUnlock)
                  00007cf2    0000000c                                : osi_tirtos.oem4f (.text:osi_SyncObjSignal)
                  00007cfe    0000000c                                : osi_tirtos.oem4f (.text:osi_SyncObjSignalFromISR)
                  00007d0a    00000006     drivers_tivaware.aem4f : SPITivaDMA.oem4f (.text:SPITivaDMA_control)
                  00007d10    0000000c     sysbios.aem4f : BIOS.obj (.text:ti_sysbios_family_arm_lm4_Timer_getMaxTicks__E)
                  00007d1c    0000000c     tcpEchoCC3100_pem4f.oem4f (.text:ti_sysbios_family_arm_m3_Hwi_Params__init__S)
                  00007d28    0000000c     sysbios.aem4f : BIOS.obj (.text:ti_sysbios_family_arm_m3_Hwi_disableFxn__E)
                  00007d34    00000004     --HOLE-- [fill = 0]
                  00007d38    0000000c                   : BIOS.obj (.text:ti_sysbios_family_arm_m3_TaskSupport_checkStack__E)
                  00007d44    00000004     --HOLE-- [fill = 0]
                  00007d48    0000000c                   : BIOS.obj (.text:ti_sysbios_family_arm_m3_TaskSupport_getStackAlignment__E)
                  00007d54    00000004     --HOLE-- [fill = 0]
                  00007d58    0000000c                   : BIOS.obj (.text:ti_sysbios_gates_GateHwi_enter__E)
                  00007d64    0000000c     tcpEchoCC3100_pem4f.oem4f (.text:ti_sysbios_knl_Queue_Object__get__S)
                  00007d70    0000000c     tcpEchoCC3100_pem4f.oem4f (.text:ti_sysbios_knl_Semaphore_Params__init__S)
                  00007d7c    0000000c     tcpEchoCC3100_pem4f.oem4f (.text:ti_sysbios_knl_Task_Params__init__S)
                  00007d88    0000000c     driverlib.lib : udma.obj (.text:uDMAControlBaseSet)
                  00007d94    0000000c                   : udma.obj (.text:uDMAErrorStatusClear)
                  00007da0    0000000c                   : udma.obj (.text:uDMAErrorStatusGet)
                  00007dac    0000000c                   : udma.obj (.text:uDMAIntStatus)
                  00007db8    0000000c     ti.targets.arm.rtsarm.aem4f : Error.oem4f (.text:xdc_runtime_Error_init__E)
                  00007dc4    0000000c                                 : Gate.oem4f (.text:xdc_runtime_Gate_enterSystem__E)
                  00007dd0    0000000c                                 : Memory.oem4f (.text:xdc_runtime_Memory_calloc__E)
                  00007ddc    0000000c                                 : Memory.oem4f (.text:xdc_runtime_Memory_getMaxDefaultTypeAlign__E)
                  00007de8    0000000a     drivers_tivaware.aem4f : SPITivaDMA.oem4f (.text:SPITivaDMA_init)
                  00007df2    0000000a                            : SPI.oem4f (.text:SPI_close)
                  00007dfc    0000000a                            : SPI.oem4f (.text:SPI_transfer)
                  00007e06    0000000a     driverlib.lib : ssi.obj (.text:SSIDMADisable)
                  00007e10    0000000a                   : ssi.obj (.text:SSIDisable)
                  00007e1a    0000000a                   : ssi.obj (.text:SSIEnable)
                  00007e24    0000000a                   : ssi.obj (.text:SSIIntDisable)
                  00007e2e    0000000a     wifi_cc3100_tivaware.aem4f : WiFi.oem4f (.text:WiFi_close)
                  00007e38    0000000a                                : osi_tirtos.oem4f (.text:osi_LockObjDelete)
                  00007e42    0000000a                                : osi_tirtos.oem4f (.text:osi_SyncObjDelete)
                  00007e4c    0000000a     tcpEchoCC3100_pem4f.oem4f (.text:xdc_runtime_IHeap_alloc)
                  00007e56    0000000a     tcpEchoCC3100_pem4f.oem4f (.text:xdc_runtime_IHeap_free)
                  00007e60    00000008     EK_TM4C1294XL.obj (.text:EK_TM4C1294XL_initGPIO)
                  00007e68    00000008     driverlib.lib : ssi.obj (.text:SSIDMAEnable)
                  00007e70    00000008                   : ssi.obj (.text:SSIIntEnable)
                  00007e78    00000008     sysbios.aem4f : BIOS.obj (.text:ti_sysbios_family_arm_lm4_Timer_masterDisable__I)
                  00007e80    00000008                   : BIOS.obj (.text:ti_sysbios_family_arm_m3_Hwi_doSwiRestore__I)
                  00007e88    00000008                   : BIOS.obj (.text:ti_sysbios_family_arm_m3_Hwi_startup__E)
                  00007e90    00000008     tcpEchoCC3100_pem4f.oem4f (.text:xdc_runtime_Text_visitRope__I)
                  00007e98    00000006     drivers_tivaware.aem4f : SPITivaDMA.oem4f (.text:SPITivaDMA_transferCallback)
                  00007e9e    00000006     wifi_cc3100_tivaware.aem4f : WiFiCC3100.oem4f (.text:WiFiCC3100_control)
                  00007ea4    00000006     ti.targets.arm.rtsarm.aem4f : xdc_noinit.oem4f (.text:__xdc__init)
                  00007eaa    00000006     rtsv7M4_T_le_v4SPD16_eabi.lib : copy_decompress_rle.obj (.text:decompress:rle24)
                  00007eb0    00000006     sysbios.aem4f : BIOS.obj (.text:ti_sysbios_family_arm_m3_Hwi_doTaskRestore__I)
                  00007eb6    00000002     --HOLE-- [fill = 0]
                  00007eb8    00000006                   : BIOS.obj (.text:ti_sysbios_family_arm_m3_Hwi_restoreFxn__E)
                  00007ebe    00000002     --HOLE-- [fill = 0]
                  00007ec0    00000006                   : BIOS.obj (.text:ti_sysbios_gates_GateHwi_leave__E)
                  00007ec6    00000002     --HOLE-- [fill = 0]
                  00007ec8    00000006                   : BIOS.obj (.text:ti_sysbios_heaps_HeapMem_isBlocking__E)
                  00007ece    00000002     --HOLE-- [fill = 0]
                  00007ed0    00000006                   : BIOS.obj (.text:ti_sysbios_knl_Queue_Instance_init__E)
                  00007ed6    00000002     --HOLE-- [fill = 0]
                  00007ed8    00000006                   : BIOS.obj (.text:ti_sysbios_knl_Swi_startup__E)
                  00007ede    00000006     ti.targets.arm.rtsarm.aem4f : System.oem4f (.text:xdc_runtime_System_Module_startup__E)
                  00007ee4    00000004     --HOLE-- [fill = 0]
                  00007ee8    00000004     sysbios.aem4f : BIOS.obj (.text:ti_sysbios_gates_GateHwi_query__E)
                  00007eec    00000004     --HOLE-- [fill = 0]
                  00007ef0    00000004                   : BIOS.obj (.text:ti_sysbios_gates_GateMutex_query__E)
                  00007ef4    00000004     --HOLE-- [fill = 0]
                  00007ef8    00000004                   : BIOS.obj (.text:ti_sysbios_knl_Task_startup__E)
                  00007efc    00000004     --HOLE-- [fill = 0]
                  00007f00    00000002                   : BIOS.obj (.text:ti_sysbios_gates_GateHwi_Instance_init__E)
                  00007f02    00000006     --HOLE-- [fill = 0]
                  00007f08    00000002                   : BIOS.obj (.text:ti_sysbios_knl_Clock_logTick__E)

.const     0    00007f0c    0000099f     
                  00007f0c    00000120     Boot.aem4f : Boot_sysctl.oem4f (.const:g_pppui32XTALtoVCO)
                  0000802c    00000090     driverlib.lib : gpio.obj (.const:g_pui32GPIOBaseAddrs)
                  000080bc    0000006c     Boot.aem4f : Boot_sysctl.oem4f (.const:g_pui32Xtals)
                  00008128    00000064     drivers_tivaware.aem4f : SPITivaDMA.oem4f (.const)
                  0000818c    00000054                            : GPIOTiva.oem4f (.const:.string)
                  000081e0    00000050     EK_TM4C1294XL.obj (.const:spiTivaDMAHWAttrs)
                  00008230    00000048     tcpEchoCC3100_pem4f.oem4f (.const:.string)
                  00008278    00000048     drivers_tivaware.aem4f : GPIOTiva.oem4f (.const:gpioBaseAddresses)
                  000082c0    0000003c     tcpEchoCC3100_pem4f.oem4f (.const:ti_sysbios_knl_Task_Object__PARAMS__C)
                  000082fc    00000038     wifi_cc3100_tivaware.aem4f : driver.oem4f (.const:_SlActionLookupTable)
                  00008334    00000034     tcpEchoCC3100_pem4f.oem4f (.const:ti_sysbios_knl_Mailbox_Object__PARAMS__C)
                  00008368    00000034     wifi_cc3100_tivaware.aem4f : socket.oem4f (.const)
                  0000839c    00000030     Boot.aem4f : Boot_sysctl.oem4f (.const:g_sXTALtoMEMTIM)
                  000083cc    00000030     tcpEchoCC3100_pem4f.oem4f (.const:ti_sysbios_family_arm_m3_Hwi_Object__PARAMS__C)
                  000083fc    00000028     tcpEchoCC3100_pem4f.oem4f (.const:ti_sysbios_heaps_HeapMem_Module__FXNS__C)
                  00008424    00000024     EK_TM4C1294XL.obj (.const:SPI_config)
                  00008448    00000024     tcpEchoCC3100_pem4f.oem4f (.const:ti_sysbios_gates_GateHwi_Module__FXNS__C)
                  0000846c    00000024     tcpEchoCC3100_pem4f.oem4f (.const:ti_sysbios_gates_GateMutex_Module__FXNS__C)
                  00008490    00000024     tcpEchoCC3100_pem4f.oem4f (.const:ti_sysbios_heaps_HeapMem_Object__PARAMS__C)
                  000084b4    00000024     tcpEchoCC3100_pem4f.oem4f (.const:ti_sysbios_knl_Semaphore_Object__PARAMS__C)
                  000084d8    00000024     tcpEchoCC3100_pem4f.oem4f (.const:xdc_runtime_Startup_sfxnTab__A)
                  000084fc    00000020     drivers_tivaware.aem4f : SPI.oem4f (.const)
                  0000851c    00000020     tcpEchoCC3100_pem4f.oem4f (.const:ti_sysbios_family_arm_m3_Hwi_Object__DESC__C)
                  0000853c    00000020     tcpEchoCC3100_pem4f.oem4f (.const:ti_sysbios_gates_GateHwi_Object__DESC__C)
                  0000855c    00000020     tcpEchoCC3100_pem4f.oem4f (.const:ti_sysbios_gates_GateMutex_Object__DESC__C)
                  0000857c    00000020     tcpEchoCC3100_pem4f.oem4f (.const:ti_sysbios_heaps_HeapMem_Object__DESC__C)
                  0000859c    00000020     tcpEchoCC3100_pem4f.oem4f (.const:ti_sysbios_knl_Mailbox_Object__DESC__C)
                  000085bc    00000020     tcpEchoCC3100_pem4f.oem4f (.const:ti_sysbios_knl_Queue_Object__DESC__C)
                  000085dc    00000020     tcpEchoCC3100_pem4f.oem4f (.const:ti_sysbios_knl_Semaphore_Object__DESC__C)
                  000085fc    00000020     tcpEchoCC3100_pem4f.oem4f (.const:ti_sysbios_knl_Task_Object__DESC__C)
                  0000861c    0000001c     EK_TM4C1294XL.obj (.const:wiFiCC3100HWAttrs)
                  00008638    00000018     EK_TM4C1294XL.obj (.const:WiFi_config)
                  00008650    00000018     tcpEchoCC3100_pem4f.oem4f (.const:ti_sysbios_gates_GateHwi_Object__PARAMS__C)
                  00008668    00000018     tcpEchoCC3100_pem4f.oem4f (.const:ti_sysbios_gates_GateMutex_Object__PARAMS__C)
                  00008680    00000018     tcpEchoCC3100_pem4f.oem4f (.const:ti_sysbios_knl_Queue_Object__PARAMS__C)
                  00008698    00000014     EK_TM4C1294XL.obj (.const:GPIOTiva_config)
                  000086ac    00000014     wifi_cc3100_tivaware.aem4f : device.oem4f (.const)
                  000086c0    00000014     tcpEchoCC3100_pem4f.oem4f (.const:xdc_runtime_Startup_firstFxns__A)
                  000086d4    00000012     tcpEchoCC3100_pem4f.oem4f (.const:xdc_runtime_Startup_sfxnRts__A)
                  000086e6    00000011     ti.targets.arm.rtsarm.aem4f : System.oem4f (.const:.string)
                  000086f7    00000001     tcpEchoCC3100_pem4f.oem4f (.const:xdc_runtime_Error_policy__C)
                  000086f8    00000010     wifi_cc3100_tivaware.aem4f : WiFiCC3100.oem4f (.const)
                  00008708    00000008     Boot.aem4f : Boot_sysctl.oem4f (.const)
                  00008710    00000008     tcpEchoCC3100_pem4f.oem4f (.const)
                  00008718    00000008     tcpEchoCC3100_pem4f.oem4f (.const:ti_sysbios_family_arm_m3_Hwi_excHookFuncs__A)
                  00008720    00000008     tcpEchoCC3100_pem4f.oem4f (.const:ti_sysbios_knl_Idle_funcList__C)
                  00008728    00000008     tcpEchoCC3100_pem4f.oem4f (.const:xdc_runtime_Startup_firstFxns__C)
                  00008730    00000008     tcpEchoCC3100_pem4f.oem4f (.const:xdc_runtime_Startup_lastFxns__C)
                  00008738    00000004     tcpEchoCC3100_pem4f.oem4f (.const:ti_catalog_arm_cortexm4_tiva_ce_Boot_A_mustNotUseEnhancedClockMode__C)
                  0000873c    00000004     tcpEchoCC3100_pem4f.oem4f (.const:ti_catalog_arm_cortexm4_tiva_ce_Boot_Module__diagsEnabled__C)
                  00008740    00000004     tcpEchoCC3100_pem4f.oem4f (.const:ti_catalog_arm_cortexm4_tiva_ce_Boot_Module__diagsIncluded__C)
                  00008744    00000004     tcpEchoCC3100_pem4f.oem4f (.const:ti_catalog_arm_cortexm4_tiva_ce_Boot_Module__diagsMask__C)
                  00008748    00000004     tcpEchoCC3100_pem4f.oem4f (.const:ti_sysbios_family_arm_lm4_Timer_enableFunc__C)
                  0000874c    00000004     tcpEchoCC3100_pem4f.oem4f (.const:ti_sysbios_family_arm_lm4_Timer_numTimerDevices__C)
                  00008750    00000004     tcpEchoCC3100_pem4f.oem4f (.const:ti_sysbios_family_arm_lm4_Timer_startupNeeded__C)
                  00008754    00000004     tcpEchoCC3100_pem4f.oem4f (.const:ti_sysbios_family_arm_m3_Hwi_E_NMI__C)
                  00008758    00000004     tcpEchoCC3100_pem4f.oem4f (.const:ti_sysbios_family_arm_m3_Hwi_E_alreadyDefined__C)
                  0000875c    00000004     tcpEchoCC3100_pem4f.oem4f (.const:ti_sysbios_family_arm_m3_Hwi_E_busFault__C)
                  00008760    00000004     tcpEchoCC3100_pem4f.oem4f (.const:ti_sysbios_family_arm_m3_Hwi_E_debugMon__C)
                  00008764    00000004     tcpEchoCC3100_pem4f.oem4f (.const:ti_sysbios_family_arm_m3_Hwi_E_hardFault__C)
                  00008768    00000004     tcpEchoCC3100_pem4f.oem4f (.const:ti_sysbios_family_arm_m3_Hwi_E_memFault__C)
                  0000876c    00000004     tcpEchoCC3100_pem4f.oem4f (.const:ti_sysbios_family_arm_m3_Hwi_E_noIsr__C)
                  00008770    00000004     tcpEchoCC3100_pem4f.oem4f (.const:ti_sysbios_family_arm_m3_Hwi_E_reserved__C)
                  00008774    00000004     tcpEchoCC3100_pem4f.oem4f (.const:ti_sysbios_family_arm_m3_Hwi_E_svCall__C)
                  00008778    00000004     tcpEchoCC3100_pem4f.oem4f (.const:ti_sysbios_family_arm_m3_Hwi_E_usageFault__C)
                  0000877c    00000004     tcpEchoCC3100_pem4f.oem4f (.const:ti_sysbios_family_arm_m3_Hwi_NUM_INTERRUPTS__C)
                  00008780    00000004     tcpEchoCC3100_pem4f.oem4f (.const:ti_sysbios_family_arm_m3_Hwi_Object__count__C)
                  00008784    00000004     tcpEchoCC3100_pem4f.oem4f (.const:ti_sysbios_family_arm_m3_Hwi_ccr__C)
                  00008788    00000004     tcpEchoCC3100_pem4f.oem4f (.const:ti_sysbios_family_arm_m3_Hwi_excHandlerFunc__C)
                  0000878c    00000004     tcpEchoCC3100_pem4f.oem4f (.const:ti_sysbios_family_arm_m3_Hwi_excHookFuncs__C)
                  00008790    00000004     tcpEchoCC3100_pem4f.oem4f (.const:ti_sysbios_family_arm_m3_Hwi_nullIsrFunc__C)
                  00008794    00000004     tcpEchoCC3100_pem4f.oem4f (.const:ti_sysbios_family_arm_m3_Hwi_priGroup__C)
                  00008798    00000004     tcpEchoCC3100_pem4f.oem4f (.const:ti_sysbios_family_arm_m3_TaskSupport_stackAlignment__C)
                  0000879c    00000004     tcpEchoCC3100_pem4f.oem4f (.const:ti_sysbios_gates_GateMutex_Instance_State_sem__O)
                  000087a0    00000004     tcpEchoCC3100_pem4f.oem4f (.const:ti_sysbios_hal_Hwi_E_stackOverflow__C)
                  000087a4    00000004     tcpEchoCC3100_pem4f.oem4f (.const:ti_sysbios_heaps_HeapMem_E_memory__C)
                  000087a8    00000004     tcpEchoCC3100_pem4f.oem4f (.const:ti_sysbios_heaps_HeapMem_Module__gateObj__C)
                  000087ac    00000004     tcpEchoCC3100_pem4f.oem4f (.const:ti_sysbios_heaps_HeapMem_Object__count__C)
                  000087b0    00000004     tcpEchoCC3100_pem4f.oem4f (.const:ti_sysbios_heaps_HeapMem_reqAlign__C)
                  000087b4    00000004     tcpEchoCC3100_pem4f.oem4f (.const:ti_sysbios_knl_Clock_Module_State_clockQ__O)
                  000087b8    00000004     tcpEchoCC3100_pem4f.oem4f (.const:ti_sysbios_knl_Clock_tickPeriod__C)
                  000087bc    00000004     tcpEchoCC3100_pem4f.oem4f (.const:ti_sysbios_knl_Idle_funcList__A)
                  000087c0    00000004     tcpEchoCC3100_pem4f.oem4f (.const:ti_sysbios_knl_Mailbox_Instance_State_dataQue__O)
                  000087c4    00000004     tcpEchoCC3100_pem4f.oem4f (.const:ti_sysbios_knl_Mailbox_Instance_State_dataSem__O)
                  000087c8    00000004     tcpEchoCC3100_pem4f.oem4f (.const:ti_sysbios_knl_Mailbox_Instance_State_freeQue__O)
                  000087cc    00000004     tcpEchoCC3100_pem4f.oem4f (.const:ti_sysbios_knl_Mailbox_Instance_State_freeSem__O)
                  000087d0    00000004     tcpEchoCC3100_pem4f.oem4f (.const:ti_sysbios_knl_Mailbox_Object__count__C)
                  000087d4    00000004     tcpEchoCC3100_pem4f.oem4f (.const:ti_sysbios_knl_Mailbox_maxTypeAlign__C)
                  000087d8    00000004     tcpEchoCC3100_pem4f.oem4f (.const:ti_sysbios_knl_Semaphore_Instance_State_pendQ__O)
                  000087dc    00000004     tcpEchoCC3100_pem4f.oem4f (.const:ti_sysbios_knl_Swi_Object__count__C)
                  000087e0    00000004     tcpEchoCC3100_pem4f.oem4f (.const:ti_sysbios_knl_Task_E_spOutOfBounds__C)
                  000087e4    00000004     tcpEchoCC3100_pem4f.oem4f (.const:ti_sysbios_knl_Task_E_stackOverflow__C)
                  000087e8    00000004     tcpEchoCC3100_pem4f.oem4f (.const:ti_sysbios_knl_Task_Module_State_inactiveQ__O)
                  000087ec    00000004     tcpEchoCC3100_pem4f.oem4f (.const:ti_sysbios_knl_Task_Object__count__C)
                  000087f0    00000004     tcpEchoCC3100_pem4f.oem4f (.const:ti_sysbios_knl_Task_allBlockedFunc__C)
                  000087f4    00000004     tcpEchoCC3100_pem4f.oem4f (.const:ti_sysbios_knl_Task_defaultStackHeap__C)
                  000087f8    00000004     tcpEchoCC3100_pem4f.oem4f (.const:ti_sysbios_knl_Task_defaultStackSize__C)
                  000087fc    00000004     tcpEchoCC3100_pem4f.oem4f (.const:ti_sysbios_knl_Task_numConstructedTasks__C)
                  00008800    00000004     tcpEchoCC3100_pem4f.oem4f (.const:xdc_runtime_Assert_E_assertFailed__C)
                  00008804    00000004     tcpEchoCC3100_pem4f.oem4f (.const:xdc_runtime_Core_A_initializedParams__C)
                  00008808    00000004     tcpEchoCC3100_pem4f.oem4f (.const:xdc_runtime_Core_Module__diagsEnabled__C)
                  0000880c    00000004     tcpEchoCC3100_pem4f.oem4f (.const:xdc_runtime_Core_Module__diagsIncluded__C)
                  00008810    00000004     tcpEchoCC3100_pem4f.oem4f (.const:xdc_runtime_Core_Module__diagsMask__C)
                  00008814    00000004     tcpEchoCC3100_pem4f.oem4f (.const:xdc_runtime_Error_E_memory__C)
                  00008818    00000004     tcpEchoCC3100_pem4f.oem4f (.const:xdc_runtime_Error_Module__diagsEnabled__C)
                  0000881c    00000004     tcpEchoCC3100_pem4f.oem4f (.const:xdc_runtime_Error_Module__diagsIncluded__C)
                  00008820    00000004     tcpEchoCC3100_pem4f.oem4f (.const:xdc_runtime_Error_Module__diagsMask__C)
                  00008824    00000004     tcpEchoCC3100_pem4f.oem4f (.const:xdc_runtime_Error_Module__loggerFxn8__C)
                  00008828    00000004     tcpEchoCC3100_pem4f.oem4f (.const:xdc_runtime_Error_Module__loggerObj__C)
                  0000882c    00000004     tcpEchoCC3100_pem4f.oem4f (.const:xdc_runtime_Error_policyFxn__C)
                  00008830    00000004     tcpEchoCC3100_pem4f.oem4f (.const:xdc_runtime_Error_raiseHook__C)
                  00008834    00000004     tcpEchoCC3100_pem4f.oem4f (.const:xdc_runtime_IGateProvider_Interface__BASE__C)
                  00008838    00000004     tcpEchoCC3100_pem4f.oem4f (.const:xdc_runtime_IHeap_Interface__BASE__C)
                  0000883c    00000004     tcpEchoCC3100_pem4f.oem4f (.const:xdc_runtime_IModule_Interface__BASE__C)
                  00008840    00000004     tcpEchoCC3100_pem4f.oem4f (.const:xdc_runtime_Log_L_error__C)
                  00008844    00000004     tcpEchoCC3100_pem4f.oem4f (.const:xdc_runtime_Memory_defaultHeapInstance__C)
                  00008848    00000004     tcpEchoCC3100_pem4f.oem4f (.const:xdc_runtime_Startup_execImpl__C)
                  0000884c    00000004     tcpEchoCC3100_pem4f.oem4f (.const:xdc_runtime_Startup_maxPasses__C)
                  00008850    00000004     tcpEchoCC3100_pem4f.oem4f (.const:xdc_runtime_Startup_sfxnRts__C)
                  00008854    00000004     tcpEchoCC3100_pem4f.oem4f (.const:xdc_runtime_Startup_sfxnTab__C)
                  00008858    00000004     tcpEchoCC3100_pem4f.oem4f (.const:xdc_runtime_SysMin_bufSize__C)
                  0000885c    00000004     tcpEchoCC3100_pem4f.oem4f (.const:xdc_runtime_SysMin_outputFunc__C)
                  00008860    00000004     tcpEchoCC3100_pem4f.oem4f (.const:xdc_runtime_System_Module__gateObj__C)
                  00008864    00000004     tcpEchoCC3100_pem4f.oem4f (.const:xdc_runtime_System_abortFxn__C)
                  00008868    00000004     tcpEchoCC3100_pem4f.oem4f (.const:xdc_runtime_System_exitFxn__C)
                  0000886c    00000004     tcpEchoCC3100_pem4f.oem4f (.const:xdc_runtime_System_extendFxn__C)
                  00008870    00000004     tcpEchoCC3100_pem4f.oem4f (.const:xdc_runtime_System_maxAtexitHandlers__C)
                  00008874    00000004     tcpEchoCC3100_pem4f.oem4f (.const:xdc_runtime_Text_charTab__C)
                  00008878    00000004     tcpEchoCC3100_pem4f.oem4f (.const:xdc_runtime_Text_nameEmpty__C)
                  0000887c    00000004     tcpEchoCC3100_pem4f.oem4f (.const:xdc_runtime_Text_nameStatic__C)
                  00008880    00000004     tcpEchoCC3100_pem4f.oem4f (.const:xdc_runtime_Text_nameUnknown__C)
                  00008884    00000004     tcpEchoCC3100_pem4f.oem4f (.const:xdc_runtime_Text_nodeTab__A)
                  00008888    00000004     tcpEchoCC3100_pem4f.oem4f (.const:xdc_runtime_Text_visitRopeFxn__C)
                  0000888c    00000002     tcpEchoCC3100_pem4f.oem4f (.const:ti_catalog_arm_cortexm4_tiva_ce_Boot_Module__id__C)
                  0000888e    00000002     tcpEchoCC3100_pem4f.oem4f (.const:ti_sysbios_family_arm_m3_Hwi_Module__id__C)
                  00008890    00000002     tcpEchoCC3100_pem4f.oem4f (.const:ti_sysbios_hal_Hwi_Module__id__C)
                  00008892    00000002     tcpEchoCC3100_pem4f.oem4f (.const:ti_sysbios_heaps_HeapMem_Module__id__C)
                  00008894    00000002     tcpEchoCC3100_pem4f.oem4f (.const:ti_sysbios_knl_Task_Module__id__C)
                  00008896    00000002     tcpEchoCC3100_pem4f.oem4f (.const:ti_sysbios_knl_Task_initStackFlag__C)
                  00008898    00000002     tcpEchoCC3100_pem4f.oem4f (.const:xdc_runtime_Core_Module__id__C)
                  0000889a    00000002     tcpEchoCC3100_pem4f.oem4f (.const:xdc_runtime_Error_Module__loggerDefined__C)
                  0000889c    00000002     tcpEchoCC3100_pem4f.oem4f (.const:xdc_runtime_Error_maxDepth__C)
                  0000889e    00000002     tcpEchoCC3100_pem4f.oem4f (.const:xdc_runtime_Memory_Module__id__C)
                  000088a0    00000002     tcpEchoCC3100_pem4f.oem4f (.const:xdc_runtime_SysMin_flushAtExit__C)
                  000088a2    00000002     tcpEchoCC3100_pem4f.oem4f (.const:xdc_runtime_Text_charCnt__C)
                  000088a4    00000002     tcpEchoCC3100_pem4f.oem4f (.const:xdc_runtime_Text_isLoaded__C)
                  000088a6    00000002     tcpEchoCC3100_pem4f.oem4f (.const:xdc_runtime_Text_registryModsLastId__C)
                  000088a8    00000002     tcpEchoCC3100_pem4f.oem4f (.const:xdc_runtime_Text_unnamedModsLastId__C)
                  000088aa    00000001     tcpEchoCC3100_pem4f.oem4f (.const:xdc_runtime_Text_charTab__A)

.cinit     0    000088b0    00000368     
                  000088b0    00000332     (.cinit..data.load) [load image, compression = rle]
                  00008be2    00000002     --HOLE-- [fill = 0]
                  00008be4    0000000c     (__TI_handler_table)
                  00008bf0    00000008     (.cinit..bss.load) [load image, compression = zero_init]
                  00008bf8    00000008     (.cinit..vecs.load) [load image, compression = zero_init]
                  00008c00    00000018     (__TI_cinit_table)

.init_array 
*          0    00000000    00000000     UNINITIALIZED

.vecs      0    20000000    00000360     UNINITIALIZED
                  20000000    00000360     tcpEchoCC3100_pem4f.oem4f (.vecs)

.bss       0    20000400    00002a48     UNINITIALIZED
                  20000400    00001400     tcpEchoCC3100_pem4f.oem4f (.bss:ti_sysbios_heaps_HeapMem_Instance_State_0_buf__A)
                  20001800    00000c00     tcpEchoCC3100_pem4f.oem4f (.bss:taskStackSection)
                  20002400    00000360     tcpEchoCC3100_pem4f.oem4f (.bss:ti_sysbios_family_arm_m3_Hwi_dispatchTable)
                  20002760    00000098     EK_TM4C1294XL.obj (.bss:spiTivaDMAObjects)
                  200027f8    00000008     (.common:parmbuf)
                  20002800    00000200     EK_TM4C1294XL.obj (.bss:dmaControlTable)
                  20002a00    00000200     tcpEchoCC3100_pem4f.oem4f (.bss:xdc_runtime_SysMin_Module_State_0_outbuf__A)
                  20002c00    00000120     rtsv7M4_T_le_v4SPD16_eabi.lib : trgmsg.obj (.bss:__CIOBUF_)
                  20002d20    00000090     drivers_tivaware.aem4f : GPIOTiva.oem4f (.bss:gpioCallbackInfo)
                  20002db0    00000068     EK_TM4C1294XL.obj (.bss:wiFiCC3100Objects)
                  20002e18    0000001c     (.common:dmaHwiStruct)
                  20002e34    00000004     (.common:SimpleLinkSpawnTaskHndl)
                  20002e38    00000004     (.common:gpioInterruptVectors)
                  20002e3c    00000004     (.common:simpleLink_mailbox)
                  20002e40    00000008     (.common:spiTivaDMAscratchBuf)

.data      0    20002e48    00000488     UNINITIALIZED
                  20002e48    00000154     tcpEchoCC3100_pem4f.oem4f (.data)
                  20002f9c    00000098     tcpEchoCC3100_pem4f.oem4f (.data:ti_sysbios_knl_Task_Object__table__V)
                  20003034    00000080     tcpEchoCC3100_pem4f.oem4f (.data:ti_sysbios_knl_Swi_Module_State_0_readyQ__A)
                  200030b4    00000044     tcpEchoCC3100_pem4f.oem4f (.data:ti_sysbios_knl_Task_Module__state__V)
                  200030f8    00000040     tcpEchoCC3100_pem4f.oem4f (.data:ti_sysbios_family_arm_lm4_Timer_Module_State_0_device__A)
                  20003138    00000040     tcpEchoCC3100_pem4f.oem4f (.data:ti_sysbios_family_arm_lm4_Timer_Object__table__V)
                  20003178    00000038     tcpEchoCC3100_pem4f.oem4f (.data:ti_sysbios_gates_GateMutex_Object__table__V)
                  200031b0    00000034     tcpEchoCC3100_pem4f.oem4f (.data:ti_sysbios_family_arm_m3_Hwi_Module__state__V)
                  200031e4    00000030     tcpEchoCC3100_pem4f.oem4f (.data:ti_sysbios_knl_Swi_Object__table__V)
                  20003214    0000002c     tcpEchoCC3100_pem4f.oem4f (.data:ti_sysbios_knl_Clock_Module__state__V)
                  20003240    00000024     tcpEchoCC3100_pem4f.oem4f (.data:ti_sysbios_BIOS_Module__state__V)
                  20003264    00000020     EK_TM4C1294XL.obj (.data)
                  20003284    00000019     wifi_cc3100_tivaware.aem4f : driver.oem4f (.data)
                  2000329d    00000003     --HOLE--
                  200032a0    00000008     rtsv7M4_T_le_v4SPD16_eabi.lib : _lock.obj (.data)
                  200032a8    00000008                                   : exit.obj (.data)
                  200032b0    00000008     sockets.obj (.data)
                  200032b8    00000005     drivers_tivaware.aem4f : GPIOTiva.oem4f (.data)
                  200032bd    00000003     --HOLE--
                  200032c0    00000004                            : SPI.oem4f (.data)
                  200032c4    00000004     rtsv7M4_T_le_v4SPD16_eabi.lib : stkdepth_vars.obj (.data)
                  200032c8    00000004     wifi_cc3100_tivaware.aem4f : WiFi.oem4f (.data)
                  200032cc    00000004                                : WiFiCC3100.oem4f (.data)

.stack     0    200032d0    00000400     UNINITIALIZED
                  200032d0    00000400     --HOLE--

.bootVecs 
*          0    00000000    00000008     DSECT
                  00000000    00000008     boot.aem4f : boot.oem4f (.bootVecs)

xdc.meta   0    00000000    00000104     COPY SECTION
                  00000000    00000104     tcpEchoCC3100_pem4f.oem4f (xdc.meta)

xdc.noload 
*          0    00000000    00000000     COPY SECTION

.TI.noinit 
*          0    20000400    00000000     UNINITIALIZED

.TI.persistent 
*          0    20002e48    00000000     UNINITIALIZED


LINKER GENERATED COPY TABLES

__TI_cinit_table @ 00008c00 records: 3, size/record: 8, table size: 24
	.data: load addr=000088b0, load size=00000332 bytes, run addr=20002e48, run size=00000488 bytes, compression=rle
	.bss: load addr=00008bf0, load size=00000008 bytes, run addr=20000400, run size=00002a48 bytes, compression=zero_init
	.vecs: load addr=00008bf8, load size=00000008 bytes, run addr=20000000, run size=00000360 bytes, compression=zero_init


LINKER GENERATED HANDLER TABLE

__TI_handler_table @ 00008be4 records: 3, size/record: 4, table size: 12
	index: 0, handler: __TI_decompress_rle24
	index: 1, handler: __TI_decompress_none
	index: 2, handler: __TI_zero_init


GLOBAL SYMBOLS: SORTED ALPHABETICALLY BY Name 

address   name                                                                 
-------   ----                                                                 
0000613d  C$$EXIT                                                              
00005187  C$$IO$$                                                              
000079f5  CC3100_disable                                                       
00007a09  CC3100_enable                                                        
00007751  CopyPingResultsToReport                                              
000045c9  EK_TM4C1294XL_initDMA                                                
00007e61  EK_TM4C1294XL_initGPIO                                               
00003805  EK_TM4C1294XL_initGeneral                                            
000041c9  EK_TM4C1294XL_initWiFi                                               
00007025  GPIODirModeSet                                                       
00007b43  GPIOIntClear                                                         
00007c81  GPIOIntDisable                                                       
00007ccf  GPIOIntEnable                                                        
00007c8f  GPIOIntStatus                                                        
00005a51  GPIOIntTypeSet                                                       
0000222d  GPIOPadConfigSet                                                     
00005eb9  GPIOPinConfigure                                                     
00007b0d  GPIOPinTypeGPIOInput                                                 
000077b9  GPIOPinTypeGPIOOutput                                                
00007b1f  GPIOPinTypeSSI                                                       
00007cab  GPIOPinWrite                                                         
00008698  GPIOTiva_config                                                      
00005229  GPIO_hwiIntFxn                                                       
00004001  GPIO_init                                                            
00005b51  GPIO_setCallback                                                     
00001d21  GPIO_setConfig                                                       
00005ba1  GPIO_write                                                           
000011ad  HOSTclock                                                            
00001175  HOSTclose                                                            
00001137  HOSTgetenv                                                           
000010db  HOSTlseek                                                            
00001089  HOSTopen                                                             
0000103d  HOSTread                                                             
00000fdf  HOSTrename                                                           
00000fa5  HOSTtime                                                             
00000f6d  HOSTunlink                                                           
00000f21  HOSTwrite                                                            
UNDEFED   SHT$$INIT_ARRAY$$Base                                                
UNDEFED   SHT$$INIT_ARRAY$$Limit                                               
00008710  SPAWN_TASK_PRI                                                       
000065b1  SPITivaDMA_close                                                     
00007d0b  SPITivaDMA_control                                                   
00008128  SPITivaDMA_fxnTable                                                  
000060f7  SPITivaDMA_hwiFxn                                                    
00007de9  SPITivaDMA_init                                                      
00002db1  SPITivaDMA_open                                                      
00003fff  SPITivaDMA_serviceISR                                                
000054e5  SPITivaDMA_transfer                                                  
00006369  SPITivaDMA_transferCancel                                            
00007a1d  SPI_Params_init                                                      
00007df3  SPI_close                                                            
00008424  SPI_config                                                           
000084fc  SPI_defaultParams                                                    
00006851  SPI_init                                                             
000077d1  SPI_open                                                             
00007dfd  SPI_transfer                                                         
000065ed  SSIConfigSetExpClk                                                   
00007e07  SSIDMADisable                                                        
00007e69  SSIDMAEnable                                                         
00007b31  SSIDataGetNonBlocking                                                
00007e11  SSIDisable                                                           
00007e1b  SSIEnable                                                            
00001a5d  SSIIntClear                                                          
00007e25  SSIIntDisable                                                        
00007e71  SSIIntEnable                                                         
0000716d  SimpleLinkNetAppEventHandler                                         
20002e34  SimpleLinkSpawnTaskHndl                                              
00006bb5  SimpleLinkWlanEventHandler                                           
00006a11  SysCtlPeripheralEnable                                               
00005bf1  SysCtlPeripheralReset                                                
20002fe8  TSK_idle                                                             
[...]
00007ef1  ti_sysbios_BIOS_RtsGateProxy_query__E                                
00007ef1  ti_sysbios_gates_GateMutex_query__E                                  
00007ef1  ti_sysbios_heaps_HeapMem_Module_GateProxy_query__E                   
00007ef9  ti_sysbios_knl_Task_startup__E                                       
00007f01  ti_sysbios_gates_GateHwi_Instance_init__E                            
00007f09  ti_sysbios_knl_Clock_logTick__E                                      
00008128  SPITivaDMA_fxnTable                                                  
000081e0  spiTivaDMAHWAttrs                                                    
000082c0  ti_sysbios_knl_Task_Object__PARAMS__C                                
000082fc  _SlActionLookupTable                                                 
00008334  ti_sysbios_knl_Mailbox_Object__PARAMS__C                             
00008368  _SlSockSocketCmdCtrl                                                 
0000836c  _SlSockCloseCmdCtrl                                                  
00008370  _SlRecvfomCmdCtrl                                                    
00008374  _SlSendCmdCtrl                                                       
00008378  _SlListenCmdCtrl                                                     
0000837c  _SlAcceptCmdCtrl                                                     
00008380  _SlRecvCmdCtrl                                                       
00008384  _SlSetSockOptCmdCtrl                                                 
00008388  _SlGetSockOptCmdCtrl                                                 
0000838c  _SlSelectCmdCtrl                                                     
000083cc  ti_sysbios_family_arm_m3_Hwi_Object__PARAMS__C                       
000083fc  ti_sysbios_heaps_HeapMem_Module__FXNS__C                             
00008424  SPI_config                                                           
00008448  ti_sysbios_gates_GateHwi_Module__FXNS__C                             
0000846c  ti_sysbios_gates_GateMutex_Module__FXNS__C                           
00008490  ti_sysbios_heaps_HeapMem_Object__PARAMS__C                           
000084b4  ti_sysbios_knl_Semaphore_Object__PARAMS__C                           
000084d8  xdc_runtime_Startup_sfxnTab__A                                       
000084fc  SPI_defaultParams                                                    
0000851c  ti_sysbios_family_arm_m3_Hwi_Object__DESC__C                         
0000853c  ti_sysbios_gates_GateHwi_Object__DESC__C                             
0000855c  ti_sysbios_gates_GateMutex_Object__DESC__C                           
0000857c  ti_sysbios_heaps_HeapMem_Object__DESC__C                             
0000859c  ti_sysbios_knl_Mailbox_Object__DESC__C                               
000085bc  ti_sysbios_knl_Queue_Object__DESC__C                                 
000085dc  ti_sysbios_knl_Semaphore_Object__DESC__C                             
000085fc  ti_sysbios_knl_Task_Object__DESC__C                                  
0000861c  wiFiCC3100HWAttrs                                                    
00008638  WiFi_config                                                          
00008650  ti_sysbios_gates_GateHwi_Object__PARAMS__C                           
00008668  ti_sysbios_gates_GateMutex_Object__PARAMS__C                         
00008680  ti_sysbios_knl_Queue_Object__PARAMS__C                               
00008698  GPIOTiva_config                                                      
000086ac  _SlStopCmdCtrl                                                       
000086b0  _SlEventMaskSetCmdCtrl                                               
000086b4  _SlEventMaskGetCmdCtrl                                               
000086b8  _SlDeviceGetCmdCtrl                                                  
000086bc  _SlDeviceSetCmdCtrl                                                  
000086c0  xdc_runtime_Startup_firstFxns__A                                     
000086d4  xdc_runtime_Startup_sfxnRts__A                                       
000086f7  xdc_runtime_Error_policy__C                                          
000086f8  WiFiCC3100_fxnTable                                                  
00008710  SPAWN_TASK_PRI                                                       
00008714  echoTask                                                             
00008718  ti_sysbios_family_arm_m3_Hwi_excHookFuncs__A                         
00008720  ti_sysbios_knl_Idle_funcList__C                                      
00008728  xdc_runtime_Startup_firstFxns__C                                     
00008730  xdc_runtime_Startup_lastFxns__C                                      
00008738  ti_catalog_arm_cortexm4_tiva_ce_Boot_A_mustNotUseEnhancedClockMode__C
0000873c  ti_catalog_arm_cortexm4_tiva_ce_Boot_Module__diagsEnabled__C         
00008740  ti_catalog_arm_cortexm4_tiva_ce_Boot_Module__diagsIncluded__C        
00008744  ti_catalog_arm_cortexm4_tiva_ce_Boot_Module__diagsMask__C            
00008748  ti_sysbios_family_arm_lm4_Timer_enableFunc__C                        
0000874c  ti_sysbios_family_arm_lm4_Timer_numTimerDevices__C                   
00008750  ti_sysbios_family_arm_lm4_Timer_startupNeeded__C                     
00008754  ti_sysbios_family_arm_m3_Hwi_E_NMI__C                                
00008758  ti_sysbios_family_arm_m3_Hwi_E_alreadyDefined__C                     
0000875c  ti_sysbios_family_arm_m3_Hwi_E_busFault__C                           
00008760  ti_sysbios_family_arm_m3_Hwi_E_debugMon__C                           
00008764  ti_sysbios_family_arm_m3_Hwi_E_hardFault__C                          
00008768  ti_sysbios_family_arm_m3_Hwi_E_memFault__C                           
0000876c  ti_sysbios_family_arm_m3_Hwi_E_noIsr__C                              
00008770  ti_sysbios_family_arm_m3_Hwi_E_reserved__C                           
00008774  ti_sysbios_family_arm_m3_Hwi_E_svCall__C                             
00008778  ti_sysbios_family_arm_m3_Hwi_E_usageFault__C                         
0000877c  ti_sysbios_family_arm_m3_Hwi_NUM_INTERRUPTS__C                       
00008780  ti_sysbios_family_arm_m3_Hwi_Object__count__C                        
00008784  ti_sysbios_family_arm_m3_Hwi_ccr__C                                  
00008788  ti_sysbios_family_arm_m3_Hwi_excHandlerFunc__C                       
0000878c  ti_sysbios_family_arm_m3_Hwi_excHookFuncs__C                         
00008790  ti_sysbios_family_arm_m3_Hwi_nullIsrFunc__C                          
00008794  ti_sysbios_family_arm_m3_Hwi_priGroup__C                             
00008798  ti_sysbios_family_arm_m3_TaskSupport_stackAlignment__C               
0000879c  ti_sysbios_gates_GateMutex_Instance_State_sem__O                     
000087a0  ti_sysbios_hal_Hwi_E_stackOverflow__C                                
000087a4  ti_sysbios_heaps_HeapMem_E_memory__C                                 
000087a8  ti_sysbios_heaps_HeapMem_Module__gateObj__C                          
000087ac  ti_sysbios_heaps_HeapMem_Object__count__C                            
000087b0  ti_sysbios_heaps_HeapMem_reqAlign__C                                 
000087b4  ti_sysbios_knl_Clock_Module_State_clockQ__O                          
000087b8  ti_sysbios_knl_Clock_tickPeriod__C                                   
000087bc  ti_sysbios_knl_Idle_funcList__A                                      
000087c0  ti_sysbios_knl_Mailbox_Instance_State_dataQue__O                     
000087c4  ti_sysbios_knl_Mailbox_Instance_State_dataSem__O                     
000087c8  ti_sysbios_knl_Mailbox_Instance_State_freeQue__O                     
000087cc  ti_sysbios_knl_Mailbox_Instance_State_freeSem__O                     
000087d0  ti_sysbios_knl_Mailbox_Object__count__C                              
000087d4  ti_sysbios_knl_Mailbox_maxTypeAlign__C                               
000087d8  ti_sysbios_knl_Semaphore_Instance_State_pendQ__O                     
000087dc  ti_sysbios_knl_Swi_Object__count__C                                  
000087e0  ti_sysbios_knl_Task_E_spOutOfBounds__C                               
000087e4  ti_sysbios_knl_Task_E_stackOverflow__C                               
000087e8  ti_sysbios_knl_Task_Module_State_inactiveQ__O                        
000087ec  ti_sysbios_knl_Task_Object__count__C                                 
000087f0  ti_sysbios_knl_Task_allBlockedFunc__C                                
000087f4  ti_sysbios_knl_Task_defaultStackHeap__C                              
000087f8  ti_sysbios_knl_Task_defaultStackSize__C                              
000087fc  ti_sysbios_knl_Task_numConstructedTasks__C                           
00008800  xdc_runtime_Assert_E_assertFailed__C                                 
00008804  xdc_runtime_Core_A_initializedParams__C                              
00008808  xdc_runtime_Core_Module__diagsEnabled__C                             
0000880c  xdc_runtime_Core_Module__diagsIncluded__C                            
00008810  xdc_runtime_Core_Module__diagsMask__C                                
00008814  xdc_runtime_Error_E_memory__C                                        
00008818  xdc_runtime_Error_Module__diagsEnabled__C                            
0000881c  xdc_runtime_Error_Module__diagsIncluded__C                           
00008820  xdc_runtime_Error_Module__diagsMask__C                               
00008824  xdc_runtime_Error_Module__loggerFxn8__C                              
00008828  xdc_runtime_Error_Module__loggerObj__C                               
0000882c  xdc_runtime_Error_policyFxn__C                                       
00008830  xdc_runtime_Error_raiseHook__C                                       
00008834  xdc_runtime_IGateProvider_Interface__BASE__C                         
00008838  xdc_runtime_IHeap_Interface__BASE__C                                 
0000883c  xdc_runtime_IModule_Interface__BASE__C                               
00008840  xdc_runtime_Log_L_error__C                                           
00008844  xdc_runtime_Memory_defaultHeapInstance__C                            
00008848  xdc_runtime_Startup_execImpl__C                                      
0000884c  xdc_runtime_Startup_maxPasses__C                                     
00008850  xdc_runtime_Startup_sfxnRts__C                                       
00008854  xdc_runtime_Startup_sfxnTab__C                                       
00008858  xdc_runtime_SysMin_bufSize__C                                        
0000885c  xdc_runtime_SysMin_outputFunc__C                                     
00008860  xdc_runtime_System_Module__gateObj__C                                
00008864  xdc_runtime_System_abortFxn__C                                       
00008868  xdc_runtime_System_exitFxn__C                                        
0000886c  xdc_runtime_System_extendFxn__C                                      
00008870  xdc_runtime_System_maxAtexitHandlers__C                              
00008874  xdc_runtime_Text_charTab__C                                          
00008878  xdc_runtime_Text_nameEmpty__C                                        
0000887c  xdc_runtime_Text_nameStatic__C                                       
00008880  xdc_runtime_Text_nameUnknown__C                                      
00008884  xdc_runtime_Text_nodeTab__A                                          
00008888  xdc_runtime_Text_visitRopeFxn__C                                     
0000888c  ti_catalog_arm_cortexm4_tiva_ce_Boot_Module__id__C                   
0000888e  ti_sysbios_family_arm_m3_Hwi_Module__id__C                           
00008890  ti_sysbios_hal_Hwi_Module__id__C                                     
00008892  ti_sysbios_heaps_HeapMem_Module__id__C                               
00008894  ti_sysbios_knl_Task_Module__id__C                                    
00008896  ti_sysbios_knl_Task_initStackFlag__C                                 
00008898  xdc_runtime_Core_Module__id__C                                       
0000889a  xdc_runtime_Error_Module__loggerDefined__C                           
0000889c  xdc_runtime_Error_maxDepth__C                                        
0000889e  xdc_runtime_Memory_Module__id__C                                     
000088a0  xdc_runtime_SysMin_flushAtExit__C                                    
000088a2  xdc_runtime_Text_charCnt__C                                          
000088a4  xdc_runtime_Text_isLoaded__C                                         
000088a6  xdc_runtime_Text_registryModsLastId__C                               
000088a8  xdc_runtime_Text_unnamedModsLastId__C                                
000088aa  xdc_runtime_Text_charTab__A                                          
000088b0  __TI_static_base__                                                   
00008be4  __TI_Handler_Table_Base                                              
00008bf0  __TI_Handler_Table_Limit                                             
00008c00  __TI_CINIT_Base                                                      
00008c18  __TI_CINIT_Limit                                                     
20000000  ti_sysbios_family_arm_m3_Hwi_ramVectors                              
20000400  ti_sysbios_heaps_HeapMem_Instance_State_0_buf__A                     
20001800  ti_sysbios_knl_Task_Instance_State_0_stack__A                        
20001c00  ti_sysbios_knl_Task_Instance_State_1_stack__A                        
20002400  ti_sysbios_family_arm_m3_Hwi_dispatchTable                           
20002760  spiTivaDMAObjects                                                    
20002a00  xdc_runtime_SysMin_Module_State_0_outbuf__A                          
20002c00  __CIOBUF_                                                            
20002db0  wiFiCC3100Objects                                                    
20002e34  SimpleLinkSpawnTaskHndl                                              
20002e3c  simpleLink_mailbox                                                   
20002e40  spiTivaDMAscratchBuf                                                 
20002e48  ti_sysbios_family_arm_lm4_Timer_Module__root__V                      
20002e50  ti_sysbios_family_arm_lm4_Timer_Module_State_0_handles__A            
20002e70  ti_sysbios_family_arm_lm4_Timer_Module__state__V                     
20002e7c  ti_sysbios_family_arm_m3_Hwi_Module__root__V                         
20002e84  ti_sysbios_family_arm_m3_Hwi_Object__table__V                        
20002e9c  ti_sysbios_family_arm_m3_Hwi_Module_State_0_excActive__A             
20002ea0  ti_sysbios_family_arm_m3_Hwi_Module_State_0_excContext__A            
20002ea4  ti_sysbios_family_arm_m3_Hwi_Module_State_0_excStack__A              
20002ea8  ti_sysbios_gates_GateHwi_Module__root__V                             
20002eb0  ti_sysbios_gates_GateHwi_Object__table__V                            
20002eb4  ti_sysbios_gates_GateMutex_Module__root__V                           
20002ebc  ti_sysbios_hal_Hwi_Module__root__V                                   
20002ec4  ti_sysbios_heaps_HeapMem_Module__root__V                             
20002ecc  ti_sysbios_heaps_HeapMem_Object__table__V                            
20002ee4  ti_sysbios_knl_Clock_Module__root__V                                 
20002eec  ti_sysbios_knl_Event_Module__root__V                                 
20002ef4  ti_sysbios_knl_Mailbox_Module__root__V                               
20002efc  ti_sysbios_knl_Queue_Module__root__V                                 
20002f04  ti_sysbios_knl_Semaphore_Module__root__V                             
20002f0c  ti_sysbios_knl_Swi_Module__root__V                                   
20002f14  ti_sysbios_knl_Swi_Module__state__V                                  
20002f30  ti_sysbios_knl_Task_Module__root__V                                  
20002f38  ti_sysbios_knl_Task_Module_State_0_readyQ__A                         
20002f58  ti_sysbios_knl_Task_Module_State_0_idleTask__A                       
20002f5c  xdc_runtime_Error_Module__state__V                                   
20002f60  xdc_runtime_Memory_Module__state__V                                  
20002f64  xdc_runtime_Registry_Module__state__V                                
20002f6c  xdc_runtime_Startup_Module__state__V                                 
20002f74  xdc_runtime_SysMin_Module__state__V                                  
20002f80  xdc_runtime_System_Module_State_0_atexitHandlers__A                  
20002f88  xdc_runtime_System_Module__state__V                                  
20002f90  xdc_runtime_Text_Module__state__V                                    
20002f98  __xdc__init__addr                                                    
20002f9c  ti_sysbios_knl_Task_Object__table__V                                 
20002fe8  TSK_idle                                                             
20003034  ti_sysbios_knl_Swi_Module_State_0_readyQ__A                          
200030b4  ti_sysbios_knl_Task_Module__state__V                                 
200030f8  ti_sysbios_family_arm_lm4_Timer_Module_State_0_device__A             
20003138  ti_sysbios_family_arm_lm4_Timer_Object__table__V                     
20003178  ti_sysbios_gates_GateMutex_Object__table__V                          
200031b0  ti_sysbios_family_arm_m3_Hwi_Module__state__V                        
200031e4  ti_sysbios_knl_Swi_Object__table__V                                  
20003214  ti_sysbios_knl_Clock_Module__state__V                                
20003240  ti_sysbios_BIOS_Module__state__V                                     
20003265  macAddress                                                           
2000326c  gpioPinConfigs                                                       
2000327c  gpioCallbackFunctions                                                
20003284  g_H2NSyncPattern                                                     
2000328c  g_H2NCnysPattern                                                     
20003294  g_pCB                                                                
20003298  pPingCallBackFunc                                                    
2000329c  gFirstCmdMode                                                        
200032a0  _lock                                                                
200032a4  _unlock                                                              
200032a8  __TI_cleanup_ptr                                                     
200032ac  __TI_dtors_ptr                                                       
200032b0  deviceConnected                                                      
200032b1  ipAcquired                                                           
200032b4  g_Status                                                             
200032c4  main_func_sp                                                         
200032d0  __stack                                                              
200034d0  __STACK_TOP                                                          
200036d0  __STACK_END                                                          
e000e000  ti_sysbios_family_arm_m3_Hwi_nvic                                    
ffffffff  __binit__                                                            
ffffffff  __c_args__                                                           
ffffffff  binit                                                                
UNDEFED   SHT$$INIT_ARRAY$$Base                                                
UNDEFED   SHT$$INIT_ARRAY$$Limit                                               

[716 symbols]
