******************************************************************************
                  TI ARM Linker PC v5.2.5                      
******************************************************************************
>> Linked Mon Feb 01 20:50:43 2016

OUTPUT FILE NAME:   <TrabajoSEPA.out>
ENTRY POINT SYMBOL: "_c_int00"  address: 000079f1


MEMORY CONFIGURATION

         name            origin    length      used     unused   attr    fill
----------------------  --------  ---------  --------  --------  ----  --------
  FLASH                 00000000   00100000  0000b371  000f4c8f  R  X
  SRAM                  20000000   00040000  000049d4  0003b62c  RW X


SEGMENT ALLOCATION MAP

run origin  load origin   length   init length attrs members
----------  ----------- ---------- ----------- ----- -------
00000000    00000000    0000b380   0000b380    r-x
  00000000    00000000    0000003c   0000003c    r-- .resetVecs
  00000040    00000040    0000a39a   0000a39a    r-x .text
  0000a3e0    0000a3e0    00000b2b   00000b2b    r-- .const
  0000af10    0000af10    00000470   00000470    r-- .cinit
20000000    20000000    00000360   00000000    rw-
  20000000    20000000    00000360   00000000    rw- .vecs
20000400    20000400    00004674   00000000    rw-
  20000400    20000400    00003b08   00000000    rw- .bss
  20003f08    20003f08    0000076c   00000000    rw- .data
  20004674    20004674    00000400   00000000    rw- .stack


SECTION ALLOCATION MAP

 output                                  attributes/
section   page    origin      length       input sections
--------  ----  ----------  ----------   ----------------
.resetVecs 
*          0    00000000    0000003c     
                  00000000    0000003c     tcpEchoCC3100_pem4f.oem4f (.resetVecs)

.text      0    00000040    0000a39a     
                  00000040    0000052c     Control.obj (.text:Control_interrupt)
                  0000056c    00000498     rtsv7M4_T_le_v4SPD16_eabi.lib : pow.obj (.text)
                  00000a04    00000004     driverlib.lib : ssi.obj (.text:SSIIntClear)
                  00000a08    00000430     sysbios.aem4f : BIOS.obj (.text:ti_sysbios_family_arm_m3_Hwi_excDumpRegs__I)
                  00000e38    000003f4     wifi_cc3100_tivaware.aem4f : driver.oem4f (.text:_SlDrvMsgRead)
                  0000122c    00000370                                : driver.oem4f (.text:_SlAsyncEventGenericHandler)
                  0000159c    0000034c     ti.targets.arm.rtsarm.aem4f : System.oem4f (.text:xdc_runtime_System_doPrint__I)
                  000018e8    000002ec     rtsv7M4_T_le_v4SPD16_eabi.lib : xlog.obj (.text)
                  00001bd4    000002d4                                   : trgdrv.obj (.text)
                  00001ea8    00000224     tcpEchoCC3100.obj (.text:echoFxn)
                  000020cc    00000204     Boot.aem4f : Boot_sysctl.oem4f (.text:ti_catalog_arm_cortexm4_tiva_ce_Boot_sysCtlClockFreqSetI__I)
                  000022d0    000001fc     rtsv7M4_T_le_v4SPD16_eabi.lib : xexp.obj (.text)
                  000024cc    00000004     wifi_cc3100_tivaware.aem4f : osi_tirtos.oem4f (.text:mem_Malloc)
                  000024d0    000001fc     sysbios.aem4f : BIOS.obj (.text:ti_sysbios_family_arm_m3_Hwi_excHandlerMax__I)
                  000026cc    000001f0     Kinematics.obj (.text:Kinematics_Module_Execution)
                  000028bc    000001b6     rtsv7M4_T_le_v4SPD16_eabi.lib : fd_add_t2.obj (.text)
                  00002a72    00000002     drivers_tivaware.aem4f : SPITivaDMA.oem4f (.text:SPITivaDMA_serviceISR)
                  00002a74    0000018c     rtsv7M4_T_le_v4SPD16_eabi.lib : xatan.obj (.text)
                  00002c00    0000017c     Control.obj (.text:_Left_Motor_Speed)
                  00002d7c    0000017c     Control.obj (.text:_Right_Motor_Speed)
                  00002ef8    0000017c     rtsv7M4_T_le_v4SPD16_eabi.lib : atan2.obj (.text)
                  00003074    00000174     wifi_cc3100_tivaware.aem4f : driver.oem4f (.text:_SlDrvDataReadOp)
                  000031e8    00000174     rtsv7M4_T_le_v4SPD16_eabi.lib : fmod.obj (.text)
                  0000335c    00000004     tcpEchoCC3100_pem4f.oem4f (.text:ti_sysbios_BIOS_RtsGateProxy_enter__E)
                  00003360    00000174     sysbios.aem4f : BIOS.obj (.text:ti_sysbios_family_arm_m3_Hwi_excBusFault__I)
                  000034d4    00000004     tcpEchoCC3100_pem4f.oem4f (.text:ti_sysbios_BIOS_RtsGateProxy_leave__E)
                  000034d8    00000164     sysbios.aem4f : BIOS.obj (.text:ti_sysbios_family_arm_m3_Hwi_excUsageFault__I)
                  0000363c    00000004                   : BIOS.obj (.text:ti_sysbios_family_arm_lm4_Timer_masterEnable__I)
                  00003640    00000158                   : BIOS.obj (.text:ti_sysbios_knl_Semaphore_pend__E)
                  00003798    00000148     drivers_tivaware.aem4f : GPIOTiva.oem4f (.text:GPIO_setConfig)
                  000038e0    00000148     rtsv7M4_T_le_v4SPD16_eabi.lib : sqrt.obj (.text)
                  00003a28    00000148     sysbios.aem4f : BIOS.obj (.text:ti_sysbios_family_arm_m3_Hwi_excMemFault__I)
                  00003b70    00000140     wifi_cc3100_tivaware.aem4f : driver.oem4f (.text:_SlDrvRxHdrRead)
                  00003cb0    00000136     rtsv7M4_T_le_v4SPD16_eabi.lib : fd_div_t2.obj (.text)
                  00003de6    00000130     driverlib.lib : gpio.obj (.text:GPIOPadConfigSet)
                  00003f16    00000002     rtsv7M4_T_le_v4SPD16_eabi.lib : i_div0.obj (.text)
                  00003f18    00000120     wifi_cc3100_tivaware.aem4f : driver.oem4f (.text:_SlDrvMsgWrite)
                  00004038    00000120                                : driver.oem4f (.text:_SlDrvWaitForPoolObj)
                  00004158    00000120                                : socket.oem4f (.text:sl_Accept)
                  00004278    0000011c     Control.obj (.text:PWM_ControlInit)
                  00004394    00000118     ti.targets.arm.rtsarm.aem4f : Error.oem4f (.text:xdc_runtime_Error_policyDefault__E)
                  000044ac    00000110     rtsv7M4_T_le_v4SPD16_eabi.lib : xdscale.obj (.text)
                  000045bc    00000004     tcpEchoCC3100_pem4f.oem4f (.text:ti_sysbios_family_arm_m3_Hwi_destruct)
                  000045c0    00000108     sysbios.aem4f : BIOS.obj (.text:ti_sysbios_family_arm_lm4_Timer_start__E)
                  000046c8    00000100     ti.targets.arm.rtsarm.aem4f : Core-mem.oem4f (.text:xdc_runtime_Core_createObject__I)
                  000047c8    000000fc     rtsv7M4_T_le_v4SPD16_eabi.lib : fd_mul_t2.obj (.text)
                  000048c4    000000f8     ti.targets.arm.rtsarm.aem4f : Startup.oem4f (.text:xdc_runtime_Startup_startMods__I)
                  000049bc    000000f8     tcpEchoCC3100_pem4f.oem4f (.text:xdc_runtime_System_printfExtend__I)
                  00004ab4    000000f4     sysbios.aem4f : m3_Hwi_asm.obj (.text:ti_sysbios_family_arm_m3_Hwi_dispatch__I)
                  00004ba8    000000ec     wifi_cc3100_tivaware.aem4f : driver.oem4f (.text:_SlDrvReleasePoolObj)
                  00004c94    000000e0     drivers_tivaware.aem4f : SPITivaDMA.oem4f (.text:SPITivaDMA_open)
                  00004d74    000000d4     wifi_cc3100_tivaware.aem4f : WiFiCC3100.oem4f (.text:WiFiCC3100_open)
                  00004e48    000000d4     sysbios.aem4f : BIOS.obj (.text:ti_sysbios_knl_Mailbox_Instance_init__E)
                  00004f1c    000000cc     wifi_cc3100_tivaware.aem4f : device.oem4f (.text:sl_Stop)
                  00004fe8    000000cc     sysbios.aem4f : BIOS.obj (.text:ti_sysbios_heaps_HeapMem_alloc__E)
                  000050b4    00000004     tcpEchoCC3100_pem4f.oem4f (.text:ti_sysbios_family_arm_m3_TaskSupport_Module__startupDone__S)
                  000050b8    000000cc     sysbios.aem4f : BIOS.obj (.text:ti_sysbios_knl_Task_Instance_init__E)
                  00005184    000000cc     ti.targets.arm.rtsarm.aem4f : Core-smem.oem4f (.text:xdc_runtime_Core_constructObject__I)
                  00005250    000000c4     wifi_cc3100_tivaware.aem4f : device.oem4f (.text:sl_Start)
                  00005314    000000c0     drivers_tivaware.aem4f : SPITivaDMA.oem4f (.text:SPITivaDMA_configDMA)
                  000053d4    000000c0     rtsv7M4_T_le_v4SPD16_eabi.lib : xdint.obj (.text)
                  00005494    00000004     tcpEchoCC3100_pem4f.oem4f (.text:ti_sysbios_heaps_HeapMem_Module_GateProxy_enter__E)
                  00005498    000000c0     sysbios.aem4f : BIOS.obj (.text:ti_sysbios_knl_Task_sleep__E)
                  00005558    000000be     rtsv7M4_T_le_v4SPD16_eabi.lib : xdnorm.obj (.text)
                  00005616    00000002     tcpEchoCC3100_pem4f.oem4f (.text:ti_sysbios_BIOS_nullFunc__I)
                  00005618    000000bc     sysbios.aem4f : BIOS.obj (.text:ti_sysbios_family_arm_m3_Hwi_excDebugMon__I)
                  000056d4    00000004     tcpEchoCC3100_pem4f.oem4f (.text:ti_sysbios_heaps_HeapMem_Module_GateProxy_leave__E)
                  000056d8    000000bc     sysbios.aem4f : BIOS.obj (.text:ti_sysbios_family_arm_m3_Hwi_excHardFault__I)
                  00005794    00000004     tcpEchoCC3100_pem4f.oem4f (.text:ti_sysbios_knl_Clock_TimerProxy_getMaxTicks__E)
                  00005798    000000bc     sysbios.aem4f : BIOS.obj (.text:ti_sysbios_knl_Task_Instance_finalize__E)
                  00005854    000000b8     EK_TM4C1294XL.obj (.text:EK_TM4C1294XL_initGeneral)
                  0000590c    000000b8     wifi_cc3100_tivaware.aem4f : driver.oem4f (.text:_SlDrvMsgReadCmdCtx)
                  000059c4    000000b8     tcpEchoCC3100.obj (.text:main)
                  00005a7c    00000004     tcpEchoCC3100_pem4f.oem4f (.text:ti_sysbios_knl_Mailbox_delete)
                  00005a80    000000b4     sysbios.aem4f : BIOS.obj (.text:ti_sysbios_knl_Task_checkStacks__E)
                  00005b34    00000004     tcpEchoCC3100_pem4f.oem4f (.text:ti_sysbios_knl_Queue_destruct)
                  00005b38    000000ac     sysbios.aem4f : BIOS.obj (.text:ti_sysbios_family_arm_lm4_Timer_enableTiva__I)
                  00005be4    000000a8     sockets.obj (.text:socketsStartUp)
                  00005c8c    000000a4     drivers_tivaware.aem4f : SPITivaDMA.oem4f (.text:SPITivaDMA_initHw)
                  00005d30    000000a0     auto_init.aem4f : auto_init.oem4f (.text)
                  00005dd0    000000a0     ti.targets.arm.rtsarm.aem4f : Text.oem4f (.text:xdc_runtime_Text_putMod__E)
                  00005e70    0000009c     rtsv7M4_T_le_v4SPD16_eabi.lib : memcpy_t2.obj (.text)
                  00005f0c    00000004     tcpEchoCC3100_pem4f.oem4f (.text:ti_sysbios_knl_Semaphore_delete)
                  00005f10    0000009c     sysbios.aem4f : BIOS.obj (.text:ti_sysbios_knl_Task_postInit__I)
                  00005fac    0000009a     ti.targets.arm.rtsarm.aem4f : Text.oem4f (.text:xdc_runtime_Text_putSite__E)
                  00006046    00000002     tcpEchoCC3100_pem4f.oem4f (.text:xdc_runtime_Startup_reset__I)
                  00006048    00000098     drivers_tivaware.aem4f : GPIOTiva.oem4f (.text:GPIO_init)
                  000060e0    00000098     wifi_cc3100_tivaware.aem4f : driver.oem4f (.text:_SlDrvMsgReadSpawnCtx)
                  00006178    00000098     Boot.aem4f : Boot.oem4f (.text:ti_catalog_arm_cortexm4_tiva_ce_Boot_sysCtlClockFreqSet__E)
                  00006210    00000094     EK_TM4C1294XL.obj (.text:EK_TM4C1294XL_initWiFi)
                  000062a4    00000094     wifi_cc3100_tivaware.aem4f : driver.oem4f (.text:_SlFindAndSetActiveObj)
                  00006338    00000094     sysbios.aem4f : BIOS.obj (.text:ti_sysbios_family_arm_m3_Hwi_Instance_init__E)
                  000063cc    00000004     tcpEchoCC3100_pem4f.oem4f (.text:ti_sysbios_knl_Semaphore_destruct)
                  000063d0    00000094     sysbios.aem4f : BIOS.obj (.text:ti_sysbios_family_arm_m3_Hwi_initNVIC__E)
                  00006464    00000090     wifi_cc3100_tivaware.aem4f : driver.oem4f (.text:_SlDrvClassifyRxMsg)
                  000064f4    00000090                                : driver.oem4f (.text:_SlDrvDriverCBInit)
                  00006584    0000008c     sysbios.aem4f : m3_TaskSupport_asm.obj (.text:ti_sysbios_family_arm_m3_TaskSupport_buildTaskStack)
                  00006610    00000088     EK_TM4C1294XL.obj (.text:EK_TM4C1294XL_initDMA)
                  00006698    00000088     sysbios.aem4f : BIOS.obj (.text:ti_sysbios_knl_Mailbox_post__E)
                  00006720    00000086     rtsv7M4_T_le_v4SPD16_eabi.lib : fd_cmp_t2.obj (.text:__aeabi_cdcmple)
                  000067a6    00000086                                   : fd_cmp_t2.obj (.text:__aeabi_cdrcmple)
                  0000682c    00000084     wifi_cc3100_tivaware.aem4f : driver.oem4f (.text:_SlDrvCmdOp)
                  000068b0    00000084     driverlib.lib : udma.obj (.text:uDMAChannelTransferSet)
                  00006934    00000080     wifi_cc3100_tivaware.aem4f : netapp.oem4f (.text:_sl_HandleAsync_DnsGetHostByName)
                  000069b4    00000080                                : netapp.oem4f (.text:_sl_HandleAsync_PingResponse)
                  00006a34    00000080                                : WiFiCC3100.oem4f (.text:spi_Read)
                  00006ab4    00000080                                : WiFiCC3100.oem4f (.text:spi_Write)
                  00006b34    00000004     ti.targets.arm.rtsarm.aem4f : Error.oem4f (.text:xdc_runtime_Error_getSite__E)
                  00006b38    0000007c     sysbios.aem4f : BIOS.obj (.text:ti_sysbios_heaps_HeapMem_free__E)
                  00006bb4    0000007a     rtsv7M4_T_le_v4SPD16_eabi.lib : memset_t2.obj (.text)
                  00006c2e    00000002     --HOLE-- [fill = 0]
                  00006c30    00000078     wifi_cc3100_tivaware.aem4f : device.oem4f (.text:_sl_HandleAsync_InitComplete)
                  00006ca8    00000074     sysbios.aem4f : BIOS.obj (.text:ti_sysbios_family_arm_m3_Hwi_postInit__I)
                  00006d1c    00000004     tcpEchoCC3100_pem4f.oem4f (.text:xdc_runtime_System_Module_GateProxy_enter__E)
                  00006d20    00000074     sysbios.aem4f : BIOS.obj (.text:ti_sysbios_knl_Mailbox_pend__E)
                  00006d94    00000070     wifi_cc3100_tivaware.aem4f : osi_tirtos.oem4f (.text:VStartSimpleLinkSpawnTask)
                  00006e04    00000004     tcpEchoCC3100_pem4f.oem4f (.text:xdc_runtime_System_Module_GateProxy_leave__E)
                  00006e08    00000070     sysbios.aem4f : BIOS.obj (.text:ti_sysbios_knl_Mailbox_Instance_finalize__E)
                  00006e78    00000070                   : BIOS.obj (.text:ti_sysbios_knl_Semaphore_post__E)
                  00006ee8    0000006c     wifi_cc3100_tivaware.aem4f : socket.oem4f (.text:_sl_HandleAsync_Connect)
                  00006f54    00000004     ti.targets.arm.rtsarm.aem4f : System.oem4f (.text:xdc_runtime_System_aprintf_va__F)
                  00006f58    0000006c     sysbios.aem4f : BIOS.obj (.text:ti_sysbios_knl_Clock_workFunc__E)
                  00006fc4    00000004     ti.targets.arm.rtsarm.aem4f : System.oem4f (.text:xdc_runtime_System_printf_va__F)
                  00006fc8    0000006c     sysbios.aem4f : BIOS.obj (.text:ti_sysbios_knl_Task_exit__E)
                  00007034    0000006c     ti.targets.arm.rtsarm.aem4f : Error.oem4f (.text:xdc_runtime_Error_print__E)
                  000070a0    0000006c                                 : Memory.oem4f (.text:xdc_runtime_Memory_alloc__E)
                  0000710c    0000006a     rtsv7M4_T_le_v4SPD16_eabi.lib : copy_decompress_rle.obj (.text)
                  00007176    00000002     --HOLE-- [fill = 0]
                  00007178    00000068     wifi_cc3100_tivaware.aem4f : socket.oem4f (.text:_sl_HandleAsync_Accept)
                  000071e0    00000068                                : netapp.oem4f (.text:_sl_HandleAsync_DnsGetHostByService)
                  00007248    00000068     rtsv7M4_T_le_v4SPD16_eabi.lib : trgmsg.obj (.text)
                  000072b0    00000066                                   : xdunscal.obj (.text)
                  00007316    00000066     ti.targets.arm.rtsarm.aem4f : Core-mem.oem4f (.text:xdc_runtime_Core_deleteObject__I)
                  0000737c    00000064     drivers_tivaware.aem4f : GPIOTiva.oem4f (.text:GPIO_hwiIntFxn)
                  000073e0    00000064     wifi_cc3100_tivaware.aem4f : driver.oem4f (.text:_SlDrvDriverCBDeinit)
                  00007444    00000004     --HOLE-- [fill = 0]
                  00007448    00000064     sysbios.aem4f : BIOS.obj (.text:ti_sysbios_family_arm_lm4_Timer_Module_startup__E)
                  000074ac    00000064     tcpEchoCC3100_pem4f.oem4f (.text:ti_sysbios_family_arm_m3_Hwi_create)
                  00007510    00000064     sysbios.aem4f : BIOS.obj (.text:ti_sysbios_family_arm_m3_Hwi_dispatchC__I)
                  00007574    00000064     tcpEchoCC3100_pem4f.oem4f (.text:ti_sysbios_knl_Mailbox_create)
                  000075d8    00000064     ti.targets.arm.rtsarm.aem4f : System.oem4f (.text:xdc_runtime_System_formatNum__I)
                  0000763c    00000062     drivers_tivaware.aem4f : SPITivaDMA.oem4f (.text:SPITivaDMA_transfer)
                  0000769e    00000002     --HOLE-- [fill = 0]
                  000076a0    00000060     sysbios.aem4f : BIOS.obj (.text:ti_sysbios_knl_Task_schedule__I)
                  00007700    0000005c     wifi_cc3100_tivaware.aem4f : socket.oem4f (.text:_sl_HandleAsync_Select)
                  0000775c    00000004     --HOLE-- [fill = 0]
                  00007760    0000005c     sysbios.aem4f : BIOS.obj (.text:ti_sysbios_knl_Swi_restoreHwi__E)
                  000077bc    00000004     --HOLE-- [fill = 0]
                  000077c0    0000005c                   : BIOS.obj (.text:ti_sysbios_knl_Swi_run__I)
                  0000781c    00000004     --HOLE-- [fill = 0]
                  00007820    0000005c                   : BIOS.obj (.text:ti_sysbios_knl_Swi_schedule__I)
                  0000787c    00000004     --HOLE-- [fill = 0]
                  00007880    0000005c                   : BIOS.obj (.text:ti_sysbios_knl_Task_Module_startup__E)
                  000078dc    0000005c     tcpEchoCC3100_pem4f.oem4f (.text:ti_sysbios_knl_Task_create)
                  00007938    0000005c     sysbios.aem4f : BIOS.obj (.text:ti_sysbios_knl_Task_startCore__E)
                  00007994    0000005b     ti.targets.arm.rtsarm.aem4f : Text.oem4f (.text:xdc_runtime_Text_putLab__E)
                  000079ef    00000001     --HOLE-- [fill = 0]
                  000079f0    00000058     boot.aem4f : boot.oem4f (.text)
                  00007a48    00000058     wifi_cc3100_tivaware.aem4f : device.oem4f (.text:_sl_HandleAsync_Stop)
                  00007aa0    00000058                                : socket.oem4f (.text:sl_Bind)
                  00007af8    00000058     tcpEchoCC3100_pem4f.oem4f (.text:ti_sysbios_family_arm_m3_Hwi_construct)
                  00007b50    00000058     sysbios.aem4f : m3_Hwi_asm_switch.obj (.text:ti_sysbios_family_arm_m3_Hwi_initStacks__E)
                  00007ba8    00000056     driverlib.lib : gpio.obj (.text:GPIOIntTypeSet)
                  00007bfe    00000002     --HOLE-- [fill = 0]
                  00007c00    00000054     sysbios.aem4f : BIOS.obj (.text:ti_sysbios_family_arm_lm4_Timer_initDevice__I)
                  00007c54    00000054     ti.targets.arm.rtsarm.aem4f : Assert.oem4f (.text:xdc_runtime_Assert_raise__I)
                  00007ca8    00000050     drivers_tivaware.aem4f : GPIOTiva.oem4f (.text:GPIO_setCallback)
                  00007cf8    00000050                            : GPIOTiva.oem4f (.text:GPIO_write)
                  00007d48    00000050     driverlib.lib : sysctl.obj (.text:SysCtlPeripheralReset)
                  00007d98    00000050     Boot.aem4f : Boot_sysctl.oem4f (.text:_SysCtlFrequencyGet)
                  00007de8    00000050     sysbios.aem4f : BIOS.obj (.text:ti_sysbios_family_arm_m3_Hwi_Module_startup__E)
                  00007e38    00000050     ti.targets.arm.rtsarm.aem4f : Startup.oem4f (.text:xdc_runtime_Startup_exec__E)
                  00007e88    0000004c     Control.obj (.text:Control_Module_Execution)
                  00007ed4    0000004c     rtsv7M4_T_le_v4SPD16_eabi.lib : cpy_tbl.obj (.text)
                  00007f20    0000004c     sysbios.aem4f : BIOS.obj (.text:ti_sysbios_heaps_HeapMem_getStats__E)
                  00007f6c    00000004     --HOLE-- [fill = 0]
                  00007f70    0000004c                   : BIOS.obj (.text:ti_sysbios_knl_Swi_runLoop__I)
                  00007fbc    00000004     --HOLE-- [fill = 0]
                  00007fc0    0000004c                   : BIOS.obj (.text:ti_sysbios_knl_Task_allBlockedFunction__I)
                  0000800c    0000004a     wifi_cc3100_tivaware.aem4f : device.oem4f (.text:_sl_GetStartResponseConvert)
                  00008056    00000002     --HOLE-- [fill = 0]
                  00008058    00000048     driverlib.lib : gpio.obj (.text:GPIOPinConfigure)
                  000080a0    00000048     wifi_cc3100_tivaware.aem4f : driver.oem4f (.text:_SlRemoveFromList)
                  000080e8    00000048     rtsv7M4_T_le_v4SPD16_eabi.lib : fd_toi_t2.obj (.text)
                  00008130    00000048                                   : fd_tos_t2.obj (.text)
                  00008178    00000048     sysbios.aem4f : BIOS.obj (.text:ti_sysbios_family_arm_lm4_Timer_enableTimers__I)
                  000081c0    00000048                   : BIOS.obj (.text:ti_sysbios_family_arm_m3_Hwi_disableInterrupt__E)
                  00008208    00000048                   : BIOS.obj (.text:ti_sysbios_family_arm_m3_Hwi_enableInterrupt__E)
                  00008250    00000048                   : BIOS.obj (.text:ti_sysbios_family_arm_m3_Hwi_excReserved__I)
                  00008298    00000048                   : BIOS.obj (.text:ti_sysbios_knl_Mailbox_Module_startup__E)
                  000082e0    00000046     ti.targets.arm.rtsarm.aem4f : Core-params.oem4f (.text:xdc_runtime_Core_assignParams__I)
                  00008326    00000044     drivers_tivaware.aem4f : SPITivaDMA.oem4f (.text:SPITivaDMA_hwiFxn)
                  0000836a    00000002     --HOLE-- [fill = 0]
                  0000836c    00000044     rtsv7M4_T_le_v4SPD16_eabi.lib : exit.obj (.text)
                  000083b0    00000044     wifi_cc3100_tivaware.aem4f : WiFiCC3100.oem4f (.text:spi_Open)
                  000083f4    00000004     --HOLE-- [fill = 0]
                  000083f8    00000044     sysbios.aem4f : BIOS.obj (.text:ti_sysbios_family_arm_lm4_Timer_isrStub__E)
                  0000843c    00000004     --HOLE-- [fill = 0]
                  00008440    00000044                   : BIOS.obj (.text:ti_sysbios_family_arm_m3_Hwi_getStackInfo__E)
                  00008484    00000004     --HOLE-- [fill = 0]
                  00008488    00000044                   : BIOS.obj (.text:ti_sysbios_knl_Swi_post__E)
                  000084cc    00000044     ti.targets.arm.rtsarm.aem4f : Error.oem4f (.text:xdc_runtime_Error_setX__E)
                  00008510    00000044                                 : SysMin.oem4f (.text:xdc_runtime_SysMin_flush__E)
                  00008554    00000044                                 : Text.oem4f (.text:xdc_runtime_Text_xprintf__I)
                  00008598    00000042     drivers_tivaware.aem4f : SPITivaDMA.oem4f (.text:SPITivaDMA_transferCancel)
                  000085da    00000002     --HOLE-- [fill = 0]
                  000085dc    00000040     wifi_cc3100_tivaware.aem4f : WiFiCC3100.oem4f (.text:WiFiCC3100_spiCallbackFxn)
                  0000861c    00000040                                : osi_tirtos.oem4f (.text:osi_LockObjLock)
                  0000865c    00000040                                : osi_tirtos.oem4f (.text:osi_SyncObjCreate)
                  0000869c    00000040                                : osi_tirtos.oem4f (.text:osi_SyncObjWait)
                  000086dc    00000040     rtsv7M4_T_le_v4SPD16_eabi.lib : signal.obj (.text)
                  0000871c    00000040                                   : u_divt2.obj (.text)
                  0000875c    00000040     wifi_cc3100_tivaware.aem4f : socket.oem4f (.text:sl_Recv)
                  0000879c    00000004     --HOLE-- [fill = 0]
                  000087a0    00000040     sysbios.aem4f : BIOS.obj (.text:ti_sysbios_family_arm_lm4_Timer_startup__E)
                  000087e0    00000040                   : BIOS.obj (.text:ti_sysbios_heaps_HeapMem_Instance_init__E)
                  00008820    0000003c     drivers_tivaware.aem4f : SPITivaDMA.oem4f (.text:SPITivaDMA_close)
                  0000885c    0000003c     driverlib.lib : ssi.obj (.text:SSIConfigSetExpClk)
                  00008898    0000003c     wifi_cc3100_tivaware.aem4f : driver.oem4f (.text:_SlDrvObjInit)
                  000088d4    0000003c                                : driver.oem4f (.text:_SlDrvRxIrqHandler)
                  00008910    0000003c     EK_TM4C1294XL.obj (.text:dmaErrorHwi)
                  0000894c    00000004     --HOLE-- [fill = 0]
                  00008950    0000003c     sysbios.aem4f : BIOS.obj (.text:ti_sysbios_family_arm_m3_Hwi_excSvCall__I)
                  0000898c    00000004     --HOLE-- [fill = 0]
                  00008990    0000003c                   : BIOS.obj (.text:ti_sysbios_family_arm_m3_TaskSupport_start__E)
                  000089cc    00000004     --HOLE-- [fill = 0]
                  000089d0    0000003c                   : BIOS.obj (.text:ti_sysbios_heaps_HeapMem_init__I)
                  00008a0c    00000004     --HOLE-- [fill = 0]
                  00008a10    0000003c                   : BIOS.obj (.text:ti_sysbios_knl_Swi_restore__E)
                  00008a4c    0000003a     wifi_cc3100_tivaware.aem4f : WiFiCC3100.oem4f (.text:WiFiCC3100_close)
                  00008a86    0000003a                                : netapp.oem4f (.text:_SlDrvNetAppEventHandler)
                  00008ac0    00000038     drivers_tivaware.aem4f : SPI.oem4f (.text:SPI_init)
                  00008af8    00000038     wifi_cc3100_tivaware.aem4f : WiFi.oem4f (.text:WiFi_init)
                  00008b30    00000038                                : osi_tirtos.oem4f (.text:osi_LockObjCreate)
                  00008b68    00000038     rtsv7M4_T_le_v4SPD16_eabi.lib : fs_tod_t2.obj (.text)
                  00008ba0    00000038     wifi_cc3100_tivaware.aem4f : socket.oem4f (.text:sl_Htonl)
                  00008bd8    00000038     sysbios.aem4f : BIOS.obj (.text:ti_sysbios_family_arm_m3_Hwi_excNoIsr__I)
                  00008c10    00000038                   : BIOS.obj (.text:ti_sysbios_knl_Task_processVitalTaskFlag__I)
                  00008c48    00000038     ti.targets.arm.rtsarm.aem4f : SysMin.oem4f (.text:xdc_runtime_SysMin_putch__E)
                  00008c80    00000038                                 : System.oem4f (.text:xdc_runtime_System_atexit__E)
                  00008cb8    00000034     driverlib.lib : sysctl.obj (.text:SysCtlPeripheralEnable)
                  00008cec    00000034     rtsv7M4_T_le_v4SPD16_eabi.lib : feraiseexcept.obj (.text)
                  00008d20    00000034     wifi_cc3100_tivaware.aem4f : socket.oem4f (.text:sl_Htons)
                  00008d54    00000004     --HOLE-- [fill = 0]
                  00008d58    00000034     sysbios.aem4f : BIOS.obj (.text:ti_sysbios_family_arm_m3_Hwi_excNmi__I)
                  00008d8c    00000004     --HOLE-- [fill = 0]
                  00008d90    00000034                   : BIOS.obj (.text:ti_sysbios_hal_Hwi_checkStack)
                  00008dc4    00000034     tcpEchoCC3100_pem4f.oem4f (.text:ti_sysbios_knl_Semaphore_create)
                  00008df8    00000034     ti.targets.arm.rtsarm.aem4f : Core-label.oem4f (.text:xdc_runtime_Core_assignLabel__I)
                  00008e2c    00000033                                 : Text.oem4f (.text:xdc_runtime_Text_printVisFxn__I)
                  00008e5f    00000001     --HOLE-- [fill = 0]
                  00008e60    00000032     sysbios.aem4f : BIOS.obj (.text:ti_sysbios_hal_Hwi_initStack)
                  00008e92    00000002     --HOLE-- [fill = 0]
                  00008e94    00000030     sockets.obj (.text:SimpleLinkWlanEventHandler)
                  00008ec4    00000030     wifi_cc3100_tivaware.aem4f : flowcont.oem4f (.text:_SlDrvFlowContDeinit)
                  00008ef4    00000030                                : flowcont.oem4f (.text:_SlDrvFlowContInit)
                  00008f24    00000030                                : WiFiCC3100.oem4f (.text:osi_RegisterInterruptHandler)
                  00008f54    00000030     rtsv7M4_T_le_v4SPD16_eabi.lib : xferaise.obj (.text)
                  00008f84    00000030     wifi_cc3100_tivaware.aem4f : socket.oem4f (.text:sl_Socket)
                  00008fb4    00000030     tcpEchoCC3100_pem4f.oem4f (.text:ti_sysbios_BIOS_atExitFunc__I)
                  00008fe4    00000004     --HOLE-- [fill = 0]
                  00008fe8    00000030     sysbios.aem4f : BIOS.obj (.text:ti_sysbios_family_arm_lm4_Timer_stop__E)
                  00009018    00000030     tcpEchoCC3100_pem4f.oem4f (.text:ti_sysbios_gates_GateHwi_Object__create__S)
                  00009048    00000030     tcpEchoCC3100_pem4f.oem4f (.text:ti_sysbios_gates_GateMutex_Object__create__S)
                  00009078    00000030     sysbios.aem4f : BIOS.obj (.text:ti_sysbios_gates_GateMutex_enter__E)
                  000090a8    00000030     tcpEchoCC3100_pem4f.oem4f (.text:ti_sysbios_heaps_HeapMem_Object__create__S)
                  000090d8    00000030     sysbios.aem4f : BIOS.obj (.text:ti_sysbios_knl_Mailbox_postInit__I)
                  00009108    00000030     tcpEchoCC3100_pem4f.oem4f (.text:ti_sysbios_knl_Semaphore_construct)
                  00009138    00000030     sysbios.aem4f : BIOS.obj (.text:ti_sysbios_knl_Semaphore_pendTimeout__I)
                  00009168    00000030                   : BIOS.obj (.text:ti_sysbios_knl_Task_unblockI__E)
                  00009198    00000030     ti.targets.arm.rtsarm.aem4f : SysMin.oem4f (.text:xdc_runtime_SysMin_abort__E)
                  000091c8    00000030                                 : System.oem4f (.text:xdc_runtime_System_processAtExit__E)
                  000091f8    0000002e     tcpEchoCC3100_pem4f.oem4f (.text:malloc)
                  00009226    0000002e     rtsv7M4_T_le_v4SPD16_eabi.lib : i_tofd_t2.obj (.text)
                  00009254    0000002e                                   : raise.obj (.text)
                  00009282    00000006     driverlib.lib : gpio.obj (.text:GPIOIntClear)
                  00009288    0000002c     sysbios.aem4f : BIOS.obj (.text:ti_sysbios_family_arm_m3_Hwi_Instance_finalize__E)
                  000092b4    0000002c     tcpEchoCC3100_pem4f.oem4f (.text:ti_sysbios_knl_Clock_doTick__I)
                  000092e0    0000002c     tcpEchoCC3100_pem4f.oem4f (.text:ti_sysbios_knl_Queue_construct)
                  0000930c    00000004     --HOLE-- [fill = 0]
                  00009310    0000002c     sysbios.aem4f : BIOS.obj (.text:ti_sysbios_knl_Task_restore__E)
                  0000933c    0000002c     driverlib.lib : udma.obj (.text:uDMAChannelAssign)
                  00009368    0000002c     ti.targets.arm.rtsarm.aem4f : Text.oem4f (.text:xdc_runtime_Text_cordText__E)
                  00009394    0000002a     driverlib.lib : gpio.obj (.text:GPIODirModeSet)
                  000093be    0000002a     wifi_cc3100_tivaware.aem4f : socket.oem4f (.text:_sl_BuildAddress)
                  000093e8    0000002a     ti.targets.arm.rtsarm.aem4f : System.oem4f (.text:xdc_runtime_System_putchar__I)
                  00009412    00000002     --HOLE-- [fill = 0]
                  00009414    00000028     wifi_cc3100_tivaware.aem4f : socket.oem4f (.text:sl_Listen)
                  0000943c    00000004     --HOLE-- [fill = 0]
                  00009440    00000028     sysbios.aem4f : BIOS.obj (.text:ti_sysbios_knl_Clock_addI__E)
                  00009468    00000028                   : BIOS.obj (.text:ti_sysbios_knl_Swi_Module_startup__E)
                  00009490    00000026                   : m3_Hwi_asm.obj (.text:ti_sysbios_family_arm_m3_Hwi_pendSV__I)
                  000094b6    00000026     ti.targets.arm.rtsarm.aem4f : System.oem4f (.text:xdc_runtime_System_avprintf__E)
                  000094dc    00000024     sockets.obj (.text:SimpleLinkNetAppEventHandler)
                  00009500    00000024     wifi_cc3100_tivaware.aem4f : osi_tirtos.oem4f (.text:osi_Spawn)
                  00009524    00000024                                : socket.oem4f (.text:sl_Close)
                  00009548    00000024     tcpEchoCC3100_pem4f.oem4f (.text:ti_sysbios_BIOS_registerRTSLock__I)
                  0000956c    00000024     tcpEchoCC3100_pem4f.oem4f (.text:ti_sysbios_BIOS_removeRTSLock__I)
                  00009590    00000024     tcpEchoCC3100_pem4f.oem4f (.text:ti_sysbios_BIOS_startFunc__I)
                  000095b4    00000024     tcpEchoCC3100_pem4f.oem4f (.text:ti_sysbios_gates_GateMutex_Object__delete__S)
                  000095d8    00000024     sysbios.aem4f : BIOS.obj (.text:ti_sysbios_knl_Clock_Module_startup__E)
                  000095fc    00000004     --HOLE-- [fill = 0]
                  00009600    00000024                   : BIOS.obj (.text:ti_sysbios_knl_Semaphore_Instance_init__E)
                  00009624    00000024     tcpEchoCC3100_pem4f.oem4f (.text:ti_sysbios_knl_Semaphore_Object__delete__S)
                  00009648    00000024     sysbios.aem4f : BIOS.obj (.text:ti_sysbios_knl_Task_restoreHwi__E)
                  0000966c    00000024     driverlib.lib : udma.obj (.text:uDMAChannelControlSet)
                  00009690    00000024     ti.targets.arm.rtsarm.aem4f : System.oem4f (.text:xdc_runtime_System_vprintf__E)
                  000096b4    00000022     driverlib.lib : pwm.obj (.text:PWMGenConfigure)
                  000096d6    00000002     --HOLE-- [fill = 0]
                  000096d8    00000022     sysbios.aem4f : BIOS.obj (.text:ti_sysbios_family_arm_lm4_Timer_write__I)
                  000096fa    00000022     tcpEchoCC3100_pem4f.oem4f (.text:xdc_runtime_SysMin_output__I)
                  0000971c    00000020     wifi_cc3100_tivaware.aem4f : WiFiCC3100.oem4f (.text:WiFiCC3100_hostIntHandler)
                  0000973c    00000020     Boot.aem4f : Boot_sysctl.oem4f (.text:_SysCtlMemTimingGet)
                  0000975c    00000020     tcpEchoCC3100_pem4f.oem4f (.text:ti_sysbios_BIOS_rtsLock__I)
                  0000977c    00000004     --HOLE-- [fill = 0]
                  00009780    00000020     sysbios.aem4f : BIOS.obj (.text:ti_sysbios_family_arm_m3_Hwi_clearInterrupt__E)
                  000097a0    00000020                   : m3_Hwi_asm.obj (.text:ti_sysbios_family_arm_m3_Hwi_excHandlerAsm__I)
                  000097c0    00000020                   : BIOS.obj (.text:ti_sysbios_family_arm_m3_Hwi_excHandler__I)
                  000097e0    00000020     tcpEchoCC3100_pem4f.oem4f (.text:ti_sysbios_gates_GateHwi_Object__delete__S)
                  00009800    00000020     tcpEchoCC3100_pem4f.oem4f (.text:ti_sysbios_heaps_HeapMem_Object__delete__S)
                  00009820    00000020     sysbios.aem4f : BIOS.obj (.text:ti_sysbios_knl_Idle_run__E)
                  00009840    00000020     tcpEchoCC3100_pem4f.oem4f (.text:ti_sysbios_knl_Mailbox_Object__delete__S)
                  00009860    00000020     tcpEchoCC3100_pem4f.oem4f (.text:ti_sysbios_knl_Semaphore_Object__destruct__S)
                  00009880    00000020     ti.targets.arm.rtsarm.aem4f : Registry.oem4f (.text:xdc_runtime_Registry_findById__E)
                  000098a0    00000020                                 : SysMin.oem4f (.text:xdc_runtime_SysMin_Module_startup__E)
                  000098c0    0000001e     driverlib.lib : pwm.obj (.text:PWMPulseWidthSet)
                  000098de    0000001e     tcpEchoCC3100_pem4f.oem4f (.text:ti_sysbios_BIOS_errorRaiseHook__I)
                  000098fc    0000001e     sysbios.aem4f : m3_Hwi_asm_switch.obj (.text:ti_sysbios_family_xxx_Hwi_switchAndRunFunc)
                  0000991a    00000002     --HOLE-- [fill = 0]
                  0000991c    0000001c     wifi_cc3100_tivaware.aem4f : WiFiCC3100.oem4f (.text:WiFiCC3100_init)
                  00009938    0000001c                                : WiFi.oem4f (.text:WiFi_open)
                  00009954    0000001c                                : driver.oem4f (.text:_SlDrvObjDeInit)
                  00009970    0000001c     drivers_tivaware.aem4f : GPIOTiva.oem4f (.text:getGpioIntIndex)
                  0000998c    0000001c     wifi_cc3100_tivaware.aem4f : WiFiCC3100.oem4f (.text:spi_Close)
                  000099a8    0000001c     tcpEchoCC3100.obj (.text:tcpEchoTask)
                  000099c4    0000001c     tcpEchoCC3100_pem4f.oem4f (.text:ti_sysbios_family_arm_m3_Hwi_Object__destruct__S)
                  000099e0    0000001c     sysbios.aem4f : BIOS.obj (.text:ti_sysbios_gates_GateMutex_Instance_init__E)
                  000099fc    0000001c     tcpEchoCC3100_pem4f.oem4f (.text:ti_sysbios_knl_Queue_Object__destruct__S)
                  00009a18    0000001c     sysbios.aem4f : BIOS.obj (.text:ti_sysbios_knl_Queue_get__E)
                  00009a34    00000004     --HOLE-- [fill = 0]
                  00009a38    0000001c                   : BIOS.obj (.text:ti_sysbios_knl_Queue_put__E)
                  00009a54    00000004     --HOLE-- [fill = 0]
                  00009a58    0000001c                   : BIOS.obj (.text:ti_sysbios_knl_Task_enter__I)
                  00009a74    0000001c     wifi_cc3100_tivaware.aem4f : osi_tirtos.oem4f (.text:vSimpleLinkSpawnTask)
                  00009a90    0000001c     ti.targets.arm.rtsarm.aem4f : Error.oem4f (.text:xdc_runtime_Error_raiseX__E)
                  00009aac    0000001c                                 : Memory.oem4f (.text:xdc_runtime_Memory_valloc__E)
                  00009ac8    0000001c                                 : SysMin.oem4f (.text:xdc_runtime_SysMin_exit__E)
                  00009ae4    0000001c                                 : System.oem4f (.text:xdc_runtime_System_abort__E)
                  00009b00    0000001a     wifi_cc3100_tivaware.aem4f : netapp.oem4f (.text:CopyPingResultsToReport)
                  00009b1a    0000001a                                : device.oem4f (.text:_SlDrvDeviceEventHandler)
                  00009b34    0000001a     rtsv7M4_T_le_v4SPD16_eabi.lib : log.obj (.text)
                  00009b4e    0000001a     tcpEchoCC3100_pem4f.oem4f (.text:xdc_runtime_System_aprintf__E)
                  00009b68    0000001a     tcpEchoCC3100_pem4f.oem4f (.text:xdc_runtime_System_printf__E)
                  00009b82    00000018     driverlib.lib : gpio.obj (.text:GPIOPinTypeGPIOOutput)
                  00009b9a    00000002     --HOLE-- [fill = 0]
                  00009b9c    00000018     drivers_tivaware.aem4f : SPI.oem4f (.text:SPI_open)
                  00009bb4    00000018     tcpEchoCC3100_pem4f.oem4f (.text:free)
                  00009bcc    00000018     rtsv7M4_T_le_v4SPD16_eabi.lib : args_main.obj (.text)
                  00009be4    00000018     tcpEchoCC3100_pem4f.oem4f (.text:ti_sysbios_BIOS_rtsUnlock__I)
                  00009bfc    00000018     tcpEchoCC3100_pem4f.oem4f (.text:ti_sysbios_family_arm_lm4_Timer_Module__startupDone__F)
                  00009c14    00000018     tcpEchoCC3100_pem4f.oem4f (.text:ti_sysbios_family_arm_m3_Hwi_Handle__label__S)
                  00009c2c    00000018     tcpEchoCC3100_pem4f.oem4f (.text:ti_sysbios_family_arm_m3_Hwi_Module__startupDone__F)
                  00009c44    00000018     sysbios.aem4f : m3_TaskSupport_asm.obj (.text:ti_sysbios_family_arm_m3_TaskSupport_swap__E)
                  00009c5c    00000018     tcpEchoCC3100_pem4f.oem4f (.text:ti_sysbios_gates_GateHwi_Handle__label__S)
                  00009c74    00000018     tcpEchoCC3100_pem4f.oem4f (.text:ti_sysbios_gates_GateMutex_Handle__label__S)
                  00009c8c    00000004     --HOLE-- [fill = 0]
                  00009c90    00000018     sysbios.aem4f : BIOS.obj (.text:ti_sysbios_gates_GateMutex_leave__E)
                  00009ca8    00000018     tcpEchoCC3100_pem4f.oem4f (.text:ti_sysbios_heaps_HeapMem_Handle__label__S)
                  00009cc0    00000018     tcpEchoCC3100_pem4f.oem4f (.text:ti_sysbios_knl_Swi_Handle__label__S)
                  00009cd8    00000018     tcpEchoCC3100_pem4f.oem4f (.text:ti_sysbios_knl_Task_Handle__label__S)
                  00009cf0    00000018     sysbios.aem4f : BIOS.obj (.text:ti_sysbios_knl_Task_sleepTimeout__I)
                  00009d08    00000018     driverlib.lib : udma.obj (.text:uDMAChannelDisable)
                  00009d20    00000018                   : udma.obj (.text:uDMAChannelEnable)
                  00009d38    00000018                   : udma.obj (.text:uDMAChannelIsEnabled)
                  00009d50    00000018     ti.targets.arm.rtsarm.aem4f : Error.oem4f (.text:xdc_runtime_Error_check__E)
                  00009d68    00000018                                 : System.oem4f (.text:xdc_runtime_System_exit__E)
                  00009d80    00000018                                 : Text.oem4f (.text:xdc_runtime_Text_ropeText__E)
                  00009d98    00000016     wifi_cc3100_tivaware.aem4f : driver.oem4f (.text:_SlDrvShiftDWord)
                  00009dae    00000016     tcpEchoCC3100_pem4f.oem4f (.text:ti_sysbios_BIOS_exitFunc__I)
                  00009dc4    00000016     EK_TM4C1294XL.obj (.text:ti_sysbios_family_arm_m3_Hwi_Params_init)
                  00009dda    00000002     --HOLE-- [fill = 0]
                  00009ddc    00000014     wifi_cc3100_tivaware.aem4f : WiFiCC3100.oem4f (.text:CC3100_disable)
                  00009df0    00000014                                : WiFiCC3100.oem4f (.text:CC3100_enable)
                  00009e04    00000014     Control.obj (.text:PWM_ControlEnable)
                  00009e18    00000014     drivers_tivaware.aem4f : SPI.oem4f (.text:SPI_Params_init)
                  00009e2c    00000014     wifi_cc3100_tivaware.aem4f : WiFiCC3100.oem4f (.text:WiFiCC3100_assertCS)
                  00009e40    00000014                                : WiFiCC3100.oem4f (.text:WiFiCC3100_deAssertCS)
                  00009e54    00000014     Control.obj (.text:_Left_Motor_Backwards)
                  00009e68    00000014     Control.obj (.text:_Left_Motor_Forward)
                  00009e7c    00000014     Control.obj (.text:_Left_Motor_Halt)
                  00009e90    00000014     Control.obj (.text:_Right_Motor_Backwards)
                  00009ea4    00000014     Control.obj (.text:_Right_Motor_Forward)
                  00009eb8    00000014     Control.obj (.text:_Right_Motor_Halt)
                  00009ecc    00000014     wifi_cc3100_tivaware.aem4f : osi_tirtos.oem4f (.text:osi_SyncObjClear)
                  00009ee0    00000014     rtsv7M4_T_le_v4SPD16_eabi.lib : _lock.obj (.text)
                  00009ef4    00000014                                   : strcpy.obj (.text)
                  00009f08    00000014                                   : strlen.obj (.text)
                  00009f1c    00000014     sockets.obj (.text:socketsShutDown)
                  00009f30    00000014     tcpEchoCC3100_pem4f.oem4f (.text:ti_sysbios_family_arm_m3_Hwi_Object__get__S)
                  00009f44    00000004     --HOLE-- [fill = 0]
                  00009f48    00000014     sysbios.aem4f : BIOS.obj (.text:ti_sysbios_family_arm_m3_Hwi_switchFromBootStack__E)
                  00009f5c    00000014     tcpEchoCC3100_pem4f.oem4f (.text:ti_sysbios_heaps_HeapMem_Object__get__S)
                  00009f70    00000014     tcpEchoCC3100_pem4f.oem4f (.text:ti_sysbios_knl_Swi_Object__get__S)
                  00009f84    00000012     driverlib.lib : gpio.obj (.text:GPIOPinTypeGPIOInput)
                  00009f96    00000012                   : gpio.obj (.text:GPIOPinTypeSSI)
                  00009fa8    00000012                   : pwm.obj (.text:PWMGenPeriodGet)
                  00009fba    00000012                   : pwm.obj (.text:PWMOutputState)
                  00009fcc    00000012                   : ssi.obj (.text:SSIDataGetNonBlocking)
                  00009fde    00000002     --HOLE-- [fill = 0]
                  00009fe0    00000012     sysbios.aem4f : BIOS.obj (.text:ti_sysbios_hal_Hwi_Module_startup__E)
                  00009ff2    00000012     tcpEchoCC3100_pem4f.oem4f (.text:xdc_runtime_Startup_exec__I)
                  0000a004    00000010     tcpEchoCC3100_pem4f.oem4f (.text:.bootCodeSection:ti_catalog_arm_cortexm4_tiva_ce_Boot_init__I)
                  0000a014    00000010     driverlib.lib : interrupt.obj (.text:IntMasterEnable)
                  0000a024    00000010                   : pwm.obj (.text:PWMGenPeriodSet)
                  0000a034    00000010     wifi_cc3100_tivaware.aem4f : WiFi.oem4f (.text:WiFi_Params_init)
                  0000a044    00000004     --HOLE-- [fill = 0]
                  0000a048    00000010     sysbios.aem4f : BIOS.obj (.text:ti_sysbios_BIOS_getCpuFreq__E)
                  0000a058    00000010                   : BIOS.obj (.text:ti_sysbios_BIOS_setThreadType__E)
                  0000a068    00000010                   : BIOS.obj (.text:ti_sysbios_BIOS_start__E)
                  0000a078    00000010                   : m3_TaskSupport_asm.obj (.text:ti_sysbios_family_arm_m3_TaskSupport_glue)
                  0000a088    00000010                   : BIOS.obj (.text:ti_sysbios_gates_GateMutex_Instance_finalize__E)
                  0000a098    00000010     tcpEchoCC3100_pem4f.oem4f (.text:ti_sysbios_knl_Mailbox_Object__get__S)
                  0000a0a8    00000010     sysbios.aem4f : BIOS.obj (.text:ti_sysbios_knl_Semaphore_Instance_finalize__E)
                  0000a0b8    00000010                   : BIOS.obj (.text:ti_sysbios_knl_Swi_disable__E)
                  0000a0c8    00000010     tcpEchoCC3100_pem4f.oem4f (.text:ti_sysbios_knl_Task_Object__get__S)
                  0000a0d8    00000010     sysbios.aem4f : BIOS.obj (.text:ti_sysbios_knl_Task_disable__E)
                  0000a0e8    00000010     driverlib.lib : udma.obj (.text:uDMAEnable)
                  0000a0f8    00000010     ti.targets.arm.rtsarm.aem4f : Gate.oem4f (.text:xdc_runtime_Gate_leaveSystem__E)
                  0000a108    00000010                                 : Memory.oem4f (.text:xdc_runtime_Memory_free__E)
                  0000a118    00000010                                 : SysMin.oem4f (.text:xdc_runtime_SysMin_ready__E)
                  0000a128    00000010                                 : System.oem4f (.text:xdc_runtime_System_vsnprintf__E)
                  0000a138    0000000e     driverlib.lib : gpio.obj (.text:GPIOIntDisable)
                  0000a146    0000000e                   : gpio.obj (.text:GPIOIntStatus)
                  0000a154    0000000e     rtsv7M4_T_le_v4SPD16_eabi.lib : copy_decompress_none.obj (.text:decompress:none)
                  0000a162    00000006     driverlib.lib : gpio.obj (.text:GPIOPinWrite)
                  0000a168    0000000e     sysbios.aem4f : BIOS.obj (.text:ti_sysbios_knl_Idle_loop__E)
                  0000a176    00000002     --HOLE-- [fill = 0]
                  0000a178    0000000e                   : BIOS.obj (.text:ti_sysbios_knl_Queue_empty__E)
                  0000a186    0000000c     driverlib.lib : cpu.obj (.text:CPUcpsie)
                  0000a192    0000000c                   : gpio.obj (.text:GPIOIntEnable)
                  0000a19e    0000000c                   : pwm.obj (.text:PWMGenEnable)
                  0000a1aa    0000000c     rtsv7M4_T_le_v4SPD16_eabi.lib : copy_zero_init.obj (.text:decompress:ZI)
                  0000a1b6    0000000c     wifi_cc3100_tivaware.aem4f : osi_tirtos.oem4f (.text:osi_LockObjUnlock)
                  0000a1c2    0000000c                                : osi_tirtos.oem4f (.text:osi_SyncObjSignal)
                  0000a1ce    0000000c                                : osi_tirtos.oem4f (.text:osi_SyncObjSignalFromISR)
                  0000a1da    00000006     drivers_tivaware.aem4f : SPITivaDMA.oem4f (.text:SPITivaDMA_control)
                  0000a1e0    0000000c     sysbios.aem4f : BIOS.obj (.text:ti_sysbios_family_arm_lm4_Timer_getMaxTicks__E)
                  0000a1ec    0000000c     tcpEchoCC3100_pem4f.oem4f (.text:ti_sysbios_family_arm_m3_Hwi_Params__init__S)
                  0000a1f8    0000000c     sysbios.aem4f : BIOS.obj (.text:ti_sysbios_family_arm_m3_Hwi_disableFxn__E)
                  0000a204    00000004     --HOLE-- [fill = 0]
                  0000a208    0000000c                   : BIOS.obj (.text:ti_sysbios_family_arm_m3_TaskSupport_checkStack__E)
                  0000a214    00000004     --HOLE-- [fill = 0]
                  0000a218    0000000c                   : BIOS.obj (.text:ti_sysbios_family_arm_m3_TaskSupport_getStackAlignment__E)
                  0000a224    00000004     --HOLE-- [fill = 0]
                  0000a228    0000000c                   : BIOS.obj (.text:ti_sysbios_gates_GateHwi_enter__E)
                  0000a234    0000000c     tcpEchoCC3100_pem4f.oem4f (.text:ti_sysbios_knl_Queue_Object__get__S)
                  0000a240    0000000c     tcpEchoCC3100_pem4f.oem4f (.text:ti_sysbios_knl_Semaphore_Params__init__S)
                  0000a24c    0000000c     tcpEchoCC3100_pem4f.oem4f (.text:ti_sysbios_knl_Task_Params__init__S)
                  0000a258    0000000c     driverlib.lib : udma.obj (.text:uDMAControlBaseSet)
                  0000a264    0000000c                   : udma.obj (.text:uDMAErrorStatusClear)
                  0000a270    0000000c                   : udma.obj (.text:uDMAErrorStatusGet)
                  0000a27c    0000000c                   : udma.obj (.text:uDMAIntStatus)
                  0000a288    0000000c     ti.targets.arm.rtsarm.aem4f : Error.oem4f (.text:xdc_runtime_Error_init__E)
                  0000a294    0000000c                                 : Gate.oem4f (.text:xdc_runtime_Gate_enterSystem__E)
                  0000a2a0    0000000c                                 : Memory.oem4f (.text:xdc_runtime_Memory_calloc__E)
                  0000a2ac    0000000c                                 : Memory.oem4f (.text:xdc_runtime_Memory_getMaxDefaultTypeAlign__E)
                  0000a2b8    0000000a     drivers_tivaware.aem4f : SPITivaDMA.oem4f (.text:SPITivaDMA_init)
                  0000a2c2    0000000a                            : SPI.oem4f (.text:SPI_close)
                  0000a2cc    0000000a                            : SPI.oem4f (.text:SPI_transfer)
                  0000a2d6    0000000a     driverlib.lib : ssi.obj (.text:SSIDMADisable)
                  0000a2e0    0000000a                   : ssi.obj (.text:SSIDisable)
                  0000a2ea    0000000a                   : ssi.obj (.text:SSIEnable)
                  0000a2f4    0000000a                   : ssi.obj (.text:SSIIntDisable)
                  0000a2fe    0000000a     wifi_cc3100_tivaware.aem4f : WiFi.oem4f (.text:WiFi_close)
                  0000a308    0000000a                                : osi_tirtos.oem4f (.text:osi_LockObjDelete)
                  0000a312    0000000a                                : osi_tirtos.oem4f (.text:osi_SyncObjDelete)
                  0000a31c    0000000a     tcpEchoCC3100_pem4f.oem4f (.text:xdc_runtime_IHeap_alloc)
                  0000a326    0000000a     tcpEchoCC3100_pem4f.oem4f (.text:xdc_runtime_IHeap_free)
                  0000a330    00000008     EK_TM4C1294XL.obj (.text:EK_TM4C1294XL_initGPIO)
                  0000a338    00000008     driverlib.lib : ssi.obj (.text:SSIDMAEnable)
                  0000a340    00000008                   : ssi.obj (.text:SSIIntEnable)
                  0000a348    00000008     sysbios.aem4f : BIOS.obj (.text:ti_sysbios_family_arm_lm4_Timer_masterDisable__I)
                  0000a350    00000008                   : BIOS.obj (.text:ti_sysbios_family_arm_m3_Hwi_doSwiRestore__I)
                  0000a358    00000008                   : BIOS.obj (.text:ti_sysbios_family_arm_m3_Hwi_startup__E)
                  0000a360    00000008     tcpEchoCC3100_pem4f.oem4f (.text:xdc_runtime_Text_visitRope__I)
                  0000a368    00000006     drivers_tivaware.aem4f : SPITivaDMA.oem4f (.text:SPITivaDMA_transferCallback)
                  0000a36e    00000006     wifi_cc3100_tivaware.aem4f : WiFiCC3100.oem4f (.text:WiFiCC3100_control)
                  0000a374    00000006     ti.targets.arm.rtsarm.aem4f : xdc_noinit.oem4f (.text:__xdc__init)
                  0000a37a    00000006     rtsv7M4_T_le_v4SPD16_eabi.lib : copy_decompress_rle.obj (.text:decompress:rle24)
                  0000a380    00000006     sysbios.aem4f : BIOS.obj (.text:ti_sysbios_family_arm_m3_Hwi_doTaskRestore__I)
                  0000a386    00000002     --HOLE-- [fill = 0]
                  0000a388    00000006                   : BIOS.obj (.text:ti_sysbios_family_arm_m3_Hwi_restoreFxn__E)
                  0000a38e    00000002     --HOLE-- [fill = 0]
                  0000a390    00000006                   : BIOS.obj (.text:ti_sysbios_gates_GateHwi_leave__E)
                  0000a396    00000002     --HOLE-- [fill = 0]
                  0000a398    00000006                   : BIOS.obj (.text:ti_sysbios_heaps_HeapMem_isBlocking__E)
                  0000a39e    00000002     --HOLE-- [fill = 0]
                  0000a3a0    00000006                   : BIOS.obj (.text:ti_sysbios_knl_Queue_Instance_init__E)
                  0000a3a6    00000002     --HOLE-- [fill = 0]
                  0000a3a8    00000006                   : BIOS.obj (.text:ti_sysbios_knl_Swi_startup__E)
                  0000a3ae    00000006     ti.targets.arm.rtsarm.aem4f : System.oem4f (.text:xdc_runtime_System_Module_startup__E)
                  0000a3b4    00000004     --HOLE-- [fill = 0]
                  0000a3b8    00000004     sysbios.aem4f : BIOS.obj (.text:ti_sysbios_gates_GateHwi_query__E)
                  0000a3bc    00000004     --HOLE-- [fill = 0]
                  0000a3c0    00000004                   : BIOS.obj (.text:ti_sysbios_gates_GateMutex_query__E)
                  0000a3c4    00000004     --HOLE-- [fill = 0]
                  0000a3c8    00000004                   : BIOS.obj (.text:ti_sysbios_knl_Task_startup__E)
                  0000a3cc    00000004     --HOLE-- [fill = 0]
                  0000a3d0    00000002                   : BIOS.obj (.text:ti_sysbios_gates_GateHwi_Instance_init__E)
                  0000a3d2    00000006     --HOLE-- [fill = 0]
                  0000a3d8    00000002                   : BIOS.obj (.text:ti_sysbios_knl_Clock_logTick__E)

.const     0    0000a3e0    00000b2b     
                  0000a3e0    00000120     Boot.aem4f : Boot_sysctl.oem4f (.const:g_pppui32XTALtoVCO)
                  0000a500    00000090     driverlib.lib : gpio.obj (.const:g_pui32GPIOBaseAddrs)
                  0000a590    00000088     rtsv7M4_T_le_v4SPD16_eabi.lib : xatan.obj (.const)
                  0000a618    0000006c     Boot.aem4f : Boot_sysctl.oem4f (.const:g_pui32Xtals)
                  0000a684    00000064     drivers_tivaware.aem4f : SPITivaDMA.oem4f (.const)
                  0000a6e8    00000054                            : GPIOTiva.oem4f (.const:.string)
                  0000a73c    00000050     EK_TM4C1294XL.obj (.const:spiTivaDMAHWAttrs)
                  0000a78c    00000048     tcpEchoCC3100_pem4f.oem4f (.const:.string)
                  0000a7d4    00000048     drivers_tivaware.aem4f : GPIOTiva.oem4f (.const:gpioBaseAddresses)
                  0000a81c    00000004     tcpEchoCC3100_pem4f.oem4f (.const:ti_catalog_arm_cortexm4_tiva_ce_Boot_A_mustNotUseEnhancedClockMode__C)
                  0000a820    00000048     rtsv7M4_T_le_v4SPD16_eabi.lib : xexp.obj (.const)
                  0000a868    0000003c     tcpEchoCC3100_pem4f.oem4f (.const:ti_sysbios_knl_Task_Object__PARAMS__C)
                  0000a8a4    00000004     tcpEchoCC3100_pem4f.oem4f (.const:ti_catalog_arm_cortexm4_tiva_ce_Boot_Module__diagsEnabled__C)
                  0000a8a8    00000038     Control.obj (.const)
                  0000a8e0    00000038     wifi_cc3100_tivaware.aem4f : driver.oem4f (.const:_SlActionLookupTable)
                  0000a918    00000038     rtsv7M4_T_le_v4SPD16_eabi.lib : xlog.obj (.const:p)
                  0000a950    00000034     tcpEchoCC3100_pem4f.oem4f (.const:ti_sysbios_knl_Mailbox_Object__PARAMS__C)
                  0000a984    00000034     wifi_cc3100_tivaware.aem4f : socket.oem4f (.const)
                  0000a9b8    00000030     Boot.aem4f : Boot_sysctl.oem4f (.const:g_sXTALtoMEMTIM)
                  0000a9e8    00000030     rtsv7M4_T_le_v4SPD16_eabi.lib : xdint.obj (.const)
                  0000aa18    00000030     tcpEchoCC3100_pem4f.oem4f (.const:ti_sysbios_family_arm_m3_Hwi_Object__PARAMS__C)
                  0000aa48    00000028     tcpEchoCC3100_pem4f.oem4f (.const:ti_sysbios_heaps_HeapMem_Module__FXNS__C)
                  0000aa70    00000024     EK_TM4C1294XL.obj (.const:SPI_config)
                  0000aa94    00000024     tcpEchoCC3100_pem4f.oem4f (.const)
                  0000aab8    00000024     tcpEchoCC3100_pem4f.oem4f (.const:ti_sysbios_gates_GateHwi_Module__FXNS__C)
                  0000aadc    00000024     tcpEchoCC3100_pem4f.oem4f (.const:ti_sysbios_gates_GateMutex_Module__FXNS__C)
                  0000ab00    00000024     tcpEchoCC3100_pem4f.oem4f (.const:ti_sysbios_heaps_HeapMem_Object__PARAMS__C)
                  0000ab24    00000024     tcpEchoCC3100_pem4f.oem4f (.const:ti_sysbios_knl_Semaphore_Object__PARAMS__C)
                  0000ab48    00000024     tcpEchoCC3100_pem4f.oem4f (.const:xdc_runtime_Startup_sfxnTab__A)
                  0000ab6c    00000020     drivers_tivaware.aem4f : SPI.oem4f (.const)
                  0000ab8c    00000020     tcpEchoCC3100_pem4f.oem4f (.const:ti_sysbios_family_arm_m3_Hwi_Object__DESC__C)
                  0000abac    00000020     tcpEchoCC3100_pem4f.oem4f (.const:ti_sysbios_gates_GateHwi_Object__DESC__C)
                  0000abcc    00000020     tcpEchoCC3100_pem4f.oem4f (.const:ti_sysbios_gates_GateMutex_Object__DESC__C)
                  0000abec    00000020     tcpEchoCC3100_pem4f.oem4f (.const:ti_sysbios_heaps_HeapMem_Object__DESC__C)
                  0000ac0c    00000020     tcpEchoCC3100_pem4f.oem4f (.const:ti_sysbios_knl_Mailbox_Object__DESC__C)
                  0000ac2c    00000020     tcpEchoCC3100_pem4f.oem4f (.const:ti_sysbios_knl_Queue_Object__DESC__C)
                  0000ac4c    00000020     tcpEchoCC3100_pem4f.oem4f (.const:ti_sysbios_knl_Semaphore_Object__DESC__C)
                  0000ac6c    00000020     tcpEchoCC3100_pem4f.oem4f (.const:ti_sysbios_knl_Task_Object__DESC__C)
                  0000ac8c    0000001c     EK_TM4C1294XL.obj (.const:wiFiCC3100HWAttrs)
                  0000aca8    00000018     EK_TM4C1294XL.obj (.const:WiFi_config)
                  0000acc0    00000018     tcpEchoCC3100_pem4f.oem4f (.const:ti_sysbios_gates_GateHwi_Object__PARAMS__C)
                  0000acd8    00000018     tcpEchoCC3100_pem4f.oem4f (.const:ti_sysbios_gates_GateMutex_Object__PARAMS__C)
                  0000acf0    00000018     tcpEchoCC3100_pem4f.oem4f (.const:ti_sysbios_knl_Queue_Object__PARAMS__C)
                  0000ad08    00000014     EK_TM4C1294XL.obj (.const:GPIOTiva_config)
                  0000ad1c    00000014     wifi_cc3100_tivaware.aem4f : device.oem4f (.const)
                  0000ad30    00000014     tcpEchoCC3100_pem4f.oem4f (.const:xdc_runtime_Startup_firstFxns__A)
                  0000ad44    00000012     tcpEchoCC3100_pem4f.oem4f (.const:xdc_runtime_Startup_sfxnRts__A)
                  0000ad56    00000011     ti.targets.arm.rtsarm.aem4f : System.oem4f (.const:.string)
                  0000ad67    00000001     tcpEchoCC3100_pem4f.oem4f (.const:xdc_runtime_Error_policy__C)
                  0000ad68    00000010     wifi_cc3100_tivaware.aem4f : WiFiCC3100.oem4f (.const)
                  0000ad78    00000008     Boot.aem4f : Boot_sysctl.oem4f (.const)
                  0000ad80    00000008     tcpEchoCC3100_pem4f.oem4f (.const:ti_sysbios_family_arm_m3_Hwi_excHookFuncs__A)
                  0000ad88    00000008     tcpEchoCC3100_pem4f.oem4f (.const:ti_sysbios_knl_Idle_funcList__C)
                  0000ad90    00000008     tcpEchoCC3100_pem4f.oem4f (.const:xdc_runtime_Startup_firstFxns__C)
                  0000ad98    00000008     tcpEchoCC3100_pem4f.oem4f (.const:xdc_runtime_Startup_lastFxns__C)
                  0000ada0    00000004     tcpEchoCC3100_pem4f.oem4f (.const:ti_catalog_arm_cortexm4_tiva_ce_Boot_Module__diagsIncluded__C)
                  0000ada4    00000004     tcpEchoCC3100_pem4f.oem4f (.const:ti_catalog_arm_cortexm4_tiva_ce_Boot_Module__diagsMask__C)
                  0000ada8    00000004     tcpEchoCC3100_pem4f.oem4f (.const:ti_sysbios_family_arm_lm4_Timer_enableFunc__C)
                  0000adac    00000004     tcpEchoCC3100_pem4f.oem4f (.const:ti_sysbios_family_arm_lm4_Timer_numTimerDevices__C)
                  0000adb0    00000004     tcpEchoCC3100_pem4f.oem4f (.const:ti_sysbios_family_arm_lm4_Timer_startupNeeded__C)
                  0000adb4    00000004     tcpEchoCC3100_pem4f.oem4f (.const:ti_sysbios_family_arm_m3_Hwi_E_NMI__C)
                  0000adb8    00000004     tcpEchoCC3100_pem4f.oem4f (.const:ti_sysbios_family_arm_m3_Hwi_E_alreadyDefined__C)
                  0000adbc    00000004     tcpEchoCC3100_pem4f.oem4f (.const:ti_sysbios_family_arm_m3_Hwi_E_busFault__C)
                  0000adc0    00000004     tcpEchoCC3100_pem4f.oem4f (.const:ti_sysbios_family_arm_m3_Hwi_E_debugMon__C)
                  0000adc4    00000004     tcpEchoCC3100_pem4f.oem4f (.const:ti_sysbios_family_arm_m3_Hwi_E_hardFault__C)
                  0000adc8    00000004     tcpEchoCC3100_pem4f.oem4f (.const:ti_sysbios_family_arm_m3_Hwi_E_memFault__C)
                  0000adcc    00000004     tcpEchoCC3100_pem4f.oem4f (.const:ti_sysbios_family_arm_m3_Hwi_E_noIsr__C)
                  0000add0    00000004     tcpEchoCC3100_pem4f.oem4f (.const:ti_sysbios_family_arm_m3_Hwi_E_reserved__C)
                  0000add4    00000004     tcpEchoCC3100_pem4f.oem4f (.const:ti_sysbios_family_arm_m3_Hwi_E_svCall__C)
                  0000add8    00000004     tcpEchoCC3100_pem4f.oem4f (.const:ti_sysbios_family_arm_m3_Hwi_E_usageFault__C)
                  0000addc    00000004     tcpEchoCC3100_pem4f.oem4f (.const:ti_sysbios_family_arm_m3_Hwi_NUM_INTERRUPTS__C)
                  0000ade0    00000004     tcpEchoCC3100_pem4f.oem4f (.const:ti_sysbios_family_arm_m3_Hwi_Object__count__C)
                  0000ade4    00000004     tcpEchoCC3100_pem4f.oem4f (.const:ti_sysbios_family_arm_m3_Hwi_ccr__C)
                  0000ade8    00000004     tcpEchoCC3100_pem4f.oem4f (.const:ti_sysbios_family_arm_m3_Hwi_excHandlerFunc__C)
                  0000adec    00000004     tcpEchoCC3100_pem4f.oem4f (.const:ti_sysbios_family_arm_m3_Hwi_excHookFuncs__C)
                  0000adf0    00000004     tcpEchoCC3100_pem4f.oem4f (.const:ti_sysbios_family_arm_m3_Hwi_nullIsrFunc__C)
                  0000adf4    00000004     tcpEchoCC3100_pem4f.oem4f (.const:ti_sysbios_family_arm_m3_Hwi_priGroup__C)
                  0000adf8    00000004     tcpEchoCC3100_pem4f.oem4f (.const:ti_sysbios_family_arm_m3_TaskSupport_stackAlignment__C)
                  0000adfc    00000004     tcpEchoCC3100_pem4f.oem4f (.const:ti_sysbios_gates_GateMutex_Instance_State_sem__O)
                  0000ae00    00000004     tcpEchoCC3100_pem4f.oem4f (.const:ti_sysbios_hal_Hwi_E_stackOverflow__C)
                  0000ae04    00000004     tcpEchoCC3100_pem4f.oem4f (.const:ti_sysbios_heaps_HeapMem_E_memory__C)
                  0000ae08    00000004     tcpEchoCC3100_pem4f.oem4f (.const:ti_sysbios_heaps_HeapMem_Module__gateObj__C)
                  0000ae0c    00000004     tcpEchoCC3100_pem4f.oem4f (.const:ti_sysbios_heaps_HeapMem_Object__count__C)
                  0000ae10    00000004     tcpEchoCC3100_pem4f.oem4f (.const:ti_sysbios_heaps_HeapMem_reqAlign__C)
                  0000ae14    00000004     tcpEchoCC3100_pem4f.oem4f (.const:ti_sysbios_knl_Clock_Module_State_clockQ__O)
                  0000ae18    00000004     tcpEchoCC3100_pem4f.oem4f (.const:ti_sysbios_knl_Clock_tickPeriod__C)
                  0000ae1c    00000004     tcpEchoCC3100_pem4f.oem4f (.const:ti_sysbios_knl_Idle_funcList__A)
                  0000ae20    00000004     tcpEchoCC3100_pem4f.oem4f (.const:ti_sysbios_knl_Mailbox_Instance_State_dataQue__O)
                  0000ae24    00000004     tcpEchoCC3100_pem4f.oem4f (.const:ti_sysbios_knl_Mailbox_Instance_State_dataSem__O)
                  0000ae28    00000004     tcpEchoCC3100_pem4f.oem4f (.const:ti_sysbios_knl_Mailbox_Instance_State_freeQue__O)
                  0000ae2c    00000004     tcpEchoCC3100_pem4f.oem4f (.const:ti_sysbios_knl_Mailbox_Instance_State_freeSem__O)
                  0000ae30    00000004     tcpEchoCC3100_pem4f.oem4f (.const:ti_sysbios_knl_Mailbox_Object__count__C)
                  0000ae34    00000004     tcpEchoCC3100_pem4f.oem4f (.const:ti_sysbios_knl_Mailbox_maxTypeAlign__C)
                  0000ae38    00000004     tcpEchoCC3100_pem4f.oem4f (.const:ti_sysbios_knl_Semaphore_Instance_State_pendQ__O)
                  0000ae3c    00000004     tcpEchoCC3100_pem4f.oem4f (.const:ti_sysbios_knl_Swi_Object__count__C)
                  0000ae40    00000004     tcpEchoCC3100_pem4f.oem4f (.const:ti_sysbios_knl_Task_E_spOutOfBounds__C)
                  0000ae44    00000004     tcpEchoCC3100_pem4f.oem4f (.const:ti_sysbios_knl_Task_E_stackOverflow__C)
                  0000ae48    00000004     tcpEchoCC3100_pem4f.oem4f (.const:ti_sysbios_knl_Task_Module_State_inactiveQ__O)
                  0000ae4c    00000004     tcpEchoCC3100_pem4f.oem4f (.const:ti_sysbios_knl_Task_Object__count__C)
                  0000ae50    00000004     tcpEchoCC3100_pem4f.oem4f (.const:ti_sysbios_knl_Task_allBlockedFunc__C)
                  0000ae54    00000004     tcpEchoCC3100_pem4f.oem4f (.const:ti_sysbios_knl_Task_defaultStackHeap__C)
                  0000ae58    00000004     tcpEchoCC3100_pem4f.oem4f (.const:ti_sysbios_knl_Task_defaultStackSize__C)
                  0000ae5c    00000004     tcpEchoCC3100_pem4f.oem4f (.const:ti_sysbios_knl_Task_numConstructedTasks__C)
                  0000ae60    00000004     tcpEchoCC3100_pem4f.oem4f (.const:xdc_runtime_Assert_E_assertFailed__C)
                  0000ae64    00000004     tcpEchoCC3100_pem4f.oem4f (.const:xdc_runtime_Core_A_initializedParams__C)
                  0000ae68    00000004     tcpEchoCC3100_pem4f.oem4f (.const:xdc_runtime_Core_Module__diagsEnabled__C)
                  0000ae6c    00000004     tcpEchoCC3100_pem4f.oem4f (.const:xdc_runtime_Core_Module__diagsIncluded__C)
                  0000ae70    00000004     tcpEchoCC3100_pem4f.oem4f (.const:xdc_runtime_Core_Module__diagsMask__C)
                  0000ae74    00000004     tcpEchoCC3100_pem4f.oem4f (.const:xdc_runtime_Error_E_memory__C)
                  0000ae78    00000004     tcpEchoCC3100_pem4f.oem4f (.const:xdc_runtime_Error_Module__diagsEnabled__C)
                  0000ae7c    00000004     tcpEchoCC3100_pem4f.oem4f (.const:xdc_runtime_Error_Module__diagsIncluded__C)
                  0000ae80    00000004     tcpEchoCC3100_pem4f.oem4f (.const:xdc_runtime_Error_Module__diagsMask__C)
                  0000ae84    00000004     tcpEchoCC3100_pem4f.oem4f (.const:xdc_runtime_Error_Module__loggerFxn8__C)
                  0000ae88    00000004     tcpEchoCC3100_pem4f.oem4f (.const:xdc_runtime_Error_Module__loggerObj__C)
                  0000ae8c    00000004     tcpEchoCC3100_pem4f.oem4f (.const:xdc_runtime_Error_policyFxn__C)
                  0000ae90    00000004     tcpEchoCC3100_pem4f.oem4f (.const:xdc_runtime_Error_raiseHook__C)
                  0000ae94    00000004     tcpEchoCC3100_pem4f.oem4f (.const:xdc_runtime_IGateProvider_Interface__BASE__C)
                  0000ae98    00000004     tcpEchoCC3100_pem4f.oem4f (.const:xdc_runtime_IHeap_Interface__BASE__C)
                  0000ae9c    00000004     tcpEchoCC3100_pem4f.oem4f (.const:xdc_runtime_IModule_Interface__BASE__C)
                  0000aea0    00000004     tcpEchoCC3100_pem4f.oem4f (.const:xdc_runtime_Log_L_error__C)
                  0000aea4    00000004     tcpEchoCC3100_pem4f.oem4f (.const:xdc_runtime_Memory_defaultHeapInstance__C)
                  0000aea8    00000004     tcpEchoCC3100_pem4f.oem4f (.const:xdc_runtime_Startup_execImpl__C)
                  0000aeac    00000004     tcpEchoCC3100_pem4f.oem4f (.const:xdc_runtime_Startup_maxPasses__C)
                  0000aeb0    00000004     tcpEchoCC3100_pem4f.oem4f (.const:xdc_runtime_Startup_sfxnRts__C)
                  0000aeb4    00000004     tcpEchoCC3100_pem4f.oem4f (.const:xdc_runtime_Startup_sfxnTab__C)
                  0000aeb8    00000004     tcpEchoCC3100_pem4f.oem4f (.const:xdc_runtime_SysMin_bufSize__C)
                  0000aebc    00000004     tcpEchoCC3100_pem4f.oem4f (.const:xdc_runtime_SysMin_outputFunc__C)
                  0000aec0    00000004     tcpEchoCC3100_pem4f.oem4f (.const:xdc_runtime_System_Module__gateObj__C)
                  0000aec4    00000004     tcpEchoCC3100_pem4f.oem4f (.const:xdc_runtime_System_abortFxn__C)
                  0000aec8    00000004     tcpEchoCC3100_pem4f.oem4f (.const:xdc_runtime_System_exitFxn__C)
                  0000aecc    00000004     tcpEchoCC3100_pem4f.oem4f (.const:xdc_runtime_System_extendFxn__C)
                  0000aed0    00000004     tcpEchoCC3100_pem4f.oem4f (.const:xdc_runtime_System_maxAtexitHandlers__C)
                  0000aed4    00000004     tcpEchoCC3100_pem4f.oem4f (.const:xdc_runtime_Text_charTab__C)
                  0000aed8    00000004     tcpEchoCC3100_pem4f.oem4f (.const:xdc_runtime_Text_nameEmpty__C)
                  0000aedc    00000004     tcpEchoCC3100_pem4f.oem4f (.const:xdc_runtime_Text_nameStatic__C)
                  0000aee0    00000004     tcpEchoCC3100_pem4f.oem4f (.const:xdc_runtime_Text_nameUnknown__C)
                  0000aee4    00000004     tcpEchoCC3100_pem4f.oem4f (.const:xdc_runtime_Text_nodeTab__A)
                  0000aee8    00000004     tcpEchoCC3100_pem4f.oem4f (.const:xdc_runtime_Text_visitRopeFxn__C)
                  0000aeec    00000002     tcpEchoCC3100_pem4f.oem4f (.const:ti_catalog_arm_cortexm4_tiva_ce_Boot_Module__id__C)
                  0000aeee    00000002     tcpEchoCC3100_pem4f.oem4f (.const:ti_sysbios_family_arm_m3_Hwi_Module__id__C)
                  0000aef0    00000002     tcpEchoCC3100_pem4f.oem4f (.const:ti_sysbios_hal_Hwi_Module__id__C)
                  0000aef2    00000002     tcpEchoCC3100_pem4f.oem4f (.const:ti_sysbios_heaps_HeapMem_Module__id__C)
                  0000aef4    00000002     tcpEchoCC3100_pem4f.oem4f (.const:ti_sysbios_knl_Task_Module__id__C)
                  0000aef6    00000002     tcpEchoCC3100_pem4f.oem4f (.const:ti_sysbios_knl_Task_initStackFlag__C)
                  0000aef8    00000002     tcpEchoCC3100_pem4f.oem4f (.const:xdc_runtime_Core_Module__id__C)
                  0000aefa    00000002     tcpEchoCC3100_pem4f.oem4f (.const:xdc_runtime_Error_Module__loggerDefined__C)
                  0000aefc    00000002     tcpEchoCC3100_pem4f.oem4f (.const:xdc_runtime_Error_maxDepth__C)
                  0000aefe    00000002     tcpEchoCC3100_pem4f.oem4f (.const:xdc_runtime_Memory_Module__id__C)
                  0000af00    00000002     tcpEchoCC3100_pem4f.oem4f (.const:xdc_runtime_SysMin_flushAtExit__C)
                  0000af02    00000002     tcpEchoCC3100_pem4f.oem4f (.const:xdc_runtime_Text_charCnt__C)
                  0000af04    00000002     tcpEchoCC3100_pem4f.oem4f (.const:xdc_runtime_Text_isLoaded__C)
                  0000af06    00000002     tcpEchoCC3100_pem4f.oem4f (.const:xdc_runtime_Text_registryModsLastId__C)
                  0000af08    00000002     tcpEchoCC3100_pem4f.oem4f (.const:xdc_runtime_Text_unnamedModsLastId__C)
                  0000af0a    00000001     tcpEchoCC3100_pem4f.oem4f (.const:xdc_runtime_Text_charTab__A)

.cinit     0    0000af10    00000470     
                  0000af10    00000435     (.cinit..data.load) [load image, compression = rle]
                  0000b345    00000003     --HOLE-- [fill = 0]
                  0000b348    0000000c     (__TI_handler_table)
                  0000b354    00000004     --HOLE-- [fill = 0]
                  0000b358    00000008     (.cinit..bss.load) [load image, compression = zero_init]
                  0000b360    00000008     (.cinit..vecs.load) [load image, compression = zero_init]
                  0000b368    00000018     (__TI_cinit_table)

.init_array 
*          0    00000000    00000000     UNINITIALIZED

.vecs      0    20000000    00000360     UNINITIALIZED
                  20000000    00000360     tcpEchoCC3100_pem4f.oem4f (.vecs)

.bss       0    20000400    00003b08     UNINITIALIZED
                  20000400    00001c00     tcpEchoCC3100_pem4f.oem4f (.bss:taskStackSection)
                  20002000    00001400     tcpEchoCC3100_pem4f.oem4f (.bss:ti_sysbios_heaps_HeapMem_Instance_State_0_buf__A)
                  20003400    00000360     tcpEchoCC3100_pem4f.oem4f (.bss:ti_sysbios_family_arm_m3_Hwi_dispatchTable)
                  20003760    00000098     EK_TM4C1294XL.obj (.bss:spiTivaDMAObjects)
                  200037f8    00000008     (.common:errorang)
                  20003800    00000200     EK_TM4C1294XL.obj (.bss:dmaControlTable)
                  20003a00    00000200     tcpEchoCC3100_pem4f.oem4f (.bss:xdc_runtime_SysMin_Module_State_0_outbuf__A)
                  20003c00    00000120     rtsv7M4_T_le_v4SPD16_eabi.lib : trgmsg.obj (.bss:__CIOBUF_)
                  20003d20    00000090     drivers_tivaware.aem4f : GPIOTiva.oem4f (.bss:gpioCallbackInfo)
                  20003db0    00000068     EK_TM4C1294XL.obj (.bss:wiFiCC3100Objects)
                  20003e18    0000001c     (.common:dmaHwiStruct)
                  20003e34    00000004     (.common:SimpleLinkSpawnTaskHndl)
                  20003e38    00000018     (.common:ref)
                  20003e50    00000018     (.common:robot)
                  20003e68    00000010     (.common:datos)
                  20003e78    0000000e     (.common:tcp_msg)
                  20003e86    00000001     (.common:dato_rec)
                  20003e87    00000001     --HOLE--
                  20003e88    00000008     (.common:errorang1)
                  20003e90    00000008     (.common:errorang2)
                  20003e98    00000008     (.common:errorpos)
                  20003ea0    00000008     (.common:errorpos1)
                  20003ea8    00000008     (.common:errorpos2)
                  20003eb0    00000008     (.common:inc_M1)
                  20003eb8    00000008     (.common:inc_M2)
                  20003ec0    00000008     (.common:inc_alpha)
                  20003ec8    00000008     (.common:inc_v)
                  20003ed0    00000008     (.common:parmbuf)
                  20003ed8    00000008     (.common:speedD)
                  20003ee0    00000008     (.common:speedI)
                  20003ee8    00000008     (.common:thetaref)
                  20003ef0    00000004     (.common:bytesRcvd)
                  20003ef4    00000004     (.common:gpioInterruptVectors)
                  20003ef8    00000004     (.common:simpleLink_mailbox)
                  20003efc    00000004     --HOLE--
                  20003f00    00000008     (.common:spiTivaDMAscratchBuf)

.data      0    20003f08    0000076c     UNINITIALIZED
                  20003f08    00000174     tcpEchoCC3100_pem4f.oem4f (.data)
                  2000407c    00000130     tcpEchoCC3100_pem4f.oem4f (.data:ti_sysbios_knl_Task_Object__table__V)
                  200041ac    000000b0     rtsv7M4_T_le_v4SPD16_eabi.lib : signal.obj (.data:sigtable)
                  2000425c    00000004     drivers_tivaware.aem4f : SPI.oem4f (.data)
                  20004260    00000080     rtsv7M4_T_le_v4SPD16_eabi.lib : xvalues.obj (.data)
                  200042e0    00000080     tcpEchoCC3100_pem4f.oem4f (.data:ti_sysbios_knl_Swi_Module_State_0_readyQ__A)
                  20004360    00000068     rtsv7M4_T_le_v4SPD16_eabi.lib : xfvalues.obj (.data)
                  200043c8    00000050     tcpEchoCC3100_pem4f.oem4f (.data:ti_sysbios_knl_Semaphore_Object__table__V)
                  20004418    00000044     tcpEchoCC3100_pem4f.oem4f (.data:ti_sysbios_knl_Task_Module__state__V)
                  2000445c    00000040     tcpEchoCC3100_pem4f.oem4f (.data:ti_sysbios_family_arm_lm4_Timer_Module_State_0_device__A)
                  2000449c    00000040     tcpEchoCC3100_pem4f.oem4f (.data:ti_sysbios_family_arm_lm4_Timer_Object__table__V)
                  200044dc    00000038     tcpEchoCC3100_pem4f.oem4f (.data:ti_sysbios_gates_GateMutex_Object__table__V)
                  20004514    00000034     tcpEchoCC3100_pem4f.oem4f (.data:ti_sysbios_family_arm_m3_Hwi_Module__state__V)
                  20004548    00000031     Control.obj (.data)
                  20004579    00000002     Kinematics.obj (.data)
                  2000457b    00000001     --HOLE--
                  2000457c    00000030     tcpEchoCC3100_pem4f.oem4f (.data:ti_sysbios_knl_Swi_Object__table__V)
                  200045ac    0000002c     tcpEchoCC3100_pem4f.oem4f (.data:ti_sysbios_knl_Clock_Module__state__V)
                  200045d8    00000024     tcpEchoCC3100_pem4f.oem4f (.data:ti_sysbios_BIOS_Module__state__V)
                  200045fc    00000020     EK_TM4C1294XL.obj (.data)
                  2000461c    00000019     wifi_cc3100_tivaware.aem4f : driver.oem4f (.data)
                  20004635    00000003     --HOLE--
                  20004638    00000008     rtsv7M4_T_le_v4SPD16_eabi.lib : _lock.obj (.data)
                  20004640    00000008                                   : exit.obj (.data)
                  20004648    00000008                                   : feraiseexcept.obj (.data)
                  20004650    00000008     sockets.obj (.data)
                  20004658    00000005     drivers_tivaware.aem4f : GPIOTiva.oem4f (.data)
                  2000465d    00000003     --HOLE--
                  20004660    00000004     rtsv7M4_T_le_v4SPD16_eabi.lib : errno.obj (.data)
                  20004664    00000004                                   : stkdepth_vars.obj (.data)
                  20004668    00000004     tcpEchoCC3100.obj (.data)
[...]
0000ad67  xdc_runtime_Error_policy__C                                          
0000ad68  WiFiCC3100_fxnTable                                                  
0000ad80  ti_sysbios_family_arm_m3_Hwi_excHookFuncs__A                         
0000ad88  ti_sysbios_knl_Idle_funcList__C                                      
0000ad90  xdc_runtime_Startup_firstFxns__C                                     
0000ad98  xdc_runtime_Startup_lastFxns__C                                      
0000ada0  ti_catalog_arm_cortexm4_tiva_ce_Boot_Module__diagsIncluded__C        
0000ada4  ti_catalog_arm_cortexm4_tiva_ce_Boot_Module__diagsMask__C            
0000ada8  ti_sysbios_family_arm_lm4_Timer_enableFunc__C                        
0000adac  ti_sysbios_family_arm_lm4_Timer_numTimerDevices__C                   
0000adb0  ti_sysbios_family_arm_lm4_Timer_startupNeeded__C                     
0000adb4  ti_sysbios_family_arm_m3_Hwi_E_NMI__C                                
0000adb8  ti_sysbios_family_arm_m3_Hwi_E_alreadyDefined__C                     
0000adbc  ti_sysbios_family_arm_m3_Hwi_E_busFault__C                           
0000adc0  ti_sysbios_family_arm_m3_Hwi_E_debugMon__C                           
0000adc4  ti_sysbios_family_arm_m3_Hwi_E_hardFault__C                          
0000adc8  ti_sysbios_family_arm_m3_Hwi_E_memFault__C                           
0000adcc  ti_sysbios_family_arm_m3_Hwi_E_noIsr__C                              
0000add0  ti_sysbios_family_arm_m3_Hwi_E_reserved__C                           
0000add4  ti_sysbios_family_arm_m3_Hwi_E_svCall__C                             
0000add8  ti_sysbios_family_arm_m3_Hwi_E_usageFault__C                         
0000addc  ti_sysbios_family_arm_m3_Hwi_NUM_INTERRUPTS__C                       
0000ade0  ti_sysbios_family_arm_m3_Hwi_Object__count__C                        
0000ade4  ti_sysbios_family_arm_m3_Hwi_ccr__C                                  
0000ade8  ti_sysbios_family_arm_m3_Hwi_excHandlerFunc__C                       
0000adec  ti_sysbios_family_arm_m3_Hwi_excHookFuncs__C                         
0000adf0  ti_sysbios_family_arm_m3_Hwi_nullIsrFunc__C                          
0000adf4  ti_sysbios_family_arm_m3_Hwi_priGroup__C                             
0000adf8  ti_sysbios_family_arm_m3_TaskSupport_stackAlignment__C               
0000adfc  ti_sysbios_gates_GateMutex_Instance_State_sem__O                     
0000ae00  ti_sysbios_hal_Hwi_E_stackOverflow__C                                
0000ae04  ti_sysbios_heaps_HeapMem_E_memory__C                                 
0000ae08  ti_sysbios_heaps_HeapMem_Module__gateObj__C                          
0000ae0c  ti_sysbios_heaps_HeapMem_Object__count__C                            
0000ae10  ti_sysbios_heaps_HeapMem_reqAlign__C                                 
0000ae14  ti_sysbios_knl_Clock_Module_State_clockQ__O                          
0000ae18  ti_sysbios_knl_Clock_tickPeriod__C                                   
0000ae1c  ti_sysbios_knl_Idle_funcList__A                                      
0000ae20  ti_sysbios_knl_Mailbox_Instance_State_dataQue__O                     
0000ae24  ti_sysbios_knl_Mailbox_Instance_State_dataSem__O                     
0000ae28  ti_sysbios_knl_Mailbox_Instance_State_freeQue__O                     
0000ae2c  ti_sysbios_knl_Mailbox_Instance_State_freeSem__O                     
0000ae30  ti_sysbios_knl_Mailbox_Object__count__C                              
0000ae34  ti_sysbios_knl_Mailbox_maxTypeAlign__C                               
0000ae38  ti_sysbios_knl_Semaphore_Instance_State_pendQ__O                     
0000ae3c  ti_sysbios_knl_Swi_Object__count__C                                  
0000ae40  ti_sysbios_knl_Task_E_spOutOfBounds__C                               
0000ae44  ti_sysbios_knl_Task_E_stackOverflow__C                               
0000ae48  ti_sysbios_knl_Task_Module_State_inactiveQ__O                        
0000ae4c  ti_sysbios_knl_Task_Object__count__C                                 
0000ae50  ti_sysbios_knl_Task_allBlockedFunc__C                                
0000ae54  ti_sysbios_knl_Task_defaultStackHeap__C                              
0000ae58  ti_sysbios_knl_Task_defaultStackSize__C                              
0000ae5c  ti_sysbios_knl_Task_numConstructedTasks__C                           
0000ae60  xdc_runtime_Assert_E_assertFailed__C                                 
0000ae64  xdc_runtime_Core_A_initializedParams__C                              
0000ae68  xdc_runtime_Core_Module__diagsEnabled__C                             
0000ae6c  xdc_runtime_Core_Module__diagsIncluded__C                            
0000ae70  xdc_runtime_Core_Module__diagsMask__C                                
0000ae74  xdc_runtime_Error_E_memory__C                                        
0000ae78  xdc_runtime_Error_Module__diagsEnabled__C                            
0000ae7c  xdc_runtime_Error_Module__diagsIncluded__C                           
0000ae80  xdc_runtime_Error_Module__diagsMask__C                               
0000ae84  xdc_runtime_Error_Module__loggerFxn8__C                              
0000ae88  xdc_runtime_Error_Module__loggerObj__C                               
0000ae8c  xdc_runtime_Error_policyFxn__C                                       
0000ae90  xdc_runtime_Error_raiseHook__C                                       
0000ae94  xdc_runtime_IGateProvider_Interface__BASE__C                         
0000ae98  xdc_runtime_IHeap_Interface__BASE__C                                 
0000ae9c  xdc_runtime_IModule_Interface__BASE__C                               
0000aea0  xdc_runtime_Log_L_error__C                                           
0000aea4  xdc_runtime_Memory_defaultHeapInstance__C                            
0000aea8  xdc_runtime_Startup_execImpl__C                                      
0000aeac  xdc_runtime_Startup_maxPasses__C                                     
0000aeb0  xdc_runtime_Startup_sfxnRts__C                                       
0000aeb4  xdc_runtime_Startup_sfxnTab__C                                       
0000aeb8  xdc_runtime_SysMin_bufSize__C                                        
0000aebc  xdc_runtime_SysMin_outputFunc__C                                     
0000aec0  xdc_runtime_System_Module__gateObj__C                                
0000aec4  xdc_runtime_System_abortFxn__C                                       
0000aec8  xdc_runtime_System_exitFxn__C                                        
0000aecc  xdc_runtime_System_extendFxn__C                                      
0000aed0  xdc_runtime_System_maxAtexitHandlers__C                              
0000aed4  xdc_runtime_Text_charTab__C                                          
0000aed8  xdc_runtime_Text_nameEmpty__C                                        
0000aedc  xdc_runtime_Text_nameStatic__C                                       
0000aee0  xdc_runtime_Text_nameUnknown__C                                      
0000aee4  xdc_runtime_Text_nodeTab__A                                          
0000aee8  xdc_runtime_Text_visitRopeFxn__C                                     
0000aeec  ti_catalog_arm_cortexm4_tiva_ce_Boot_Module__id__C                   
0000aeee  ti_sysbios_family_arm_m3_Hwi_Module__id__C                           
0000aef0  ti_sysbios_hal_Hwi_Module__id__C                                     
0000aef2  ti_sysbios_heaps_HeapMem_Module__id__C                               
0000aef4  ti_sysbios_knl_Task_Module__id__C                                    
0000aef6  ti_sysbios_knl_Task_initStackFlag__C                                 
0000aef8  xdc_runtime_Core_Module__id__C                                       
0000aefa  xdc_runtime_Error_Module__loggerDefined__C                           
0000aefc  xdc_runtime_Error_maxDepth__C                                        
0000aefe  xdc_runtime_Memory_Module__id__C                                     
0000af00  xdc_runtime_SysMin_flushAtExit__C                                    
0000af02  xdc_runtime_Text_charCnt__C                                          
0000af04  xdc_runtime_Text_isLoaded__C                                         
0000af06  xdc_runtime_Text_registryModsLastId__C                               
0000af08  xdc_runtime_Text_unnamedModsLastId__C                                
0000af0a  xdc_runtime_Text_charTab__A                                          
0000af10  __TI_static_base__                                                   
0000b348  __TI_Handler_Table_Base                                              
0000b354  __TI_Handler_Table_Limit                                             
0000b368  __TI_CINIT_Base                                                      
0000b380  __TI_CINIT_Limit                                                     
20000000  ti_sysbios_family_arm_m3_Hwi_ramVectors                              
20000400  ti_sysbios_knl_Task_Instance_State_0_stack__A                        
20000800  ti_sysbios_knl_Task_Instance_State_1_stack__A                        
20001000  ti_sysbios_knl_Task_Instance_State_2_stack__A                        
20001800  ti_sysbios_knl_Task_Instance_State_3_stack__A                        
20002000  ti_sysbios_heaps_HeapMem_Instance_State_0_buf__A                     
20003400  ti_sysbios_family_arm_m3_Hwi_dispatchTable                           
20003760  spiTivaDMAObjects                                                    
200037f8  errorang                                                             
20003a00  xdc_runtime_SysMin_Module_State_0_outbuf__A                          
20003c00  __CIOBUF_                                                            
20003db0  wiFiCC3100Objects                                                    
20003e34  SimpleLinkSpawnTaskHndl                                              
20003e38  ref                                                                  
20003e50  robot                                                                
20003e68  datos                                                                
20003e78  tcp_msg                                                              
20003e86  dato_rec                                                             
20003e88  errorang1                                                            
20003e90  errorang2                                                            
20003e98  errorpos                                                             
20003ea0  errorpos1                                                            
20003ea8  errorpos2                                                            
20003eb0  inc_M1                                                               
20003eb8  inc_M2                                                               
20003ec0  inc_alpha                                                            
20003ec8  inc_v                                                                
20003ed8  speedD                                                               
20003ee0  speedI                                                               
20003ee8  thetaref                                                             
20003ef0  bytesRcvd                                                            
20003ef8  simpleLink_mailbox                                                   
20003f00  spiTivaDMAscratchBuf                                                 
20003f08  ti_sysbios_family_arm_lm4_Timer_Module__root__V                      
20003f10  ti_sysbios_family_arm_lm4_Timer_Module_State_0_handles__A            
20003f30  ti_sysbios_family_arm_lm4_Timer_Module__state__V                     
20003f3c  ti_sysbios_family_arm_m3_Hwi_Module__root__V                         
20003f44  ti_sysbios_family_arm_m3_Hwi_Object__table__V                        
20003f5c  ti_sysbios_family_arm_m3_Hwi_Module_State_0_excActive__A             
20003f60  ti_sysbios_family_arm_m3_Hwi_Module_State_0_excContext__A            
20003f64  ti_sysbios_family_arm_m3_Hwi_Module_State_0_excStack__A              
20003f68  ti_sysbios_gates_GateHwi_Module__root__V                             
20003f70  ti_sysbios_gates_GateHwi_Object__table__V                            
20003f74  ti_sysbios_gates_GateMutex_Module__root__V                           
20003f7c  ti_sysbios_hal_Hwi_Module__root__V                                   
20003f84  ti_sysbios_heaps_HeapMem_Module__root__V                             
20003f8c  ti_sysbios_heaps_HeapMem_Object__table__V                            
20003fa4  ti_sysbios_knl_Clock_Module__root__V                                 
20003fac  ti_sysbios_knl_Clock_Object__table__V                                
20003fcc  ti_sysbios_knl_Event_Module__root__V                                 
20003fd4  ti_sysbios_knl_Mailbox_Module__root__V                               
20003fdc  ti_sysbios_knl_Queue_Module__root__V                                 
20003fe4  ti_sysbios_knl_Semaphore_Module__root__V                             
20003fec  ti_sysbios_knl_Swi_Module__root__V                                   
20003ff4  ti_sysbios_knl_Swi_Module__state__V                                  
20004010  ti_sysbios_knl_Task_Module__root__V                                  
20004018  ti_sysbios_knl_Task_Module_State_0_readyQ__A                         
20004038  ti_sysbios_knl_Task_Module_State_0_idleTask__A                       
2000403c  xdc_runtime_Error_Module__state__V                                   
2000403e  xdc_runtime_Main_Module__root__V                                     
20004040  xdc_runtime_Memory_Module__state__V                                  
20004044  xdc_runtime_Registry_Module__state__V                                
2000404c  xdc_runtime_Startup_Module__state__V                                 
20004054  xdc_runtime_SysMin_Module__state__V                                  
20004060  xdc_runtime_System_Module_State_0_atexitHandlers__A                  
20004068  xdc_runtime_System_Module__state__V                                  
20004070  xdc_runtime_Text_Module__state__V                                    
20004078  __xdc__init__addr                                                    
2000407c  ti_sysbios_knl_Task_Object__table__V                                 
20004160  TSK_idle                                                             
20004260  _Denorm                                                              
20004270  _Eps                                                                 
20004280  _Hugeval                                                             
20004290  _Inf                                                                 
200042a0  _Nan                                                                 
200042b0  _Snan                                                                
200042c0  _Rteps                                                               
200042d0  _Xbig                                                                
200042d8  _Zero                                                                
200042e0  ti_sysbios_knl_Swi_Module_State_0_readyQ__A                          
20004360  _FDenorm                                                             
20004370  _FEps                                                                
20004380  _FInf                                                                
20004390  _FNan                                                                
200043a0  _FSnan                                                               
200043b0  _FRteps                                                              
200043c0  _FXbig                                                               
200043c4  _FZero                                                               
200043c8  ti_sysbios_knl_Semaphore_Object__table__V                            
20004418  ti_sysbios_knl_Task_Module__state__V                                 
2000445c  ti_sysbios_family_arm_lm4_Timer_Module_State_0_device__A             
2000449c  ti_sysbios_family_arm_lm4_Timer_Object__table__V                     
200044dc  ti_sysbios_gates_GateMutex_Object__table__V                          
20004514  ti_sysbios_family_arm_m3_Hwi_Module__state__V                        
20004548  M1_TOn                                                               
2000454c  M2_TOn                                                               
20004550  M3_TOn                                                               
20004558  speedD1                                                              
20004560  speedI1                                                              
20004568  speedD2                                                              
20004570  speedI2                                                              
20004578  controlON                                                            
20004579  mandoON                                                              
2000457a  actualiza_ref                                                        
2000457c  ti_sysbios_knl_Swi_Object__table__V                                  
200045ac  ti_sysbios_knl_Clock_Module__state__V                                
200045d8  ti_sysbios_BIOS_Module__state__V                                     
200045fd  macAddress                                                           
20004604  gpioPinConfigs                                                       
20004614  gpioCallbackFunctions                                                
2000461c  g_H2NSyncPattern                                                     
20004624  g_H2NCnysPattern                                                     
2000462c  g_pCB                                                                
20004630  pPingCallBackFunc                                                    
20004634  gFirstCmdMode                                                        
20004638  _lock                                                                
2000463c  _unlock                                                              
20004640  __TI_cleanup_ptr                                                     
20004644  __TI_dtors_ptr                                                       
20004648  _Fenv                                                                
2000464c  _Tls_setup__Fenv                                                     
20004650  deviceConnected                                                      
20004651  ipAcquired                                                           
20004654  g_Status                                                             
20004660  _Errno                                                               
20004664  main_func_sp                                                         
20004668  WifiON                                                               
20004674  __stack                                                              
20004874  __STACK_TOP                                                          
20004a74  __STACK_END                                                          
e000e000  ti_sysbios_family_arm_m3_Hwi_nvic                                    
ffffffff  __binit__                                                            
ffffffff  __c_args__                                                           
ffffffff  binit                                                                
UNDEFED   SHT$$INIT_ARRAY$$Base                                                
UNDEFED   SHT$$INIT_ARRAY$$Limit                                               

[832 symbols]
